###############################################################
#  Generated by:      Cadence Innovus 21.19-s058_1
#  OS:                Linux x86_64(Host ID c2s3.gectcr.ac.in)
#  Generated on:      Tue May 12 11:49:33 2026
#  Design:            top_dht11_ascon_uart
#  Command:           verify_connectivity -report /home/user1/testpro/ascoo_wc/reports/innovus/connectivity.rpt
###############################################################
Verify Connectivity Report is created on Tue May 12 11:49:33 2026



Net VDD: has special routes with opens at (17.000, 17.000) (238.400, 277.400)
Net VDD: has special routes with opens at (17.000, 52.460) (238.400, 54.850)
Net VDD: has special routes with opens at (17.000, 66.750) (238.400, 69.140)
Net VDD: has special routes with opens at (17.000, 81.260) (238.400, 83.540)
Net VDD: has special routes with opens at (17.000, 172.460) (238.400, 174.850)
Net VDD: has special routes with opens at (17.000, 186.750) (238.400, 189.140)
Net VDD: has special routes with opens at (17.000, 201.260) (238.400, 203.540)
Net VDD: dangling Wire at (238.400, 39.600) (238.400, 39.600) on layer: ME1
Net VDD: dangling Wire at (238.400, 54.600) (238.400, 54.600) on layer: ME1
Net VDD: dangling Wire at (238.400, 67.000) (238.400, 67.000) on layer: ME1
Net VDD: dangling Wire at (238.400, 82.000) (238.400, 82.000) on layer: ME1
Net VDD: dangling Wire at (238.400, 159.600) (238.400, 159.600) on layer: ME1
Net VDD: dangling Wire at (238.400, 174.600) (238.400, 174.600) on layer: ME1
Net VDD: dangling Wire at (238.400, 187.000) (238.400, 187.000) on layer: ME1
Net VDD: dangling Wire at (238.400, 202.000) (238.400, 202.000) on layer: ME1
Net VDD: dangling Wire at (17.000, 159.600) (17.000, 159.600) on layer: ME1
Net VDD: dangling Wire at (17.000, 174.600) (17.000, 174.600) on layer: ME1
Net VDD: dangling Wire at (17.000, 187.000) (17.000, 187.000) on layer: ME1
Net VDD: dangling Wire at (17.000, 202.000) (17.000, 202.000) on layer: ME1
Net VDD: dangling Wire at (17.000, 54.600) (17.000, 54.600) on layer: ME1
Net VDD: dangling Wire at (17.000, 67.000) (17.000, 67.000) on layer: ME1
Net VDD: dangling Wire at (17.000, 82.000) (17.000, 82.000) on layer: ME1
Net VDD: dangling Wire at (17.000, 39.600) (17.000, 39.600) on layer: ME1
Net VDD: dangling Wire at (236.140, 20.000) (236.140, 20.000) on layer: ME1
Net VDD: dangling Wire at (236.140, 140.000) (236.140, 140.000) on layer: ME1
Net VDD: dangling Wire at (236.140, 260.000) (236.140, 260.000) on layer: ME1
Net VDD: dangling Wire at (235.400, 24.800) (235.400, 24.800) on layer: ME1
Net VDD: dangling Wire at (235.400, 29.600) (235.400, 29.600) on layer: ME1
Net VDD: dangling Wire at (235.400, 34.400) (235.400, 34.400) on layer: ME1
Net VDD: dangling Wire at (235.400, 44.000) (235.400, 44.000) on layer: ME1
Net VDD: dangling Wire at (235.400, 48.800) (235.400, 48.800) on layer: ME1
Net VDD: dangling Wire at (235.400, 58.400) (235.400, 58.400) on layer: ME1
Net VDD: dangling Wire at (235.400, 63.200) (235.400, 63.200) on layer: ME1
Net VDD: dangling Wire at (235.400, 72.800) (235.400, 72.800) on layer: ME1
Net VDD: dangling Wire at (235.400, 77.600) (235.400, 77.600) on layer: ME1
Net VDD: dangling Wire at (235.400, 87.200) (235.400, 87.200) on layer: ME1
Net VDD: dangling Wire at (235.400, 92.000) (235.400, 92.000) on layer: ME1
Net VDD: dangling Wire at (235.400, 101.600) (235.400, 101.600) on layer: ME1
Net VDD: dangling Wire at (235.400, 106.400) (235.400, 106.400) on layer: ME1
Net VDD: dangling Wire at (235.400, 111.200) (235.400, 111.200) on layer: ME1
Net VDD: dangling Wire at (235.400, 116.000) (235.400, 116.000) on layer: ME1
Net VDD: dangling Wire at (235.400, 120.800) (235.400, 120.800) on layer: ME1
Net VDD: dangling Wire at (235.400, 125.600) (235.400, 125.600) on layer: ME1
Net VDD: dangling Wire at (235.400, 130.400) (235.400, 130.400) on layer: ME1
Net VDD: dangling Wire at (235.400, 135.200) (235.400, 135.200) on layer: ME1
Net VDD: dangling Wire at (235.400, 144.800) (235.400, 144.800) on layer: ME1
Net VDD: dangling Wire at (235.400, 149.600) (235.400, 149.600) on layer: ME1
Net VDD: dangling Wire at (235.400, 154.400) (235.400, 154.400) on layer: ME1
Net VDD: dangling Wire at (235.400, 164.000) (235.400, 164.000) on layer: ME1
Net VDD: dangling Wire at (235.400, 168.800) (235.400, 168.800) on layer: ME1
Net VDD: dangling Wire at (235.400, 178.400) (235.400, 178.400) on layer: ME1
Net VDD: dangling Wire at (235.400, 183.200) (235.400, 183.200) on layer: ME1
Net VDD: dangling Wire at (235.400, 192.800) (235.400, 192.800) on layer: ME1
Net VDD: dangling Wire at (235.400, 197.600) (235.400, 197.600) on layer: ME1
Net VDD: dangling Wire at (235.400, 207.200) (235.400, 207.200) on layer: ME1
Net VDD: dangling Wire at (235.400, 212.000) (235.400, 212.000) on layer: ME1
Net VDD: dangling Wire at (235.400, 221.600) (235.400, 221.600) on layer: ME1
Net VDD: dangling Wire at (235.400, 226.400) (235.400, 226.400) on layer: ME1
Net VDD: dangling Wire at (235.400, 231.200) (235.400, 231.200) on layer: ME1
Net VDD: dangling Wire at (235.400, 236.000) (235.400, 236.000) on layer: ME1
Net VDD: dangling Wire at (235.400, 240.800) (235.400, 240.800) on layer: ME1
Net VDD: dangling Wire at (235.400, 245.600) (235.400, 245.600) on layer: ME1
Net VDD: dangling Wire at (235.400, 250.400) (235.400, 250.400) on layer: ME1
Net VDD: dangling Wire at (235.400, 255.200) (235.400, 255.200) on layer: ME1
Net VDD: dangling Wire at (235.400, 264.800) (235.400, 264.800) on layer: ME1
Net VDD: dangling Wire at (235.400, 269.600) (235.400, 269.600) on layer: ME1
Net VDD: dangling Wire at (235.400, 274.400) (235.400, 274.400) on layer: ME1
Net VDD: dangling Wire at (235.140, 260.750) (235.140, 260.750) on layer: ME4
Net VDD: dangling Wire at (235.140, 140.750) (235.140, 140.750) on layer: ME4
Net VDD: dangling Wire at (235.140, 20.750) (235.140, 20.750) on layer: ME4

Begin Summary
    7 Problem(s) (IMPVFC-200): Special Wires: Pieces of the net are not connected together.
    63 Problem(s) (IMPVFC-94): The net has dangling wire(s).
    70 total info(s) created.
End Summary
