###############################################################
#  Generated by:      Cadence Innovus 21.19-s058_1
#  OS:                Linux x86_64(Host ID c2s3.gectcr.ac.in)
#  Generated on:      Tue May 12 11:49:31 2026
#  Design:            top_dht11_ascon_uart
#  Command:           report_timing > $REPORT_DIR/timing.rpt
###############################################################
Path 1: MET Setup Check with Pin nonce_counter_reg[127]/CK 
Endpoint:   nonce_counter_reg[127]/D (v) checked with  leading edge of 'clk'
Beginpoint: nonce_counter_reg[4]/Q   (^) triggered by  leading edge of 'clk'
Path Groups: {clk}
Analysis View: av_wc
Other End Arrival Time          0.000
- Setup                         0.012
+ Phase Shift                  10.000
= Required Time                 9.988
- Arrival Time                  9.980
= Slack Time                    0.007
     Clock Rise Edge                 0.000
     + Clock Network Latency (Ideal) 0.000
     = Beginpoint Arrival Time       0.000
     +--------------------------------------------------------------------------------+ 
     |        Instance        |     Arc     |    Cell    | Delay | Arrival | Required | 
     |                        |             |            |       |  Time   |   Time   | 
     |------------------------+-------------+------------+-------+---------+----------| 
     | nonce_counter_reg[4]   | CK ^        |            |       |   0.000 |    0.007 | 
     | nonce_counter_reg[4]   | CK ^ -> Q ^ | DFQRM2TP   | 0.242 |   0.242 |    0.250 | 
     | add_131_40_g1741       | A ^ -> Z v  | CKND2M2TP  | 0.110 |   0.352 |    0.360 | 
     | add_131_40_g1739       | B v -> Z ^  | NR2B1M4TP  | 0.072 |   0.424 |    0.432 | 
     | add_131_40_g1737       | A ^ -> Z ^  | AN2M2TP    | 0.110 |   0.534 |    0.541 | 
     | add_131_40_g1735       | A ^ -> Z ^  | AN2M2TP    | 0.105 |   0.639 |    0.646 | 
     | add_131_40_g1733       | A ^ -> Z ^  | AN2M2TP    | 0.109 |   0.748 |    0.756 | 
     | add_131_40_g1731       | A ^ -> Z v  | CKND2M2TP  | 0.072 |   0.820 |    0.828 | 
     | add_131_40_g1728       | B v -> Z ^  | NR2B1M4TP  | 0.070 |   0.890 |    0.898 | 
     | add_131_40_g1726       | A ^ -> Z ^  | AN2M2TP    | 0.115 |   1.005 |    1.012 | 
     | add_131_40_g1724       | A ^ -> Z v  | CKND2M2TP  | 0.074 |   1.079 |    1.086 | 
     | add_131_40_g1721       | B v -> Z ^  | NR2B1M4TP  | 0.073 |   1.151 |    1.159 | 
     | add_131_40_g1719       | A ^ -> Z ^  | AN2M2TP    | 0.112 |   1.264 |    1.271 | 
     | add_131_40_g1717       | A ^ -> Z v  | CKND2M2TP  | 0.072 |   1.336 |    1.343 | 
     | add_131_40_g1714       | B v -> Z ^  | NR2B1M4TP  | 0.074 |   1.410 |    1.417 | 
     | add_131_40_g1712       | A ^ -> Z ^  | AN2M2TP    | 0.115 |   1.524 |    1.532 | 
     | add_131_40_g1710       | A ^ -> Z v  | CKND2M2TP  | 0.072 |   1.597 |    1.604 | 
     | add_131_40_g1707       | B v -> Z ^  | NR2B1M4TP  | 0.075 |   1.672 |    1.679 | 
     | add_131_40_g1705       | A ^ -> Z ^  | AN2M4TP    | 0.091 |   1.762 |    1.770 | 
     | add_131_40_g1703       | A ^ -> Z v  | CKND2M2TP  | 0.066 |   1.828 |    1.836 | 
     | add_131_40_g1700       | B v -> Z ^  | NR2B1M4TP  | 0.077 |   1.906 |    1.913 | 
     | add_131_40_g1698       | A ^ -> Z ^  | AN2M4TP    | 0.096 |   2.002 |    2.009 | 
     | add_131_40_g1696       | A ^ -> Z v  | CKND2M4TP  | 0.049 |   2.050 |    2.057 | 
     | add_131_40_g1693       | B v -> Z ^  | NR2B1M4TP  | 0.071 |   2.121 |    2.128 | 
     | add_131_40_g1691       | A ^ -> Z ^  | AN2M4TP    | 0.089 |   2.210 |    2.217 | 
     | add_131_40_g1689       | A ^ -> Z ^  | AN2M4TP    | 0.085 |   2.295 |    2.302 | 
     | add_131_40_g1687       | A ^ -> Z v  | CKND2M4TP  | 0.048 |   2.343 |    2.350 | 
     | add_131_40_g1684       | B v -> Z ^  | NR2B1M4TP  | 0.068 |   2.411 |    2.418 | 
     | add_131_40_g1682       | A ^ -> Z ^  | AN2M4TP    | 0.093 |   2.504 |    2.511 | 
     | add_131_40_g1680       | A ^ -> Z v  | CKND2M4TP  | 0.048 |   2.551 |    2.559 | 
     | add_131_40_g1677       | B v -> Z ^  | NR2B1M4TP  | 0.069 |   2.620 |    2.628 | 
     | add_131_40_g1675       | A ^ -> Z ^  | AN2M4TP    | 0.093 |   2.713 |    2.721 | 
     | add_131_40_g1673       | A ^ -> Z v  | ND2M3TP    | 0.053 |   2.766 |    2.773 | 
     | add_131_40_g1670       | B v -> Z ^  | NR2B1M4TP  | 0.070 |   2.836 |    2.843 | 
     | add_131_40_g1668       | A ^ -> Z ^  | AN2M4TP    | 0.094 |   2.930 |    2.937 | 
     | add_131_40_g1666       | A ^ -> Z v  | ND2M3TP    | 0.051 |   2.981 |    2.988 | 
     | add_131_40_g1663       | B v -> Z ^  | NR2B1M4TP  | 0.073 |   3.054 |    3.061 | 
     | add_131_40_g1661       | A ^ -> Z ^  | AN2M4TP    | 0.094 |   3.148 |    3.155 | 
     | add_131_40_g1659       | A ^ -> Z v  | CKND2M4TP  | 0.048 |   3.196 |    3.203 | 
     | add_131_40_g1656       | B v -> Z ^  | NR2B1M4TP  | 0.066 |   3.262 |    3.269 | 
     | add_131_40_g1654       | A ^ -> Z ^  | AN2M4TP    | 0.093 |   3.355 |    3.362 | 
     | add_131_40_g1652       | A ^ -> Z v  | CKND2M4TP  | 0.049 |   3.404 |    3.411 | 
     | add_131_40_g1649       | B v -> Z ^  | NR2B1M4TP  | 0.069 |   3.473 |    3.481 | 
     | add_131_40_g1647       | A ^ -> Z ^  | AN2M4TP    | 0.093 |   3.566 |    3.573 | 
     | add_131_40_g1645       | A ^ -> Z v  | CKND2M4TP  | 0.049 |   3.615 |    3.622 | 
     | add_131_40_g1642       | B v -> Z ^  | NR2B1M4TP  | 0.073 |   3.688 |    3.695 | 
     | add_131_40_g1640       | A ^ -> Z ^  | AN2M4TP    | 0.090 |   3.778 |    3.786 | 
     | add_131_40_g1638       | A ^ -> Z ^  | AN2M4TP    | 0.086 |   3.865 |    3.872 | 
     | add_131_40_g1636       | A ^ -> Z v  | CKND2M4TP  | 0.048 |   3.912 |    3.920 | 
     | add_131_40_g1633       | B v -> Z ^  | NR2B1M4TP  | 0.076 |   3.989 |    3.996 | 
     | g76858                 | A ^ -> CO ^ | ADHM4TP    | 0.093 |   4.081 |    4.089 | 
     | add_131_40_g1629       | A ^ -> Z v  | ND2M3TP    | 0.051 |   4.133 |    4.140 | 
     | add_131_40_g1626       | B v -> Z ^  | NR2B1M4TP  | 0.079 |   4.212 |    4.219 | 
     | g76857                 | A ^ -> CO ^ | ADHM4TP    | 0.094 |   4.305 |    4.313 | 
     | add_131_40_g1622       | A ^ -> Z v  | ND2M3TP    | 0.048 |   4.353 |    4.361 | 
     | add_131_40_g1619       | B v -> Z ^  | NR2B1M4TP  | 0.078 |   4.431 |    4.439 | 
     | g76856                 | A ^ -> CO ^ | ADHM4TP    | 0.095 |   4.527 |    4.534 | 
     | add_131_40_g1615       | A ^ -> Z v  | ND2M3TP    | 0.051 |   4.578 |    4.585 | 
     | add_131_40_g1612       | B v -> Z ^  | NR2B1M4TP  | 0.081 |   4.658 |    4.666 | 
     | g76855                 | A ^ -> CO ^ | ADHM4TP    | 0.100 |   4.758 |    4.765 | 
     | add_131_40_g1608       | A ^ -> Z v  | ND2M5TP    | 0.077 |   4.835 |    4.842 | 
     | add_131_40_g1605       | B v -> Z ^  | NR2B1M6TP  | 0.086 |   4.920 |    4.928 | 
     | g76854                 | A ^ -> CO ^ | ADHM4TP    | 0.093 |   5.013 |    5.020 | 
     | add_131_40_g1601       | A ^ -> Z v  | ND2M3TP    | 0.047 |   5.060 |    5.067 | 
     | add_131_40_g1598       | B v -> Z ^  | NR2B1M4TP  | 0.077 |   5.137 |    5.144 | 
     | g76853                 | A ^ -> CO ^ | ADHM4TP    | 0.094 |   5.231 |    5.238 | 
     | g76852                 | A ^ -> CO ^ | ADHM4TP    | 0.084 |   5.315 |    5.322 | 
     | add_131_40_g1592       | A ^ -> Z v  | ND2M3TP    | 0.050 |   5.365 |    5.373 | 
     | add_131_40_g1589       | B v -> Z ^  | NR2B1M4TP  | 0.079 |   5.444 |    5.451 | 
     | g76851                 | A ^ -> CO ^ | ADHM4TP    | 0.094 |   5.538 |    5.545 | 
     | add_131_40_g1585       | A ^ -> Z v  | ND2M3TP    | 0.048 |   5.586 |    5.593 | 
     | add_131_40_g1582       | B v -> Z ^  | NR2B1M4TP  | 0.077 |   5.663 |    5.670 | 
     | g76850                 | A ^ -> CO ^ | ADHM4TP    | 0.093 |   5.755 |    5.763 | 
     | add_131_40_g1578       | A ^ -> Z v  | ND2M3TP    | 0.047 |   5.803 |    5.810 | 
     | add_131_40_g1575       | B v -> Z ^  | NR2B1M4TP  | 0.076 |   5.879 |    5.886 | 
     | g76849                 | A ^ -> CO ^ | ADHM4TP    | 0.093 |   5.972 |    5.980 | 
     | add_131_40_g1571       | A ^ -> Z v  | CKND2M4TP  | 0.046 |   6.019 |    6.026 | 
     | add_131_40_g1568       | B v -> Z ^  | NR2B1M4TP  | 0.077 |   6.096 |    6.103 | 
     | g76848                 | A ^ -> CO ^ | ADHM4TP    | 0.092 |   6.188 |    6.195 | 
     | add_131_40_g1564       | A ^ -> Z v  | ND2M3TP    | 0.048 |   6.236 |    6.243 | 
     | add_131_40_g1561       | B v -> Z ^  | NR2B1M4TP  | 0.077 |   6.313 |    6.321 | 
     | g76847                 | A ^ -> CO ^ | ADHM4TP    | 0.094 |   6.407 |    6.414 | 
     | add_131_40_g1557       | A ^ -> Z v  | ND2M3TP    | 0.048 |   6.455 |    6.462 | 
     | add_131_40_g1554       | B v -> Z ^  | NR2B1M4TP  | 0.079 |   6.534 |    6.542 | 
     | g76846                 | A ^ -> CO ^ | ADHM4TP    | 0.095 |   6.629 |    6.637 | 
     | add_131_40_g1550       | A ^ -> Z v  | ND2M3TP    | 0.050 |   6.680 |    6.687 | 
     | add_131_40_g1547       | B v -> Z ^  | NR2B1M4TP  | 0.079 |   6.759 |    6.766 | 
     | g76845                 | A ^ -> CO ^ | ADHM4TP    | 0.094 |   6.852 |    6.860 | 
     | g76844                 | A ^ -> CO ^ | ADHM4TP    | 0.083 |   6.936 |    6.943 | 
     | add_131_40_g1541       | A ^ -> Z v  | ND2M3TP    | 0.049 |   6.985 |    6.992 | 
     | add_131_40_g1538       | B v -> Z ^  | NR2B1M4TP  | 0.076 |   7.060 |    7.067 | 
     | g76843                 | A ^ -> CO ^ | ADHM4TP    | 0.092 |   7.152 |    7.159 | 
     | add_131_40_g1534       | A ^ -> Z v  | ND2M3TP    | 0.047 |   7.199 |    7.206 | 
     | add_131_40_g1531       | B v -> Z ^  | NR2B1M4TP  | 0.077 |   7.275 |    7.283 | 
     | g76842                 | A ^ -> CO ^ | ADHM4TP    | 0.093 |   7.368 |    7.376 | 
     | add_131_40_g1527       | A ^ -> Z v  | ND2M3TP    | 0.047 |   7.416 |    7.423 | 
     | add_131_40_g1524       | B v -> Z ^  | NR2B1M4TP  | 0.075 |   7.491 |    7.498 | 
     | g76841                 | A ^ -> CO ^ | ADHM4TP    | 0.091 |   7.582 |    7.590 | 
     | add_131_40_g1520       | A ^ -> Z v  | ND2M3TP    | 0.049 |   7.632 |    7.639 | 
     | add_131_40_g1517       | B v -> Z ^  | NR2B1M4TP  | 0.077 |   7.708 |    7.716 | 
     | g76840                 | A ^ -> CO ^ | ADHM4TP    | 0.093 |   7.801 |    7.809 | 
     | add_131_40_g1513       | A ^ -> Z v  | ND2M3TP    | 0.047 |   7.849 |    7.856 | 
     | add_131_40_g1510       | B v -> Z ^  | NR2B1M4TP  | 0.073 |   7.922 |    7.929 | 
     | g76839                 | A ^ -> CO ^ | ADHM4TP    | 0.092 |   8.014 |    8.021 | 
     | add_131_40_g1506       | A ^ -> Z v  | ND2M3TP    | 0.047 |   8.061 |    8.068 | 
     | add_131_40_g1503       | B v -> Z ^  | NR2B1M4TP  | 0.068 |   8.129 |    8.136 | 
     | g76838                 | A ^ -> CO ^ | ADHM2TP    | 0.114 |   8.243 |    8.250 | 
     | g76837                 | A ^ -> CO ^ | ADHM4TP    | 0.089 |   8.332 |    8.339 | 
     | add_131_40_g1497       | A ^ -> Z v  | ND2M3TP    | 0.047 |   8.379 |    8.386 | 
     | add_131_40_g1494       | B v -> Z ^  | NR2B1M4TP  | 0.065 |   8.444 |    8.452 | 
     | g76836                 | A ^ -> CO ^ | ADHM2TP    | 0.111 |   8.555 |    8.562 | 
     | add_131_40_g1490       | A ^ -> Z v  | ND2M3TP    | 0.055 |   8.610 |    8.617 | 
     | add_131_40_g1487       | B v -> Z ^  | NR2B1M4TP  | 0.065 |   8.674 |    8.682 | 
     | g76835                 | A ^ -> CO ^ | ADHM2TP    | 0.101 |   8.775 |    8.782 | 
     | g76834                 | A ^ -> CO ^ | ADHM2TP    | 0.102 |   8.877 |    8.884 | 
     | add_131_40_g1481       | A ^ -> Z ^  | AN2M4TP    | 0.086 |   8.963 |    8.970 | 
     | add_131_40_g1479       | A ^ -> Z ^  | AN2M4TP    | 0.079 |   9.042 |    9.049 | 
     | add_131_40_g1477       | A ^ -> Z ^  | AN2M4TP    | 0.078 |   9.120 |    9.128 | 
     | add_131_40_g1475       | A ^ -> Z ^  | AN2M4TP    | 0.079 |   9.200 |    9.207 | 
     | add_131_40_g1473       | A ^ -> CO ^ | ADHM2TP    | 0.094 |   9.294 |    9.301 | 
     | add_131_40_g1472       | A ^ -> CO ^ | ADHM2TP    | 0.102 |   9.395 |    9.403 | 
     | add_131_40_g1471       | A ^ -> CO ^ | ADHM2TP    | 0.099 |   9.495 |    9.502 | 
     | add_131_40_g1470       | A ^ -> CO ^ | ADHM2TP    | 0.105 |   9.600 |    9.608 | 
     | add_131_40_g1469       | A ^ -> Z v  | CKND2M2TP  | 0.064 |   9.664 |    9.671 | 
     | add_131_40_g1467       | B1 v -> Z v | MOAI22M2TP | 0.143 |   9.807 |    9.814 | 
     | g76762                 | A2 v -> Z v | AO22M2TP   | 0.174 |   9.980 |    9.988 | 
     | nonce_counter_reg[127] | D v         | DFQRM1TP   | 0.000 |   9.980 |    9.988 | 
     +--------------------------------------------------------------------------------+ 

