============================================================
  Generated by:           Genus(TM) Synthesis Solution 21.19-s055_1
  Generated on:           Apr 21 2026  03:47:32 pm
  Module:                 top_dht11_ascon_uart
  Technology library:     u055lsclpmvbpr_108c125_wc 
  Operating conditions:   u055lsclpmvbpr_108c125_wc (balanced_tree)
  Wireload mode:          top
  Area mode:              timing library
============================================================

      Instance              Module         Cell Count  Cell Area  Net Area   Total Area  Wireload  
---------------------------------------------------------------------------------------------------
top_dht11_ascon_uart                             7157  38345.760     0.000    38345.760   wl0 (D)  
  DEC                ascon128a_aead_dec          2870  13054.560     0.000    13054.560   wl0 (T)  
    P                ascon_perm_109              1371   5301.120     0.000     5301.120   wl0 (T)  
  DHT                dht11_timing_correct         286   1990.080     0.000     1990.080   wl0 (T)  
  ENC                ascon128a_aead              2950  15711.360     0.000    15711.360   wl0 (T)  
    P                ascon_perm                  1362   5298.240     0.000     5298.240   wl0 (T)  
  UART               uart_tx_icg                  118    675.360     0.000      675.360   wl0 (T)  
  (D) = wireload is default in technology library
  (T) = wireload mode is 'top'
