============================================================
  Generated by:           Genus(TM) Synthesis Solution 21.19-s055_1
  Generated on:           Apr 21 2026  03:47:32 pm
  Module:                 top_dht11_ascon_uart
  Operating conditions:   u055lsclpmvbpr_108c125_wc (balanced_tree)
  Wireload mode:          top
  Area mode:              timing library
============================================================


Path 1: MET (6 ps) Setup Check with Pin nonce_counter_reg[127]/CK->D
          Group: clk
     Startpoint: (R) nonce_counter_reg[4]/CK
          Clock: (R) clk
       Endpoint: (F) nonce_counter_reg[127]/D
          Clock: (R) clk

                     Capture       Launch     
        Clock Edge:+   10000            0     
       Src Latency:+       0            0     
       Net Latency:+       0 (I)        0 (I) 
           Arrival:=   10000            0     
                                              
             Setup:-      26                  
     Required Time:=    9974                  
      Launch Clock:-       0                  
         Data Path:-    9967                  
             Slack:=       6                  

#--------------------------------------------------------------------------------------------------
#      Timing Point        Flags   Arc   Edge    Cell     Fanout Load Trans Delay Arrival Instance 
#                                                                (fF)  (ps)  (ps)   (ps)  Location 
#--------------------------------------------------------------------------------------------------
  nonce_counter_reg[4]/CK  -       -     R     (arrival)    1457    -     0     0       0    (-,-) 
  nonce_counter_reg[4]/Q   -       CK->Q R     DFQRM2TP        6  7.9    89   196     196    (-,-) 
  add_131_40_g1741/Z       -       A->Z  F     ND2M2TP         3  4.7    68    68     263    (-,-) 
  add_131_40_g1739/Z       -       B->Z  R     NR2B1M2TP       3  3.9   106    86     350    (-,-) 
  add_131_40_g1737/Z       -       A->Z  R     AN2M2TP         3  4.2    65   123     473    (-,-) 
  add_131_40_g1735/Z       -       A->Z  R     AN2M4TP         3  4.2    40    87     560    (-,-) 
  add_131_40_g1733/Z       -       A->Z  R     AN2M4TP         3  4.7    42    79     639    (-,-) 
  add_131_40_g1731/Z       -       A->Z  F     ND2M2TP         3  5.9    75    59     698    (-,-) 
  add_131_40_g1728/Z       -       B->Z  R     NR2B1M4TP       3  4.4    70    66     764    (-,-) 
  add_131_40_g1726/Z       -       A->Z  R     AN2M4TP         3  4.7    42    90     854    (-,-) 
  add_131_40_g1724/Z       -       A->Z  F     ND2M2TP         3  5.9    74    59     913    (-,-) 
  add_131_40_g1721/Z       -       B->Z  R     NR2B1M4TP       3  4.4    70    66     978    (-,-) 
  add_131_40_g1719/Z       -       A->Z  R     AN2M4TP         3  4.7    42    90    1068    (-,-) 
  add_131_40_g1717/Z       -       A->Z  F     ND2M2TP         3  5.9    75    59    1128    (-,-) 
  add_131_40_g1714/Z       -       B->Z  R     NR2B1M4TP       3  4.4    70    66    1193    (-,-) 
  add_131_40_g1712/Z       -       A->Z  R     AN2M4TP         3  4.7    42    90    1283    (-,-) 
  add_131_40_g1710/Z       -       A->Z  F     ND2M2TP         3  5.9    75    59    1342    (-,-) 
  add_131_40_g1707/Z       -       B->Z  R     NR2B1M4TP       3  4.4    70    66    1408    (-,-) 
  add_131_40_g1705/Z       -       A->Z  R     AN2M4TP         3  4.7    42    90    1498    (-,-) 
  add_131_40_g1703/Z       -       A->Z  F     ND2M2TP         3  5.9    74    59    1557    (-,-) 
  add_131_40_g1700/Z       -       B->Z  R     NR2B1M4TP       3  4.4    70    66    1623    (-,-) 
  add_131_40_g1698/Z       -       A->Z  R     AN2M4TP         3  4.7    42    90    1713    (-,-) 
  add_131_40_g1696/Z       -       A->Z  F     ND2M2TP         3  5.9    74    59    1772    (-,-) 
  add_131_40_g1693/Z       -       B->Z  R     NR2B1M4TP       3  4.4    70    66    1838    (-,-) 
  add_131_40_g1691/Z       -       A->Z  R     AN2M4TP         3  4.2    40    88    1926    (-,-) 
  add_131_40_g1689/Z       -       A->Z  R     AN2M4TP         3  4.7    42    80    2006    (-,-) 
  add_131_40_g1687/Z       -       A->Z  F     ND2M2TP         3  5.9    74    59    2064    (-,-) 
  add_131_40_g1684/Z       -       B->Z  R     NR2B1M4TP       3  4.4    70    66    2130    (-,-) 
  add_131_40_g1682/Z       -       A->Z  R     AN2M4TP         3  4.7    42    90    2220    (-,-) 
  add_131_40_g1680/Z       -       A->Z  F     ND2M2TP         3  5.9    75    59    2279    (-,-) 
  add_131_40_g1677/Z       -       B->Z  R     NR2B1M4TP       3  4.4    70    66    2345    (-,-) 
  add_131_40_g1675/Z       -       A->Z  R     AN2M4TP         3  4.7    42    90    2435    (-,-) 
  add_131_40_g1673/Z       -       A->Z  F     ND2M2TP         3  5.9    75    59    2494    (-,-) 
  add_131_40_g1670/Z       -       B->Z  R     NR2B1M4TP       3  4.4    70    66    2560    (-,-) 
  add_131_40_g1668/Z       -       A->Z  R     AN2M4TP         3  4.7    42    90    2650    (-,-) 
  add_131_40_g1666/Z       -       A->Z  F     ND2M2TP         3  5.9    74    59    2709    (-,-) 
  add_131_40_g1663/Z       -       B->Z  R     NR2B1M4TP       3  4.4    70    66    2774    (-,-) 
  add_131_40_g1661/Z       -       A->Z  R     AN2M4TP         3  4.7    42    90    2864    (-,-) 
  add_131_40_g1659/Z       -       A->Z  F     ND2M2TP         3  5.9    75    59    2924    (-,-) 
  add_131_40_g1656/Z       -       B->Z  R     NR2B1M4TP       3  4.4    70    66    2989    (-,-) 
  add_131_40_g1654/Z       -       A->Z  R     AN2M4TP         3  4.7    42    90    3079    (-,-) 
  add_131_40_g1652/Z       -       A->Z  F     ND2M2TP         3  5.9    74    59    3138    (-,-) 
  add_131_40_g1649/Z       -       B->Z  R     NR2B1M4TP       3  4.4    70    66    3204    (-,-) 
  add_131_40_g1647/Z       -       A->Z  R     AN2M4TP         3  4.7    42    90    3294    (-,-) 
  add_131_40_g1645/Z       -       A->Z  F     ND2M2TP         3  5.9    74    59    3353    (-,-) 
  add_131_40_g1642/Z       -       B->Z  R     NR2B1M4TP       3  4.4    70    66    3419    (-,-) 
  add_131_40_g1640/Z       -       A->Z  R     AN2M4TP         3  4.2    40    88    3507    (-,-) 
  add_131_40_g1638/Z       -       A->Z  R     AN2M4TP         3  4.7    42    80    3587    (-,-) 
  add_131_40_g1636/Z       -       A->Z  F     ND2M2TP         3  5.9    75    59    3646    (-,-) 
  add_131_40_g1633/Z       -       B->Z  R     NR2B1M4TP       2  3.8    65    63    3708    (-,-) 
  g76858/CO                -       A->CO R     ADHM2TP         2  3.1    54   105    3814    (-,-) 
  add_131_40_g1629/Z       -       A->Z  F     ND2M2TP         3  5.9    74    63    3877    (-,-) 
  add_131_40_g1626/Z       -       B->Z  R     NR2B1M4TP       2  3.8    65    62    3939    (-,-) 
  g76857/CO                -       A->CO R     ADHM2TP         2  3.1    54   105    4045    (-,-) 
  add_131_40_g1622/Z       -       A->Z  F     ND2M2TP         3  5.9    74    63    4108    (-,-) 
  add_131_40_g1619/Z       -       B->Z  R     NR2B1M4TP       2  3.8    65    62    4171    (-,-) 
  g76856/CO                -       A->CO R     ADHM2TP         2  3.1    54   105    4276    (-,-) 
  add_131_40_g1615/Z       -       A->Z  F     ND2M2TP         3  5.9    74    63    4339    (-,-) 
  add_131_40_g1612/Z       -       B->Z  R     NR2B1M4TP       2  3.8    65    62    4402    (-,-) 
  g76855/CO                -       A->CO R     ADHM2TP         2  3.1    54   105    4507    (-,-) 
  add_131_40_g1608/Z       -       A->Z  F     ND2M2TP         3  5.9    74    63    4570    (-,-) 
  add_131_40_g1605/Z       -       B->Z  R     NR2B1M4TP       2  3.8    65    62    4633    (-,-) 
  g76854/CO                -       A->CO R     ADHM2TP         2  3.1    54   105    4738    (-,-) 
  add_131_40_g1601/Z       -       A->Z  F     ND2M2TP         3  5.9    75    63    4802    (-,-) 
  add_131_40_g1598/Z       -       B->Z  R     NR2B1M4TP       2  3.8    65    63    4864    (-,-) 
  g76853/CO                -       A->CO R     ADHM2TP         1  2.1    46    99    4963    (-,-) 
  g76852/CO                -       A->CO R     ADHM2TP         2  3.1    54    99    5062    (-,-) 
  add_131_40_g1592/Z       -       A->Z  F     ND2M2TP         3  5.9    74    63    5125    (-,-) 
  add_131_40_g1589/Z       -       B->Z  R     NR2B1M4TP       2  3.8    65    62    5188    (-,-) 
  g76851/CO                -       A->CO R     ADHM2TP         2  3.1    54   105    5293    (-,-) 
  add_131_40_g1585/Z       -       A->Z  F     ND2M2TP         3  5.9    75    63    5357    (-,-) 
  add_131_40_g1582/Z       -       B->Z  R     NR2B1M4TP       2  3.8    65    63    5419    (-,-) 
  g76850/CO                -       A->CO R     ADHM2TP         2  3.1    54   105    5524    (-,-) 
  add_131_40_g1578/Z       -       A->Z  F     ND2M2TP         3  5.9    74    63    5588    (-,-) 
  add_131_40_g1575/Z       -       B->Z  R     NR2B1M4TP       2  3.8    65    62    5650    (-,-) 
  g76849/CO                -       A->CO R     ADHM2TP         2  3.1    54   105    5756    (-,-) 
  add_131_40_g1571/Z       -       A->Z  F     ND2M2TP         3  5.9    74    63    5819    (-,-) 
  add_131_40_g1568/Z       -       B->Z  R     NR2B1M4TP       2  3.8    65    62    5882    (-,-) 
  g76848/CO                -       A->CO R     ADHM2TP         2  3.1    54   105    5987    (-,-) 
  add_131_40_g1564/Z       -       A->Z  F     ND2M2TP         3  5.9    75    63    6050    (-,-) 
  add_131_40_g1561/Z       -       B->Z  R     NR2B1M4TP       2  3.8    65    63    6113    (-,-) 
  g76847/CO                -       A->CO R     ADHM2TP         2  3.1    54   105    6218    (-,-) 
  add_131_40_g1557/Z       -       A->Z  F     ND2M2TP         3  5.9    74    63    6282    (-,-) 
  add_131_40_g1554/Z       -       B->Z  R     NR2B1M4TP       2  3.8    65    62    6344    (-,-) 
  g76846/CO                -       A->CO R     ADHM2TP         2  3.1    54   105    6449    (-,-) 
  add_131_40_g1550/Z       -       A->Z  F     ND2M2TP         3  5.9    74    63    6513    (-,-) 
  add_131_40_g1547/Z       -       B->Z  R     NR2B1M4TP       2  3.8    65    62    6575    (-,-) 
  g76845/CO                -       A->CO R     ADHM2TP         1  2.1    46    99    6674    (-,-) 
  g76844/CO                -       A->CO R     ADHM2TP         2  3.1    54    99    6773    (-,-) 
  add_131_40_g1541/Z       -       A->Z  F     ND2M2TP         3  5.9    74    63    6836    (-,-) 
  add_131_40_g1538/Z       -       B->Z  R     NR2B1M4TP       2  3.8    65    62    6899    (-,-) 
  g76843/CO                -       A->CO R     ADHM2TP         2  3.1    54   105    7004    (-,-) 
  add_131_40_g1534/Z       -       A->Z  F     ND2M2TP         3  5.9    74    63    7068    (-,-) 
  add_131_40_g1531/Z       -       B->Z  R     NR2B1M4TP       2  3.8    65    62    7130    (-,-) 
  g76842/CO                -       A->CO R     ADHM2TP         2  3.1    54   105    7235    (-,-) 
  add_131_40_g1527/Z       -       A->Z  F     ND2M2TP         3  5.9    74    63    7299    (-,-) 
  add_131_40_g1524/Z       -       B->Z  R     NR2B1M4TP       2  3.8    65    62    7361    (-,-) 
  g76841/CO                -       A->CO R     ADHM2TP         2  3.1    54   105    7466    (-,-) 
  add_131_40_g1520/Z       -       A->Z  F     ND2M2TP         3  5.9    74    63    7530    (-,-) 
  add_131_40_g1517/Z       -       B->Z  R     NR2B1M4TP       2  3.8    65    62    7592    (-,-) 
  g76840/CO                -       A->CO R     ADHM2TP         2  3.1    54   105    7698    (-,-) 
  add_131_40_g1513/Z       -       A->Z  F     ND2M2TP         3  5.9    74    63    7761    (-,-) 
  add_131_40_g1510/Z       -       B->Z  R     NR2B1M4TP       2  3.8    65    62    7824    (-,-) 
  g76839/CO                -       A->CO R     ADHM2TP         2  3.1    54   105    7929    (-,-) 
  add_131_40_g1506/Z       -       A->Z  F     ND2M2TP         3  5.9    75    63    7992    (-,-) 
  add_131_40_g1503/Z       -       B->Z  R     NR2B1M4TP       2  3.8    65    63    8055    (-,-) 
  g76838/CO                -       A->CO R     ADHM2TP         1  2.1    46    99    8154    (-,-) 
  g76837/CO                -       A->CO R     ADHM2TP         2  3.1    54    99    8253    (-,-) 
  add_131_40_g1497/Z       -       A->Z  F     ND2M2TP         3  5.9    74    63    8316    (-,-) 
  add_131_40_g1494/Z       -       B->Z  R     NR2B1M4TP       2  3.8    65    62    8378    (-,-) 
  g76836/CO                -       A->CO R     ADHM2TP         2  3.1    54   105    8484    (-,-) 
  add_131_40_g1490/Z       -       A->Z  F     ND2M2TP         3  5.9    74    63    8547    (-,-) 
  add_131_40_g1487/Z       -       B->Z  R     NR2B1M4TP       2  3.8    65    62    8610    (-,-) 
  g76835/CO                -       A->CO R     ADHM2TP         1  2.1    46    99    8709    (-,-) 
  g76834/CO                -       A->CO R     ADHM2TP         2  2.1    46    92    8801    (-,-) 
  add_131_40_g1481/Z       -       A->Z  R     AN2M2TP         3  3.7    60   101    8902    (-,-) 
  add_131_40_g1479/Z       -       A->Z  R     AN2M2TP         3  3.7    60   106    9007    (-,-) 
  add_131_40_g1477/Z       -       A->Z  R     AN2M2TP         3  3.7    60   106    9113    (-,-) 
  add_131_40_g1475/Z       -       A->Z  R     AN2M2TP         2  3.6    59   105    9218    (-,-) 
  add_131_40_g1473/CO      -       A->CO R     ADHM2TP         1  2.1    46    97    9315    (-,-) 
  add_131_40_g1472/CO      -       A->CO R     ADHM2TP         1  2.1    46    92    9408    (-,-) 
  add_131_40_g1471/CO      -       A->CO R     ADHM2TP         1  2.1    46    92    9500    (-,-) 
  add_131_40_g1470/CO      -       A->CO R     ADHM2TP         2  3.1    54    99    9598    (-,-) 
  add_131_40_g1469/Z       -       A->Z  F     ND2M2TP         3  4.0    57    53    9652    (-,-) 
  add_131_40_g1467/Z       -       B1->Z F     MOAI22M2TP      1  0.9    40   121    9772    (-,-) 
  g76762/Z                 -       A2->Z F     AO22M1TP        1  1.7    64   195    9967    (-,-) 
  nonce_counter_reg[127]/D <<<     -     F     DFQRM2TP        1    -     -     0    9967    (-,-) 
#--------------------------------------------------------------------------------------------------

