============================================================
  Generated by:           Genus(TM) Synthesis Solution 21.19-s055_1
  Generated on:           Apr 21 2026  01:48:25 pm
  Module:                 top_dht11_ascon_uart
  Technology library:     u055lsclpmvbpr_120c25_tc 
  Operating conditions:   u055lsclpmvbpr_120c25_tc (balanced_tree)
  Wireload mode:          top
  Area mode:              timing library
============================================================

      Instance              Module         Cell Count  Cell Area  Net Area   Total Area  Wireload  
---------------------------------------------------------------------------------------------------
top_dht11_ascon_uart                             6991  38136.480     0.000    38136.480   wl0 (D)  
  DEC                ascon128a_aead_dec          2779  12925.920     0.000    12925.920   wl0 (T)  
    P                ascon_perm_109              1377   5306.400     0.000     5306.400   wl0 (T)  
  DHT                dht11_timing_correct         284   1987.200     0.000     1987.200   wl0 (T)  
  ENC                ascon128a_aead              2968  15655.680     0.000    15655.680   wl0 (T)  
    P                ascon_perm                  1376   5302.080     0.000     5302.080   wl0 (T)  
  UART               uart_tx_icg                  118    675.360     0.000      675.360   wl0 (T)  
  (D) = wireload is default in technology library
  (T) = wireload mode is 'top'
