============================================================
  Generated by:           Genus(TM) Synthesis Solution 21.19-s055_1
  Generated on:           Apr 21 2026  01:40:11 pm
  Module:                 top_dht11_ascon_uart
  Operating conditions:   u055lsclpmvbpr_120c25_tc (balanced_tree)
  Wireload mode:          top
  Area mode:              timing library
============================================================


Summary
-------
-----------------------------------------------------------------------------------------
                   Category                    Number     %    Average Toggle Saving %   
-----------------------------------------------------------------------------------------
 Total Clock Gating Instances                       0  100.00                         -  
-----------------------------------------------------------------------------------------
 RC Clock Gating Instances                          0    0.00                      0.00  
 Non-RC Clock Gating Instances                      0    0.00                      0.00  
-----------------------------------------------------------------------------------------
 RC Gated Flip-flops                                0    0.00                      0.00  
 Non-RC Gated Flip-flops                            0    0.00                      0.00  
-----------------------------------------------------------------------------------------
 Total Gated Flip-flops                             0    0.00                         -  
 Total Ungated Flip-flops                        1489  100.00                         -  
 Enable not found                                1456   97.78                         -  
 Driven by a timing_model/Unresolved instance      33    2.22                         -  
-----------------------------------------------------------------------------------------
 Total Flip-flops                                1489  100.00                         -  
-----------------------------------------------------------------------------------------
Multibit Flip-flop Summary
--------------------------
-------------------------------------------------------
Width     Number     Bits     RC Gated     Ungated     
-------------------------------------------------------
1-bit     1489       1489     0 (0.00%)    1489 (100.00%) 
----------------------------------------------------------


