============================================================
  Generated by:           Genus(TM) Synthesis Solution 21.19-s055_1
  Generated on:           Apr 21 2026  01:48:25 pm
  Module:                 top_dht11_ascon_uart
  Operating conditions:   u055lsclpmvbpr_120c25_tc (balanced_tree)
  Wireload mode:          top
  Area mode:              timing library
============================================================


Path 1: MET (3236 ps) Setup Check with Pin nonce_counter_reg[127]/CK->D
          Group: clk
     Startpoint: (R) nonce_counter_reg[4]/CK
          Clock: (R) clk
       Endpoint: (F) nonce_counter_reg[127]/D
          Clock: (R) clk

                     Capture       Launch     
        Clock Edge:+   10000            0     
       Src Latency:+       0            0     
       Net Latency:+       0 (I)        0 (I) 
           Arrival:=   10000            0     
                                              
             Setup:-       9                  
     Required Time:=    9991                  
      Launch Clock:-       0                  
         Data Path:-    6754                  
             Slack:=    3236                  

#--------------------------------------------------------------------------------------------------
#      Timing Point        Flags   Arc   Edge    Cell     Fanout Load Trans Delay Arrival Instance 
#                                                                (fF)  (ps)  (ps)   (ps)  Location 
#--------------------------------------------------------------------------------------------------
  nonce_counter_reg[4]/CK  -       -     R     (arrival)    1457    -     0     0       0    (-,-) 
  nonce_counter_reg[4]/Q   -       CK->Q R     DFQRM2TP        6  7.7    51   112     112    (-,-) 
  add_131_40_g1591/Z       -       A->Z  R     AN2M2TP         2  3.8    35    64     176    (-,-) 
  add_131_40_g1589/CO      -       A->CO R     ADHM2TP         1  2.2    27    56     232    (-,-) 
  add_131_40_g1588/CO      -       A->CO R     ADHM2TP         1  2.2    27    53     285    (-,-) 
  add_131_40_g1587/CO      -       A->CO R     ADHM2TP         1  2.2    27    53     338    (-,-) 
  add_131_40_g1586/CO      -       A->CO R     ADHM2TP         1  2.2    27    53     391    (-,-) 
  add_131_40_g1585/CO      -       A->CO R     ADHM2TP         1  2.2    27    53     444    (-,-) 
  add_131_40_g1584/CO      -       A->CO R     ADHM2TP         1  2.2    27    53     497    (-,-) 
  add_131_40_g1583/CO      -       A->CO R     ADHM2TP         1  2.2    27    53     550    (-,-) 
  add_131_40_g1582/CO      -       A->CO R     ADHM2TP         1  2.2    27    53     603    (-,-) 
  add_131_40_g1581/CO      -       A->CO R     ADHM2TP         1  2.2    27    53     656    (-,-) 
  add_131_40_g1580/CO      -       A->CO R     ADHM2TP         1  2.2    27    53     710    (-,-) 
  add_131_40_g1579/CO      -       A->CO R     ADHM2TP         1  2.2    27    53     763    (-,-) 
  add_131_40_g1578/CO      -       A->CO R     ADHM2TP         1  2.2    27    53     816    (-,-) 
  add_131_40_g1577/CO      -       A->CO R     ADHM2TP         1  2.2    27    53     869    (-,-) 
  add_131_40_g1576/CO      -       A->CO R     ADHM2TP         1  2.2    27    53     922    (-,-) 
  add_131_40_g1575/CO      -       A->CO R     ADHM2TP         1  2.2    27    53     975    (-,-) 
  add_131_40_g1574/CO      -       A->CO R     ADHM2TP         1  2.2    27    53    1028    (-,-) 
  add_131_40_g1573/CO      -       A->CO R     ADHM2TP         1  2.2    27    53    1081    (-,-) 
  add_131_40_g1572/CO      -       A->CO R     ADHM2TP         1  2.2    27    53    1134    (-,-) 
  add_131_40_g1571/CO      -       A->CO R     ADHM2TP         1  2.2    27    53    1188    (-,-) 
  add_131_40_g1570/CO      -       A->CO R     ADHM2TP         1  2.2    27    53    1241    (-,-) 
  add_131_40_g1569/CO      -       A->CO R     ADHM2TP         1  2.2    27    53    1294    (-,-) 
  add_131_40_g1568/CO      -       A->CO R     ADHM2TP         1  2.2    27    53    1347    (-,-) 
  add_131_40_g1567/CO      -       A->CO R     ADHM2TP         1  2.2    27    53    1400    (-,-) 
  add_131_40_g1566/CO      -       A->CO R     ADHM2TP         1  2.2    27    53    1453    (-,-) 
  add_131_40_g1565/CO      -       A->CO R     ADHM2TP         1  2.2    27    53    1506    (-,-) 
  add_131_40_g1564/CO      -       A->CO R     ADHM2TP         1  2.2    27    53    1559    (-,-) 
  add_131_40_g1563/CO      -       A->CO R     ADHM2TP         1  2.2    27    53    1612    (-,-) 
  add_131_40_g1562/CO      -       A->CO R     ADHM2TP         1  2.2    27    53    1665    (-,-) 
  add_131_40_g1561/CO      -       A->CO R     ADHM2TP         1  2.2    27    53    1718    (-,-) 
  add_131_40_g1560/CO      -       A->CO R     ADHM2TP         1  2.2    27    53    1772    (-,-) 
  add_131_40_g1559/CO      -       A->CO R     ADHM2TP         1  2.2    27    53    1825    (-,-) 
  add_131_40_g1558/CO      -       A->CO R     ADHM2TP         1  2.2    27    53    1878    (-,-) 
  add_131_40_g1557/CO      -       A->CO R     ADHM2TP         1  2.2    27    53    1931    (-,-) 
  add_131_40_g1556/CO      -       A->CO R     ADHM2TP         1  2.2    27    53    1984    (-,-) 
  add_131_40_g1555/CO      -       A->CO R     ADHM2TP         1  2.2    27    53    2037    (-,-) 
  add_131_40_g1554/CO      -       A->CO R     ADHM2TP         1  2.2    27    53    2090    (-,-) 
  add_131_40_g1553/CO      -       A->CO R     ADHM2TP         1  2.2    27    53    2143    (-,-) 
  add_131_40_g1552/CO      -       A->CO R     ADHM2TP         1  2.2    27    53    2196    (-,-) 
  add_131_40_g1551/CO      -       A->CO R     ADHM2TP         1  2.2    27    53    2250    (-,-) 
  add_131_40_g1550/CO      -       A->CO R     ADHM2TP         1  2.2    27    53    2303    (-,-) 
  add_131_40_g1549/CO      -       A->CO R     ADHM2TP         1  2.2    27    53    2356    (-,-) 
  add_131_40_g1548/CO      -       A->CO R     ADHM2TP         1  2.2    27    53    2409    (-,-) 
  add_131_40_g1547/CO      -       A->CO R     ADHM2TP         1  2.2    27    53    2462    (-,-) 
  add_131_40_g1546/CO      -       A->CO R     ADHM2TP         1  2.2    27    53    2515    (-,-) 
  add_131_40_g1545/CO      -       A->CO R     ADHM2TP         1  2.2    27    53    2568    (-,-) 
  add_131_40_g1544/CO      -       A->CO R     ADHM2TP         1  2.2    27    53    2621    (-,-) 
  add_131_40_g1543/CO      -       A->CO R     ADHM2TP         1  2.2    27    53    2674    (-,-) 
  add_131_40_g1542/CO      -       A->CO R     ADHM2TP         1  2.2    27    53    2727    (-,-) 
  add_131_40_g1541/CO      -       A->CO R     ADHM2TP         1  2.2    27    53    2780    (-,-) 
  add_131_40_g1540/CO      -       A->CO R     ADHM2TP         1  2.2    27    53    2834    (-,-) 
  add_131_40_g1539/CO      -       A->CO R     ADHM2TP         1  2.2    27    53    2887    (-,-) 
  add_131_40_g1538/CO      -       A->CO R     ADHM2TP         1  2.2    27    53    2940    (-,-) 
  add_131_40_g1537/CO      -       A->CO R     ADHM2TP         1  2.2    27    53    2993    (-,-) 
  add_131_40_g1536/CO      -       A->CO R     ADHM2TP         1  2.2    27    53    3046    (-,-) 
  add_131_40_g1535/CO      -       A->CO R     ADHM2TP         1  2.2    27    53    3099    (-,-) 
  add_131_40_g1534/CO      -       A->CO R     ADHM2TP         1  2.2    27    53    3152    (-,-) 
  add_131_40_g1533/CO      -       A->CO R     ADHM2TP         1  2.2    27    53    3205    (-,-) 
  add_131_40_g1532/CO      -       A->CO R     ADHM2TP         1  2.2    27    53    3258    (-,-) 
  add_131_40_g1531/CO      -       A->CO R     ADHM2TP         1  2.2    27    53    3312    (-,-) 
  add_131_40_g1530/CO      -       A->CO R     ADHM2TP         1  2.2    27    53    3365    (-,-) 
  add_131_40_g1529/CO      -       A->CO R     ADHM2TP         1  2.2    27    53    3418    (-,-) 
  add_131_40_g1528/CO      -       A->CO R     ADHM2TP         1  2.2    27    53    3471    (-,-) 
  add_131_40_g1527/CO      -       A->CO R     ADHM2TP         1  2.2    27    53    3524    (-,-) 
  add_131_40_g1526/CO      -       A->CO R     ADHM2TP         1  2.2    27    53    3577    (-,-) 
  add_131_40_g1525/CO      -       A->CO R     ADHM2TP         1  2.2    27    53    3630    (-,-) 
  add_131_40_g1524/CO      -       A->CO R     ADHM2TP         1  2.2    27    53    3683    (-,-) 
  add_131_40_g1523/CO      -       A->CO R     ADHM2TP         1  2.2    27    53    3736    (-,-) 
  add_131_40_g1522/CO      -       A->CO R     ADHM2TP         1  2.2    27    53    3789    (-,-) 
  add_131_40_g1521/CO      -       A->CO R     ADHM2TP         1  2.2    27    53    3842    (-,-) 
  add_131_40_g1520/CO      -       A->CO R     ADHM2TP         1  2.2    27    53    3896    (-,-) 
  add_131_40_g1519/CO      -       A->CO R     ADHM2TP         1  2.2    27    53    3949    (-,-) 
  add_131_40_g1518/CO      -       A->CO R     ADHM2TP         1  2.2    27    53    4002    (-,-) 
  add_131_40_g1517/CO      -       A->CO R     ADHM2TP         1  2.2    27    53    4055    (-,-) 
  add_131_40_g1516/CO      -       A->CO R     ADHM2TP         1  2.2    27    53    4108    (-,-) 
  add_131_40_g1515/CO      -       A->CO R     ADHM2TP         1  2.2    27    53    4161    (-,-) 
  add_131_40_g1514/CO      -       A->CO R     ADHM2TP         1  2.2    27    53    4214    (-,-) 
  add_131_40_g1513/CO      -       A->CO R     ADHM2TP         1  2.2    27    53    4267    (-,-) 
  add_131_40_g1512/CO      -       A->CO R     ADHM2TP         1  2.2    27    53    4320    (-,-) 
  add_131_40_g1511/CO      -       A->CO R     ADHM2TP         1  2.2    27    53    4374    (-,-) 
  add_131_40_g1510/CO      -       A->CO R     ADHM2TP         1  2.2    27    53    4427    (-,-) 
  add_131_40_g1509/CO      -       A->CO R     ADHM2TP         1  2.2    27    53    4480    (-,-) 
  add_131_40_g1508/CO      -       A->CO R     ADHM2TP         1  2.2    27    53    4533    (-,-) 
  add_131_40_g1507/CO      -       A->CO R     ADHM2TP         1  2.2    27    53    4586    (-,-) 
  add_131_40_g1506/CO      -       A->CO R     ADHM2TP         1  2.2    27    53    4639    (-,-) 
  add_131_40_g1505/CO      -       A->CO R     ADHM2TP         1  2.2    27    53    4692    (-,-) 
  add_131_40_g1504/CO      -       A->CO R     ADHM2TP         1  2.2    27    53    4745    (-,-) 
  add_131_40_g1503/CO      -       A->CO R     ADHM2TP         1  2.2    27    53    4798    (-,-) 
  add_131_40_g1502/CO      -       A->CO R     ADHM2TP         1  2.2    27    53    4851    (-,-) 
  add_131_40_g1501/CO      -       A->CO R     ADHM2TP         1  2.2    27    53    4904    (-,-) 
  add_131_40_g1500/CO      -       A->CO R     ADHM2TP         1  2.2    27    53    4958    (-,-) 
  add_131_40_g1499/CO      -       A->CO R     ADHM2TP         1  2.2    27    53    5011    (-,-) 
  add_131_40_g1498/CO      -       A->CO R     ADHM2TP         1  2.2    27    53    5064    (-,-) 
  add_131_40_g1497/CO      -       A->CO R     ADHM2TP         1  2.2    27    53    5117    (-,-) 
  add_131_40_g1496/CO      -       A->CO R     ADHM2TP         1  2.2    27    53    5170    (-,-) 
  add_131_40_g1495/CO      -       A->CO R     ADHM2TP         1  2.2    27    53    5223    (-,-) 
  add_131_40_g1494/CO      -       A->CO R     ADHM2TP         1  2.2    27    53    5276    (-,-) 
  add_131_40_g1493/CO      -       A->CO R     ADHM2TP         1  2.2    27    53    5329    (-,-) 
  add_131_40_g1492/CO      -       A->CO R     ADHM2TP         1  2.2    27    53    5382    (-,-) 
  add_131_40_g1491/CO      -       A->CO R     ADHM2TP         1  2.2    27    53    5436    (-,-) 
  add_131_40_g1490/CO      -       A->CO R     ADHM2TP         1  2.2    27    53    5489    (-,-) 
  add_131_40_g1489/CO      -       A->CO R     ADHM2TP         1  2.2    27    53    5542    (-,-) 
  add_131_40_g1488/CO      -       A->CO R     ADHM2TP         1  2.2    27    53    5595    (-,-) 
  add_131_40_g1487/CO      -       A->CO R     ADHM2TP         1  2.2    27    53    5648    (-,-) 
  add_131_40_g1486/CO      -       A->CO R     ADHM2TP         1  2.2    27    53    5701    (-,-) 
  add_131_40_g1485/CO      -       A->CO R     ADHM2TP         1  2.2    27    53    5754    (-,-) 
  add_131_40_g1484/CO      -       A->CO R     ADHM2TP         1  2.2    27    53    5807    (-,-) 
  add_131_40_g1483/CO      -       A->CO R     ADHM2TP         1  2.2    27    53    5860    (-,-) 
  add_131_40_g1482/CO      -       A->CO R     ADHM2TP         1  2.2    27    53    5913    (-,-) 
  add_131_40_g1481/CO      -       A->CO R     ADHM2TP         1  2.2    27    53    5966    (-,-) 
  add_131_40_g1480/CO      -       A->CO R     ADHM2TP         1  2.2    27    53    6020    (-,-) 
  add_131_40_g1479/CO      -       A->CO R     ADHM2TP         1  2.2    27    53    6073    (-,-) 
  add_131_40_g1478/CO      -       A->CO R     ADHM2TP         1  2.2    27    53    6126    (-,-) 
  add_131_40_g1477/CO      -       A->CO R     ADHM2TP         1  2.2    27    53    6179    (-,-) 
  add_131_40_g1476/CO      -       A->CO R     ADHM2TP         1  2.2    27    53    6232    (-,-) 
  add_131_40_g1475/CO      -       A->CO R     ADHM2TP         1  2.2    27    53    6285    (-,-) 
  add_131_40_g1474/CO      -       A->CO R     ADHM2TP         1  2.2    27    53    6338    (-,-) 
  add_131_40_g1473/CO      -       A->CO R     ADHM2TP         1  2.2    27    53    6391    (-,-) 
  add_131_40_g1472/CO      -       A->CO R     ADHM2TP         1  2.2    27    53    6444    (-,-) 
  add_131_40_g1471/CO      -       A->CO R     ADHM2TP         1  2.2    27    53    6498    (-,-) 
  add_131_40_g1470/CO      -       A->CO R     ADHM2TP         2  3.3    32    57    6554    (-,-) 
  add_131_40_g1469/Z       -       A->Z  F     ND2M2TP         3  4.1    36    31    6586    (-,-) 
  add_131_40_g1467/Z       -       B1->Z F     MOAI22M2TP      1  0.9    25    67    6653    (-,-) 
  g76762/Z                 -       A2->Z F     AO22M1TP        1  1.9    40   102    6754    (-,-) 
  nonce_counter_reg[127]/D <<<     -     F     DFQRM2TP        1    -     -     0    6754    (-,-) 
#--------------------------------------------------------------------------------------------------

