
==========================================================================
global place report_tns
--------------------------------------------------------------------------
tns max 0.00

==========================================================================
global place report_wns
--------------------------------------------------------------------------
wns max 0.00

==========================================================================
global place report_worst_slack
--------------------------------------------------------------------------
worst slack max 4.01

==========================================================================
global place report_clock_min_period
--------------------------------------------------------------------------
clk period_min = 5.99 fmax = 166.92

==========================================================================
global place report_checks -path_delay min
--------------------------------------------------------------------------
Startpoint: rst (input port clocked by clk)
Endpoint: ENC.S1[24]$_DFFE_PP0P_ (removal check against rising-edge clock clk)
Path Group: asynchronous
Path Type: min

Fanout     Cap    Slew   Delay    Time   Description
-----------------------------------------------------------------------------
                  0.00    0.00    0.00   clock clk (rise edge)
                          0.00    0.00   clock network delay (ideal)
                          2.00    2.00 v input external delay
     1    0.01    0.00    0.00    2.00 v rst (in)
                                         rst (net)
                  0.00    0.00    2.00 v input4/A (sky130_fd_sc_hd__clkdlybuf4s50_1)
     4    0.04    0.33    0.63    2.63 v input4/X (sky130_fd_sc_hd__clkdlybuf4s50_1)
                                         net4 (net)
                  0.33    0.00    2.64 v _10463_/A (sky130_fd_sc_hd__clkinvlp_4)
     4    0.03    0.14    0.26    2.89 ^ _10463_/Y (sky130_fd_sc_hd__clkinvlp_4)
                                         _00670_ (net)
                  0.14    0.00    2.90 ^ ENC.S1[24]$_DFFE_PP0P_/RESET_B (sky130_fd_sc_hd__dfrtp_1)
                                  2.90   data arrival time

                  0.00    0.00    0.00   clock clk (rise edge)
                          0.00    0.00   clock network delay (ideal)
                          0.00    0.00   clock reconvergence pessimism
                                  0.00 ^ ENC.S1[24]$_DFFE_PP0P_/CLK (sky130_fd_sc_hd__dfrtp_1)
                          0.33    0.33   library removal time
                                  0.33   data required time
-----------------------------------------------------------------------------
                                  0.33   data required time
                                 -2.90   data arrival time
-----------------------------------------------------------------------------
                                  2.56   slack (MET)


Startpoint: ENC.tag[95]$_DFFE_PP_
            (rising edge-triggered flip-flop clocked by clk)
Endpoint: tag_reg[95]$_DFFE_PP_ (rising edge-triggered flip-flop clocked by clk)
Path Group: clk
Path Type: min

Fanout     Cap    Slew   Delay    Time   Description
-----------------------------------------------------------------------------
                  0.00    0.00    0.00   clock clk (rise edge)
                          0.00    0.00   clock network delay (ideal)
                  0.00    0.00    0.00 ^ ENC.tag[95]$_DFFE_PP_/CLK (sky130_fd_sc_hd__edfxtp_1)
     1    0.00    0.04    0.29    0.29 ^ ENC.tag[95]$_DFFE_PP_/Q (sky130_fd_sc_hd__edfxtp_1)
                                         ENC.tag[95] (net)
                  0.04    0.00    0.29 ^ tag_reg[95]$_DFFE_PP_/D (sky130_fd_sc_hd__edfxtp_1)
                                  0.29   data arrival time

                  0.00    0.00    0.00   clock clk (rise edge)
                          0.00    0.00   clock network delay (ideal)
                          0.00    0.00   clock reconvergence pessimism
                                  0.00 ^ tag_reg[95]$_DFFE_PP_/CLK (sky130_fd_sc_hd__edfxtp_1)
                         -0.11   -0.11   library hold time
                                 -0.11   data required time
-----------------------------------------------------------------------------
                                 -0.11   data required time
                                 -0.29   data arrival time
-----------------------------------------------------------------------------
                                  0.40   slack (MET)



==========================================================================
global place report_checks -path_delay max
--------------------------------------------------------------------------
Startpoint: rst (input port clocked by clk)
Endpoint: DEC.S1[46]$_DFFE_PP0P_ (recovery check against rising-edge clock clk)
Path Group: asynchronous
Path Type: max

Fanout     Cap    Slew   Delay    Time   Description
-----------------------------------------------------------------------------
                  0.00    0.00    0.00   clock clk (rise edge)
                          0.00    0.00   clock network delay (ideal)
                          2.00    2.00 v input external delay
     1    0.01    0.00    0.00    2.00 v rst (in)
                                         rst (net)
                  0.00    0.00    2.00 v input4/A (sky130_fd_sc_hd__clkdlybuf4s50_1)
     4    0.04    0.33    0.63    2.63 v input4/X (sky130_fd_sc_hd__clkdlybuf4s50_1)
                                         net4 (net)
                  0.33    0.00    2.64 v _10463_/A (sky130_fd_sc_hd__clkinvlp_4)
     4    0.03    0.14    0.26    2.89 ^ _10463_/Y (sky130_fd_sc_hd__clkinvlp_4)
                                         _00670_ (net)
                  0.14    0.00    2.90 ^ place278/A (sky130_fd_sc_hd__buf_12)
   151    0.82    0.91    0.69    3.58 ^ place278/X (sky130_fd_sc_hd__buf_12)
                                         net275 (net)
                  0.93    0.09    3.67 ^ place276/A (sky130_fd_sc_hd__buf_12)
   156    0.85    0.94    0.79    4.46 ^ place276/X (sky130_fd_sc_hd__buf_12)
                                         net273 (net)
                  0.95    0.08    4.54 ^ place275/A (sky130_fd_sc_hd__buf_4)
    82    0.39    1.04    0.96    5.50 ^ place275/X (sky130_fd_sc_hd__buf_4)
                                         net272 (net)
                  1.04    0.02    5.51 ^ DEC.S1[46]$_DFFE_PP0P_/RESET_B (sky130_fd_sc_hd__dfrtp_1)
                                  5.51   data arrival time

                  0.00   10.00   10.00   clock clk (rise edge)
                          0.00   10.00   clock network delay (ideal)
                          0.00   10.00   clock reconvergence pessimism
                                 10.00 ^ DEC.S1[46]$_DFFE_PP0P_/CLK (sky130_fd_sc_hd__dfrtp_1)
                         -0.05    9.95   library recovery time
                                  9.95   data required time
-----------------------------------------------------------------------------
                                  9.95   data required time
                                 -5.51   data arrival time
-----------------------------------------------------------------------------
                                  4.44   slack (MET)


Startpoint: UART.tx$_DFFE_PP1P_ (rising edge-triggered flip-flop clocked by clk)
Endpoint: tx (output port clocked by clk)
Path Group: clk
Path Type: max

Fanout     Cap    Slew   Delay    Time   Description
-----------------------------------------------------------------------------
                  0.00    0.00    0.00   clock clk (rise edge)
                          0.00    0.00   clock network delay (ideal)
                  0.00    0.00    0.00 ^ UART.tx$_DFFE_PP1P_/CLK (sky130_fd_sc_hd__dfstp_2)
     2    0.01    0.05    0.51    0.51 ^ UART.tx$_DFFE_PP1P_/Q (sky130_fd_sc_hd__dfstp_2)
                                         net8 (net)
                  0.05    0.00    0.51 ^ output11/A (sky130_fd_sc_hd__clkdlybuf4s50_1)
     1    0.00    0.07    0.48    0.99 ^ output11/X (sky130_fd_sc_hd__clkdlybuf4s50_1)
                                         tx (net)
                  0.07    0.00    0.99 ^ tx (out)
                                  0.99   data arrival time

                  0.00   10.00   10.00   clock clk (rise edge)
                          0.00   10.00   clock network delay (ideal)
                          0.00   10.00   clock reconvergence pessimism
                         -5.00    5.00   output external delay
                                  5.00   data required time
-----------------------------------------------------------------------------
                                  5.00   data required time
                                 -0.99   data arrival time
-----------------------------------------------------------------------------
                                  4.01   slack (MET)



==========================================================================
global place report_checks -unconstrained
--------------------------------------------------------------------------
Startpoint: rst (input port clocked by clk)
Endpoint: DEC.S1[46]$_DFFE_PP0P_ (recovery check against rising-edge clock clk)
Path Group: asynchronous
Path Type: max

Fanout     Cap    Slew   Delay    Time   Description
-----------------------------------------------------------------------------
                  0.00    0.00    0.00   clock clk (rise edge)
                          0.00    0.00   clock network delay (ideal)
                          2.00    2.00 v input external delay
     1    0.01    0.00    0.00    2.00 v rst (in)
                                         rst (net)
                  0.00    0.00    2.00 v input4/A (sky130_fd_sc_hd__clkdlybuf4s50_1)
     4    0.04    0.33    0.63    2.63 v input4/X (sky130_fd_sc_hd__clkdlybuf4s50_1)
                                         net4 (net)
                  0.33    0.00    2.64 v _10463_/A (sky130_fd_sc_hd__clkinvlp_4)
     4    0.03    0.14    0.26    2.89 ^ _10463_/Y (sky130_fd_sc_hd__clkinvlp_4)
                                         _00670_ (net)
                  0.14    0.00    2.90 ^ place278/A (sky130_fd_sc_hd__buf_12)
   151    0.82    0.91    0.69    3.58 ^ place278/X (sky130_fd_sc_hd__buf_12)
                                         net275 (net)
                  0.93    0.09    3.67 ^ place276/A (sky130_fd_sc_hd__buf_12)
   156    0.85    0.94    0.79    4.46 ^ place276/X (sky130_fd_sc_hd__buf_12)
                                         net273 (net)
                  0.95    0.08    4.54 ^ place275/A (sky130_fd_sc_hd__buf_4)
    82    0.39    1.04    0.96    5.50 ^ place275/X (sky130_fd_sc_hd__buf_4)
                                         net272 (net)
                  1.04    0.02    5.51 ^ DEC.S1[46]$_DFFE_PP0P_/RESET_B (sky130_fd_sc_hd__dfrtp_1)
                                  5.51   data arrival time

                  0.00   10.00   10.00   clock clk (rise edge)
                          0.00   10.00   clock network delay (ideal)
                          0.00   10.00   clock reconvergence pessimism
                                 10.00 ^ DEC.S1[46]$_DFFE_PP0P_/CLK (sky130_fd_sc_hd__dfrtp_1)
                         -0.05    9.95   library recovery time
                                  9.95   data required time
-----------------------------------------------------------------------------
                                  9.95   data required time
                                 -5.51   data arrival time
-----------------------------------------------------------------------------
                                  4.44   slack (MET)


Startpoint: UART.tx$_DFFE_PP1P_ (rising edge-triggered flip-flop clocked by clk)
Endpoint: tx (output port clocked by clk)
Path Group: clk
Path Type: max

Fanout     Cap    Slew   Delay    Time   Description
-----------------------------------------------------------------------------
                  0.00    0.00    0.00   clock clk (rise edge)
                          0.00    0.00   clock network delay (ideal)
                  0.00    0.00    0.00 ^ UART.tx$_DFFE_PP1P_/CLK (sky130_fd_sc_hd__dfstp_2)
     2    0.01    0.05    0.51    0.51 ^ UART.tx$_DFFE_PP1P_/Q (sky130_fd_sc_hd__dfstp_2)
                                         net8 (net)
                  0.05    0.00    0.51 ^ output11/A (sky130_fd_sc_hd__clkdlybuf4s50_1)
     1    0.00    0.07    0.48    0.99 ^ output11/X (sky130_fd_sc_hd__clkdlybuf4s50_1)
                                         tx (net)
                  0.07    0.00    0.99 ^ tx (out)
                                  0.99   data arrival time

                  0.00   10.00   10.00   clock clk (rise edge)
                          0.00   10.00   clock network delay (ideal)
                          0.00   10.00   clock reconvergence pessimism
                         -5.00    5.00   output external delay
                                  5.00   data required time
-----------------------------------------------------------------------------
                                  5.00   data required time
                                 -0.99   data arrival time
-----------------------------------------------------------------------------
                                  4.01   slack (MET)



==========================================================================
global place report_power
--------------------------------------------------------------------------
Group                  Internal  Switching    Leakage      Total
                          Power      Power      Power      Power (Watts)
----------------------------------------------------------------
Sequential             6.59e-03   5.56e-07   1.93e-08   6.59e-03  98.6%
Combinational          7.51e-06   8.93e-05   1.68e-08   9.68e-05   1.4%
Clock                  0.00e+00   0.00e+00   0.00e+00   0.00e+00   0.0%
Macro                  0.00e+00   0.00e+00   0.00e+00   0.00e+00   0.0%
Pad                    0.00e+00   0.00e+00   0.00e+00   0.00e+00   0.0%
----------------------------------------------------------------
Total                  6.59e-03   8.98e-05   3.61e-08   6.68e-03 100.0%
                          98.7%       1.3%       0.0%
