
==========================================================================
global route report_tns
--------------------------------------------------------------------------
tns max 0.00

==========================================================================
global route report_wns
--------------------------------------------------------------------------
wns max 0.00

==========================================================================
global route report_worst_slack
--------------------------------------------------------------------------
worst slack max 3.15

==========================================================================
global route report_clock_min_period
--------------------------------------------------------------------------
clk period_min = 6.85 fmax = 145.99

==========================================================================
global route report_clock_skew
--------------------------------------------------------------------------
Clock clk
   0.83 source latency DEC.S1[58]$_DFFE_PP0P_/CLK ^
  -0.79 target latency DEC.S0[39]$_DFFE_PP0P_/CLK ^
   0.00 CRPR
--------------
   0.04 setup skew


==========================================================================
global route report_checks -path_delay min
--------------------------------------------------------------------------
Startpoint: rst (input port clocked by clk)
Endpoint: ENC.S1[24]$_DFFE_PP0P_ (removal check against rising-edge clock clk)
Path Group: asynchronous
Path Type: min

Fanout     Cap    Slew   Delay    Time   Description
-----------------------------------------------------------------------------
                          0.00    0.00   clock clk (rise edge)
                          0.00    0.00   clock network delay (propagated)
                          2.00    2.00 v input external delay
     1    0.01    0.00    0.00    2.00 v rst (in)
                                         rst (net)
                  0.00    0.00    2.00 v input4/A (sky130_fd_sc_hd__clkdlybuf4s50_1)
     4    0.05    0.38    0.67    2.67 v input4/X (sky130_fd_sc_hd__clkdlybuf4s50_1)
                                         net4 (net)
                  0.38    0.00    2.68 v _10463_/A (sky130_fd_sc_hd__clkinvlp_4)
     4    0.03    0.17    0.30    2.98 ^ _10463_/Y (sky130_fd_sc_hd__clkinvlp_4)
                                         _00670_ (net)
                  0.17    0.00    2.98 ^ ENC.S1[24]$_DFFE_PP0P_/RESET_B (sky130_fd_sc_hd__dfrtp_1)
                                  2.98   data arrival time

                          0.00    0.00   clock clk (rise edge)
                          0.00    0.00   clock source latency
     1    0.08    0.00    0.00    0.00 ^ clk (in)
                                         clk (net)
                  0.00    0.00    0.00 ^ clkbuf_0_clk/A (sky130_fd_sc_hd__clkbuf_16)
    16    0.31    0.32    0.31    0.31 ^ clkbuf_0_clk/X (sky130_fd_sc_hd__clkbuf_16)
                                         clknet_0_clk (net)
                  0.32    0.01    0.32 ^ clkbuf_4_1_0_clk/A (sky130_fd_sc_hd__clkbuf_16)
    10    0.14    0.15    0.29    0.62 ^ clkbuf_4_1_0_clk/X (sky130_fd_sc_hd__clkbuf_16)
                                         clknet_4_1_0_clk (net)
                  0.15    0.00    0.62 ^ clkbuf_leaf_3_clk/A (sky130_fd_sc_hd__clkbuf_16)
     9    0.04    0.06    0.18    0.80 ^ clkbuf_leaf_3_clk/X (sky130_fd_sc_hd__clkbuf_16)
                                         clknet_leaf_3_clk (net)
                  0.06    0.00    0.80 ^ ENC.S1[24]$_DFFE_PP0P_/CLK (sky130_fd_sc_hd__dfrtp_1)
                          0.00    0.80   clock reconvergence pessimism
                          0.36    1.16   library removal time
                                  1.16   data required time
-----------------------------------------------------------------------------
                                  1.16   data required time
                                 -2.98   data arrival time
-----------------------------------------------------------------------------
                                  1.82   slack (MET)


Startpoint: ENC.ciphertext[62]$_DFFE_PP_
            (rising edge-triggered flip-flop clocked by clk)
Endpoint: cipher_reg[62]$_DFFE_PP_
          (rising edge-triggered flip-flop clocked by clk)
Path Group: clk
Path Type: min

Fanout     Cap    Slew   Delay    Time   Description
-----------------------------------------------------------------------------
                          0.00    0.00   clock clk (rise edge)
                          0.00    0.00   clock source latency
     1    0.08    0.00    0.00    0.00 ^ clk (in)
                                         clk (net)
                  0.00    0.00    0.00 ^ clkbuf_0_clk/A (sky130_fd_sc_hd__clkbuf_16)
    16    0.31    0.32    0.31    0.31 ^ clkbuf_0_clk/X (sky130_fd_sc_hd__clkbuf_16)
                                         clknet_0_clk (net)
                  0.32    0.01    0.32 ^ clkbuf_4_13_0_clk/A (sky130_fd_sc_hd__clkbuf_16)
    11    0.13    0.15    0.29    0.61 ^ clkbuf_4_13_0_clk/X (sky130_fd_sc_hd__clkbuf_16)
                                         clknet_4_13_0_clk (net)
                  0.15    0.00    0.62 ^ clkbuf_leaf_37_clk/A (sky130_fd_sc_hd__clkbuf_16)
    14    0.05    0.07    0.18    0.80 ^ clkbuf_leaf_37_clk/X (sky130_fd_sc_hd__clkbuf_16)
                                         clknet_leaf_37_clk (net)
                  0.07    0.00    0.80 ^ ENC.ciphertext[62]$_DFFE_PP_/CLK (sky130_fd_sc_hd__edfxtp_1)
     1    0.00    0.05    0.32    1.12 ^ ENC.ciphertext[62]$_DFFE_PP_/Q (sky130_fd_sc_hd__edfxtp_1)
                                         ENC.ciphertext[62] (net)
                  0.05    0.00    1.12 ^ cipher_reg[62]$_DFFE_PP_/D (sky130_fd_sc_hd__edfxtp_1)
                                  1.12   data arrival time

                          0.00    0.00   clock clk (rise edge)
                          0.00    0.00   clock source latency
     1    0.08    0.00    0.00    0.00 ^ clk (in)
                                         clk (net)
                  0.00    0.00    0.00 ^ clkbuf_0_clk/A (sky130_fd_sc_hd__clkbuf_16)
    16    0.31    0.32    0.31    0.31 ^ clkbuf_0_clk/X (sky130_fd_sc_hd__clkbuf_16)
                                         clknet_0_clk (net)
                  0.32    0.01    0.32 ^ clkbuf_4_13_0_clk/A (sky130_fd_sc_hd__clkbuf_16)
    11    0.13    0.15    0.29    0.61 ^ clkbuf_4_13_0_clk/X (sky130_fd_sc_hd__clkbuf_16)
                                         clknet_4_13_0_clk (net)
                  0.15    0.00    0.62 ^ clkbuf_leaf_62_clk/A (sky130_fd_sc_hd__clkbuf_16)
    15    0.06    0.07    0.19    0.81 ^ clkbuf_leaf_62_clk/X (sky130_fd_sc_hd__clkbuf_16)
                                         clknet_leaf_62_clk (net)
                  0.07    0.00    0.81 ^ cipher_reg[62]$_DFFE_PP_/CLK (sky130_fd_sc_hd__edfxtp_1)
                          0.00    0.81   clock reconvergence pessimism
                         -0.10    0.70   library hold time
                                  0.70   data required time
-----------------------------------------------------------------------------
                                  0.70   data required time
                                 -1.12   data arrival time
-----------------------------------------------------------------------------
                                  0.42   slack (MET)



==========================================================================
global route report_checks -path_delay max
--------------------------------------------------------------------------
Startpoint: rst (input port clocked by clk)
Endpoint: DEC.S2[58]$_DFFE_PP0P_ (recovery check against rising-edge clock clk)
Path Group: asynchronous
Path Type: max

Fanout     Cap    Slew   Delay    Time   Description
-----------------------------------------------------------------------------
                          0.00    0.00   clock clk (rise edge)
                          0.00    0.00   clock network delay (propagated)
                          2.00    2.00 v input external delay
     1    0.01    0.00    0.00    2.00 v rst (in)
                                         rst (net)
                  0.00    0.00    2.00 v input4/A (sky130_fd_sc_hd__clkdlybuf4s50_1)
     4    0.05    0.38    0.67    2.67 v input4/X (sky130_fd_sc_hd__clkdlybuf4s50_1)
                                         net4 (net)
                  0.38    0.00    2.68 v _10463_/A (sky130_fd_sc_hd__clkinvlp_4)
     4    0.03    0.17    0.30    2.98 ^ _10463_/Y (sky130_fd_sc_hd__clkinvlp_4)
                                         _00670_ (net)
                  0.17    0.00    2.98 ^ place278/A (sky130_fd_sc_hd__buf_12)
   151    0.91    1.01    0.73    3.71 ^ place278/X (sky130_fd_sc_hd__buf_12)
                                         net275 (net)
                  1.03    0.12    3.83 ^ place276/A (sky130_fd_sc_hd__buf_12)
   156    0.96    1.06    0.82    4.65 ^ place276/X (sky130_fd_sc_hd__buf_12)
                                         net273 (net)
                  1.09    0.14    4.78 ^ place275/A (sky130_fd_sc_hd__buf_4)
    82    0.44    1.17    1.05    5.83 ^ place275/X (sky130_fd_sc_hd__buf_4)
                                         net272 (net)
                  1.17    0.03    5.86 ^ DEC.S2[58]$_DFFE_PP0P_/RESET_B (sky130_fd_sc_hd__dfrtp_1)
                                  5.86   data arrival time

                         10.00   10.00   clock clk (rise edge)
                          0.00   10.00   clock source latency
     1    0.08    0.00    0.00   10.00 ^ clk (in)
                                         clk (net)
                  0.00    0.00   10.00 ^ clkbuf_0_clk/A (sky130_fd_sc_hd__clkbuf_16)
    16    0.31    0.32    0.31   10.31 ^ clkbuf_0_clk/X (sky130_fd_sc_hd__clkbuf_16)
                                         clknet_0_clk (net)
                  0.32    0.01   10.32 ^ clkbuf_4_14_0_clk/A (sky130_fd_sc_hd__clkbuf_16)
     9    0.13    0.14    0.29   10.61 ^ clkbuf_4_14_0_clk/X (sky130_fd_sc_hd__clkbuf_16)
                                         clknet_4_14_0_clk (net)
                  0.14    0.00   10.61 ^ clkbuf_leaf_78_clk/A (sky130_fd_sc_hd__clkbuf_16)
    10    0.04    0.06    0.18   10.79 ^ clkbuf_leaf_78_clk/X (sky130_fd_sc_hd__clkbuf_16)
                                         clknet_leaf_78_clk (net)
                  0.06    0.00   10.79 ^ DEC.S2[58]$_DFFE_PP0P_/CLK (sky130_fd_sc_hd__dfrtp_1)
                          0.00   10.79   clock reconvergence pessimism
                         -0.06   10.73   library recovery time
                                 10.73   data required time
-----------------------------------------------------------------------------
                                 10.73   data required time
                                 -5.86   data arrival time
-----------------------------------------------------------------------------
                                  4.87   slack (MET)


Startpoint: UART.tx$_DFFE_PP1P_ (rising edge-triggered flip-flop clocked by clk)
Endpoint: tx (output port clocked by clk)
Path Group: clk
Path Type: max

Fanout     Cap    Slew   Delay    Time   Description
-----------------------------------------------------------------------------
                          0.00    0.00   clock clk (rise edge)
                          0.00    0.00   clock source latency
     1    0.08    0.00    0.00    0.00 ^ clk (in)
                                         clk (net)
                  0.00    0.00    0.00 ^ clkbuf_0_clk/A (sky130_fd_sc_hd__clkbuf_16)
    16    0.31    0.32    0.31    0.31 ^ clkbuf_0_clk/X (sky130_fd_sc_hd__clkbuf_16)
                                         clknet_0_clk (net)
                  0.32    0.01    0.32 ^ clkbuf_4_15_0_clk/A (sky130_fd_sc_hd__clkbuf_16)
    11    0.15    0.17    0.31    0.63 ^ clkbuf_4_15_0_clk/X (sky130_fd_sc_hd__clkbuf_16)
                                         clknet_4_15_0_clk (net)
                  0.17    0.01    0.63 ^ clkbuf_leaf_73_clk/A (sky130_fd_sc_hd__clkbuf_16)
    11    0.04    0.06    0.19    0.82 ^ clkbuf_leaf_73_clk/X (sky130_fd_sc_hd__clkbuf_16)
                                         clknet_leaf_73_clk (net)
                  0.06    0.00    0.82 ^ UART.tx$_DFFE_PP1P_/CLK (sky130_fd_sc_hd__dfstp_2)
     2    0.01    0.06    0.54    1.36 ^ UART.tx$_DFFE_PP1P_/Q (sky130_fd_sc_hd__dfstp_2)
                                         net8 (net)
                  0.06    0.00    1.36 ^ output11/A (sky130_fd_sc_hd__clkdlybuf4s50_1)
     1    0.01    0.07    0.49    1.85 ^ output11/X (sky130_fd_sc_hd__clkdlybuf4s50_1)
                                         tx (net)
                  0.07    0.00    1.85 ^ tx (out)
                                  1.85   data arrival time

                         10.00   10.00   clock clk (rise edge)
                          0.00   10.00   clock network delay (propagated)
                          0.00   10.00   clock reconvergence pessimism
                         -5.00    5.00   output external delay
                                  5.00   data required time
-----------------------------------------------------------------------------
                                  5.00   data required time
                                 -1.85   data arrival time
-----------------------------------------------------------------------------
                                  3.15   slack (MET)



==========================================================================
global route report_checks -unconstrained
--------------------------------------------------------------------------
Startpoint: rst (input port clocked by clk)
Endpoint: DEC.S2[58]$_DFFE_PP0P_ (recovery check against rising-edge clock clk)
Path Group: asynchronous
Path Type: max

Fanout     Cap    Slew   Delay    Time   Description
-----------------------------------------------------------------------------
                          0.00    0.00   clock clk (rise edge)
                          0.00    0.00   clock network delay (propagated)
                          2.00    2.00 v input external delay
     1    0.01    0.00    0.00    2.00 v rst (in)
                                         rst (net)
                  0.00    0.00    2.00 v input4/A (sky130_fd_sc_hd__clkdlybuf4s50_1)
     4    0.05    0.38    0.67    2.67 v input4/X (sky130_fd_sc_hd__clkdlybuf4s50_1)
                                         net4 (net)
                  0.38    0.00    2.68 v _10463_/A (sky130_fd_sc_hd__clkinvlp_4)
     4    0.03    0.17    0.30    2.98 ^ _10463_/Y (sky130_fd_sc_hd__clkinvlp_4)
                                         _00670_ (net)
                  0.17    0.00    2.98 ^ place278/A (sky130_fd_sc_hd__buf_12)
   151    0.91    1.01    0.73    3.71 ^ place278/X (sky130_fd_sc_hd__buf_12)
                                         net275 (net)
                  1.03    0.12    3.83 ^ place276/A (sky130_fd_sc_hd__buf_12)
   156    0.96    1.06    0.82    4.65 ^ place276/X (sky130_fd_sc_hd__buf_12)
                                         net273 (net)
                  1.09    0.14    4.78 ^ place275/A (sky130_fd_sc_hd__buf_4)
    82    0.44    1.17    1.05    5.83 ^ place275/X (sky130_fd_sc_hd__buf_4)
                                         net272 (net)
                  1.17    0.03    5.86 ^ DEC.S2[58]$_DFFE_PP0P_/RESET_B (sky130_fd_sc_hd__dfrtp_1)
                                  5.86   data arrival time

                         10.00   10.00   clock clk (rise edge)
                          0.00   10.00   clock source latency
     1    0.08    0.00    0.00   10.00 ^ clk (in)
                                         clk (net)
                  0.00    0.00   10.00 ^ clkbuf_0_clk/A (sky130_fd_sc_hd__clkbuf_16)
    16    0.31    0.32    0.31   10.31 ^ clkbuf_0_clk/X (sky130_fd_sc_hd__clkbuf_16)
                                         clknet_0_clk (net)
                  0.32    0.01   10.32 ^ clkbuf_4_14_0_clk/A (sky130_fd_sc_hd__clkbuf_16)
     9    0.13    0.14    0.29   10.61 ^ clkbuf_4_14_0_clk/X (sky130_fd_sc_hd__clkbuf_16)
                                         clknet_4_14_0_clk (net)
                  0.14    0.00   10.61 ^ clkbuf_leaf_78_clk/A (sky130_fd_sc_hd__clkbuf_16)
    10    0.04    0.06    0.18   10.79 ^ clkbuf_leaf_78_clk/X (sky130_fd_sc_hd__clkbuf_16)
                                         clknet_leaf_78_clk (net)
                  0.06    0.00   10.79 ^ DEC.S2[58]$_DFFE_PP0P_/CLK (sky130_fd_sc_hd__dfrtp_1)
                          0.00   10.79   clock reconvergence pessimism
                         -0.06   10.73   library recovery time
                                 10.73   data required time
-----------------------------------------------------------------------------
                                 10.73   data required time
                                 -5.86   data arrival time
-----------------------------------------------------------------------------
                                  4.87   slack (MET)


Startpoint: UART.tx$_DFFE_PP1P_ (rising edge-triggered flip-flop clocked by clk)
Endpoint: tx (output port clocked by clk)
Path Group: clk
Path Type: max

Fanout     Cap    Slew   Delay    Time   Description
-----------------------------------------------------------------------------
                          0.00    0.00   clock clk (rise edge)
                          0.00    0.00   clock source latency
     1    0.08    0.00    0.00    0.00 ^ clk (in)
                                         clk (net)
                  0.00    0.00    0.00 ^ clkbuf_0_clk/A (sky130_fd_sc_hd__clkbuf_16)
    16    0.31    0.32    0.31    0.31 ^ clkbuf_0_clk/X (sky130_fd_sc_hd__clkbuf_16)
                                         clknet_0_clk (net)
                  0.32    0.01    0.32 ^ clkbuf_4_15_0_clk/A (sky130_fd_sc_hd__clkbuf_16)
    11    0.15    0.17    0.31    0.63 ^ clkbuf_4_15_0_clk/X (sky130_fd_sc_hd__clkbuf_16)
                                         clknet_4_15_0_clk (net)
                  0.17    0.01    0.63 ^ clkbuf_leaf_73_clk/A (sky130_fd_sc_hd__clkbuf_16)
    11    0.04    0.06    0.19    0.82 ^ clkbuf_leaf_73_clk/X (sky130_fd_sc_hd__clkbuf_16)
                                         clknet_leaf_73_clk (net)
                  0.06    0.00    0.82 ^ UART.tx$_DFFE_PP1P_/CLK (sky130_fd_sc_hd__dfstp_2)
     2    0.01    0.06    0.54    1.36 ^ UART.tx$_DFFE_PP1P_/Q (sky130_fd_sc_hd__dfstp_2)
                                         net8 (net)
                  0.06    0.00    1.36 ^ output11/A (sky130_fd_sc_hd__clkdlybuf4s50_1)
     1    0.01    0.07    0.49    1.85 ^ output11/X (sky130_fd_sc_hd__clkdlybuf4s50_1)
                                         tx (net)
                  0.07    0.00    1.85 ^ tx (out)
                                  1.85   data arrival time

                         10.00   10.00   clock clk (rise edge)
                          0.00   10.00   clock network delay (propagated)
                          0.00   10.00   clock reconvergence pessimism
                         -5.00    5.00   output external delay
                                  5.00   data required time
-----------------------------------------------------------------------------
                                  5.00   data required time
                                 -1.85   data arrival time
-----------------------------------------------------------------------------
                                  3.15   slack (MET)



==========================================================================
global route report_check_types -max_slew -max_cap -max_fanout -violators
--------------------------------------------------------------------------

==========================================================================
global route max_slew_check_slack
--------------------------------------------------------------------------
0.11005852371454239

==========================================================================
global route max_slew_check_limit
--------------------------------------------------------------------------
1.4892979860305786

==========================================================================
global route max_slew_check_slack_limit
--------------------------------------------------------------------------
0.0739

==========================================================================
global route max_fanout_check_slack
--------------------------------------------------------------------------
1.0000000150474662e+30

==========================================================================
global route max_fanout_check_limit
--------------------------------------------------------------------------
1.0000000150474662e+30

==========================================================================
global route max_capacitance_check_slack
--------------------------------------------------------------------------
0.004471114370971918

==========================================================================
global route max_capacitance_check_limit
--------------------------------------------------------------------------
0.0695900022983551

==========================================================================
global route max_capacitance_check_slack_limit
--------------------------------------------------------------------------
0.0642

==========================================================================
global route max_slew_violation_count
--------------------------------------------------------------------------
max slew violation count 0

==========================================================================
global route max_fanout_violation_count
--------------------------------------------------------------------------
max fanout violation count 0

==========================================================================
global route max_cap_violation_count
--------------------------------------------------------------------------
max cap violation count 0

==========================================================================
global route setup_violation_count
--------------------------------------------------------------------------
setup violation count 0

==========================================================================
global route hold_violation_count
--------------------------------------------------------------------------
hold violation count 0

==========================================================================
global route report_checks -path_delay max reg to reg
--------------------------------------------------------------------------
Startpoint: hum[6]$_DFFE_PP0P_ (rising edge-triggered flip-flop clocked by clk)
Endpoint: ENC.plaintext[54]$_DFFE_PP_
          (rising edge-triggered flip-flop clocked by clk)
Path Group: clk
Path Type: max

  Delay    Time   Description
---------------------------------------------------------
   0.00    0.00   clock clk (rise edge)
   0.00    0.00   clock source latency
   0.00    0.00 ^ clk (in)
   0.31    0.31 ^ clkbuf_0_clk/X (sky130_fd_sc_hd__clkbuf_16)
   0.31    0.62 ^ clkbuf_4_5_0_clk/X (sky130_fd_sc_hd__clkbuf_16)
   0.19    0.81 ^ clkbuf_leaf_28_clk/X (sky130_fd_sc_hd__clkbuf_16)
   0.00    0.81 ^ hum[6]$_DFFE_PP0P_/CLK (sky130_fd_sc_hd__dfrtp_1)
   0.63    1.44 v hum[6]$_DFFE_PP0P_/Q (sky130_fd_sc_hd__dfrtp_1)
   0.34    1.78 ^ _10024_/Y (sky130_fd_sc_hd__nor2_1)
   0.13    1.91 v _10099_/Y (sky130_fd_sc_hd__inv_1)
   0.38    2.29 v _13556_/SUM (sky130_fd_sc_hd__ha_1)
   0.20    2.49 v _10009_/Y (sky130_fd_sc_hd__nand2b_4)
   0.42    2.92 ^ _10036_/Y (sky130_fd_sc_hd__o21ai_0)
   0.25    3.16 v _10041_/Y (sky130_fd_sc_hd__o22ai_1)
   0.43    3.59 ^ _10064_/Y (sky130_fd_sc_hd__nor4b_2)
   0.34    3.93 v _10069_/Y (sky130_fd_sc_hd__o21ai_0)
   0.44    4.37 v _10070_/X (sky130_fd_sc_hd__or2_2)
   0.18    4.55 v _10158_/Y (sky130_fd_sc_hd__xnor2_1)
   0.28    4.83 v _13420_/COUT (sky130_fd_sc_hd__ha_1)
   0.14    4.97 ^ _10197_/Y (sky130_fd_sc_hd__nor2_1)
   0.06    5.03 v _10198_/Y (sky130_fd_sc_hd__nor3_1)
   0.28    5.30 v _10200_/X (sky130_fd_sc_hd__o31a_1)
   0.47    5.78 ^ _10210_/Y (sky130_fd_sc_hd__nor3_1)
   0.25    6.02 v _10365_/Y (sky130_fd_sc_hd__o21ai_0)
   0.20    6.22 v _10366_/Y (sky130_fd_sc_hd__xnor2_1)
   0.21    6.43 v _13423_/COUT (sky130_fd_sc_hd__ha_1)
   0.14    6.57 v _10221_/Y (sky130_fd_sc_hd__xnor2_1)
   0.00    6.57 v ENC.plaintext[54]$_DFFE_PP_/D (sky130_fd_sc_hd__edfxtp_1)
           6.57   data arrival time

  10.00   10.00   clock clk (rise edge)
   0.00   10.00   clock source latency
   0.00   10.00 ^ clk (in)
   0.31   10.31 ^ clkbuf_0_clk/X (sky130_fd_sc_hd__clkbuf_16)
   0.31   10.62 ^ clkbuf_4_5_0_clk/X (sky130_fd_sc_hd__clkbuf_16)
   0.19   10.81 ^ clkbuf_leaf_31_clk/X (sky130_fd_sc_hd__clkbuf_16)
   0.00   10.81 ^ ENC.plaintext[54]$_DFFE_PP_/CLK (sky130_fd_sc_hd__edfxtp_1)
   0.00   10.81   clock reconvergence pessimism
  -0.25   10.56   library setup time
          10.56   data required time
---------------------------------------------------------
          10.56   data required time
          -6.57   data arrival time
---------------------------------------------------------
           3.99   slack (MET)



==========================================================================
global route report_checks -path_delay min reg to reg
--------------------------------------------------------------------------
Startpoint: ENC.ciphertext[62]$_DFFE_PP_
            (rising edge-triggered flip-flop clocked by clk)
Endpoint: cipher_reg[62]$_DFFE_PP_
          (rising edge-triggered flip-flop clocked by clk)
Path Group: clk
Path Type: min

  Delay    Time   Description
---------------------------------------------------------
   0.00    0.00   clock clk (rise edge)
   0.00    0.00   clock source latency
   0.00    0.00 ^ clk (in)
   0.31    0.31 ^ clkbuf_0_clk/X (sky130_fd_sc_hd__clkbuf_16)
   0.30    0.61 ^ clkbuf_4_13_0_clk/X (sky130_fd_sc_hd__clkbuf_16)
   0.19    0.80 ^ clkbuf_leaf_37_clk/X (sky130_fd_sc_hd__clkbuf_16)
   0.00    0.80 ^ ENC.ciphertext[62]$_DFFE_PP_/CLK (sky130_fd_sc_hd__edfxtp_1)
   0.32    1.12 ^ ENC.ciphertext[62]$_DFFE_PP_/Q (sky130_fd_sc_hd__edfxtp_1)
   0.00    1.12 ^ cipher_reg[62]$_DFFE_PP_/D (sky130_fd_sc_hd__edfxtp_1)
           1.12   data arrival time

   0.00    0.00   clock clk (rise edge)
   0.00    0.00   clock source latency
   0.00    0.00 ^ clk (in)
   0.31    0.31 ^ clkbuf_0_clk/X (sky130_fd_sc_hd__clkbuf_16)
   0.30    0.61 ^ clkbuf_4_13_0_clk/X (sky130_fd_sc_hd__clkbuf_16)
   0.19    0.81 ^ clkbuf_leaf_62_clk/X (sky130_fd_sc_hd__clkbuf_16)
   0.00    0.81 ^ cipher_reg[62]$_DFFE_PP_/CLK (sky130_fd_sc_hd__edfxtp_1)
   0.00    0.81   clock reconvergence pessimism
  -0.10    0.70   library hold time
           0.70   data required time
---------------------------------------------------------
           0.70   data required time
          -1.12   data arrival time
---------------------------------------------------------
           0.42   slack (MET)



==========================================================================
global route critical path target clock latency max path
--------------------------------------------------------------------------
0.7926

==========================================================================
global route critical path target clock latency min path
--------------------------------------------------------------------------
0.8014

==========================================================================
global route critical path source clock latency min path
--------------------------------------------------------------------------
0.0000

==========================================================================
global route critical path delay
--------------------------------------------------------------------------
1.8497

==========================================================================
global route critical path slack
--------------------------------------------------------------------------
3.1503

==========================================================================
global route slack div critical path delay
--------------------------------------------------------------------------
170.314105

==========================================================================
global route report_power
--------------------------------------------------------------------------
Group                  Internal  Switching    Leakage      Total
                          Power      Power      Power      Power (Watts)
----------------------------------------------------------------
Sequential             6.46e-03   7.71e-07   1.93e-08   6.46e-03  49.3%
Combinational          7.51e-06   1.01e-04   1.68e-08   1.08e-04   0.8%
Clock                  3.60e-03   2.93e-03   2.69e-09   6.53e-03  49.8%
Macro                  0.00e+00   0.00e+00   0.00e+00   0.00e+00   0.0%
Pad                    0.00e+00   0.00e+00   0.00e+00   0.00e+00   0.0%
----------------------------------------------------------------
Total                  1.01e-02   3.03e-03   3.88e-08   1.31e-02 100.0%
                          76.9%      23.1%       0.0%
