Using Power View: av_typ.
Load RC corner of view av_typ

Begin Power Analysis

             0V	    VSS
           1.2V	    VDD

Begin Processing Timing Library for Power Calculation

Ended Processing Timing Library for Power Calculation: (cpu=0:00:00, real=0:00:00, mem(process/total/peak)=2521.86MB/4450.45MB/2521.86MB)



Begin Processing Power Net/Grid for Power Calculation

Ended Processing Power Net/Grid for Power Calculation: (cpu=0:00:00, real=0:00:00, mem(process/total/peak)=2521.86MB/4450.45MB/2521.86MB)

Begin Processing Timing Window Data for Power Calculation

CK: assigning clock clk to net clk
Ended Processing Timing Window Data for Power Calculation: (cpu=0:00:00, real=0:00:00, mem(process/total/peak)=2521.86MB/4450.45MB/2521.86MB)

Begin Processing User Attributes

Ended Processing User Attributes: (cpu=0:00:00, real=0:00:00, mem(process/total/peak)=2521.86MB/4450.45MB/2521.86MB)

Begin Processing Signal Activity


Starting Levelizing
2026-May-12 11:32:41 (2026-May-12 06:02:41 GMT)
2026-May-12 11:32:41 (2026-May-12 06:02:41 GMT): 10%
2026-May-12 11:32:41 (2026-May-12 06:02:41 GMT): 20%
2026-May-12 11:32:41 (2026-May-12 06:02:41 GMT): 30%
2026-May-12 11:32:41 (2026-May-12 06:02:41 GMT): 40%
2026-May-12 11:32:41 (2026-May-12 06:02:41 GMT): 50%
2026-May-12 11:32:41 (2026-May-12 06:02:41 GMT): 60%
2026-May-12 11:32:41 (2026-May-12 06:02:41 GMT): 70%
2026-May-12 11:32:41 (2026-May-12 06:02:41 GMT): 80%
2026-May-12 11:32:41 (2026-May-12 06:02:41 GMT): 90%

Finished Levelizing
2026-May-12 11:32:41 (2026-May-12 06:02:41 GMT)

Starting Activity Propagation
2026-May-12 11:32:41 (2026-May-12 06:02:41 GMT)
2026-May-12 11:32:41 (2026-May-12 06:02:41 GMT): 10%
2026-May-12 11:32:41 (2026-May-12 06:02:41 GMT): 20%

Finished Activity Propagation
2026-May-12 11:32:41 (2026-May-12 06:02:41 GMT)
Ended Processing Signal Activity: (cpu=0:00:00, real=0:00:00, mem(process/total/peak)=2521.86MB/4450.45MB/2521.86MB)

Begin Power Computation

      ----------------------------------------------------------
      # of cell(s) missing both power/leakage table: 0
      # of cell(s) missing power table: 0
      # of cell(s) missing leakage table: 0
      ----------------------------------------------------------



Starting Calculating power
2026-May-12 11:32:41 (2026-May-12 06:02:41 GMT)
 ... Calculating switching power
2026-May-12 11:32:41 (2026-May-12 06:02:41 GMT): 10%
2026-May-12 11:32:41 (2026-May-12 06:02:41 GMT): 20%
2026-May-12 11:32:41 (2026-May-12 06:02:41 GMT): 30%
2026-May-12 11:32:41 (2026-May-12 06:02:41 GMT): 40%
2026-May-12 11:32:41 (2026-May-12 06:02:41 GMT): 50%
 ... Calculating internal and leakage power
2026-May-12 11:32:41 (2026-May-12 06:02:41 GMT): 60%
2026-May-12 11:32:41 (2026-May-12 06:02:41 GMT): 70%
2026-May-12 11:32:41 (2026-May-12 06:02:41 GMT): 80%
2026-May-12 11:32:41 (2026-May-12 06:02:41 GMT): 90%

Finished Calculating power
2026-May-12 11:32:41 (2026-May-12 06:02:41 GMT)
      # of MSMV cell(s) missing power_level: 0
Ended Power Computation: (cpu=0:00:00, real=0:00:00, mem(process/total/peak)=2522.21MB/4450.45MB/2522.21MB)

Begin Processing User Attributes

Ended Processing User Attributes: (cpu=0:00:00, real=0:00:00, mem(process/total/peak)=2522.21MB/4450.45MB/2522.21MB)

Ended Power Analysis: (cpu=0:00:00, real=0:00:00, mem(process/total/peak)=2522.21MB/4450.45MB/2522.21MB)

Begin Boundary Leakage Calculation
Ended Boundary Leakage Calculation: (cpu=0:00:00, real=0:00:00,
mem(process/total/peak)=2522.21MB/4450.45MB/2522.21MB)
Begin Static Power Report Generation
*----------------------------------------------------------------------------------------
*	Innovus 21.19-s058_1 (64bit) 04/04/2024 09:59 (Linux 3.10.0-693.el7.x86_64)
*	
*
* 	Date & Time:	2026-May-12 11:32:41 (2026-May-12 06:02:41 GMT)
*
*----------------------------------------------------------------------------------------
*
*	Design: top_dht11_ascon_uart
*
*	Parasitic Files used:
*
*       Power View : av_typ
*
*       User-Defined Activity : N.A.
*
*       Activity File: N.A.
*
*       Hierarchical Global Activity: N.A.
*
*       Global Activity: N.A.
*
*       Sequential Element Activity: 0.200000
*
*       Primary Input Activity: 0.200000
*
*       Default icg ratio: N.A.
*
*       Global Comb ClockGate Ratio: N.A.
*
*	Power Units = 1mW
*
*	Time Units = 1e-09 secs
*
*       report_power
*
-----------------------------------------------------------------------------------------
*



Total Power
-----------------------------------------------------------------------------------------
Total Internal Power:        1.79804411 	   68.6364%
Total Switching Power:       0.82031170 	   31.3136%
Total Leakage Power:         0.00130976 	    0.0500%
Total Power:                 2.61966558
-----------------------------------------------------------------------------------------


Group                           Internal   Switching     Leakage       Total  Percentage 
                                Power      Power         Power         Power  (%)        
-----------------------------------------------------------------------------------------
Sequential                         1.389      0.2152   0.0005521       1.605       61.27
Macro                                  0           0           0           0           0
IO                                     0           0           0           0           0
Combinational                     0.4087      0.6051   0.0007576       1.015       38.73
Clock (Combinational)                  0           0           0           0           0
Clock (Sequential)                     0           0           0           0           0
-----------------------------------------------------------------------------------------
Total                              1.798      0.8203     0.00131        2.62         100
-----------------------------------------------------------------------------------------


Rail                  Voltage   Internal   Switching     Leakage       Total  Percentage 
                                Power      Power         Power         Power  (%)        
-----------------------------------------------------------------------------------------
VDD                       1.2      1.798      0.8203     0.00131        2.62         100
 
 
-----------------------------------------------------------------------------------------
*	Power Distribution Summary: 
*              Highest Average Power:       ENC/FE_OFC227_n_611 (CKINVM6TP):         0.003257
*              Highest Leakage Power:        DEC/P/g14627__7482 (XOR4M1TP):         6.65e-07
*                Total Cap:      4.71605e-11 F
*                Total instances in design:  7102
*                Total instances in design with no power:     0
*                Total instances in design with no activty:     0

*                Total Fillers and Decap:     0
-----------------------------------------------------------------------------------------
 
** INFO:  (VOLTUS_POWR-3465): There are 0 decaps and 0 fillers in the design

Ended Static Power Report Generation: (cpu=0:00:00, real=0:00:00,
mem(process/total/peak)=2523.76MB/4450.45MB/2523.76MB)

