###############################################################
#  Generated by:      Cadence Innovus 21.19-s058_1
#  OS:                Linux x86_64(Host ID c2s3.gectcr.ac.in)
#  Generated on:      Tue May 12 11:32:41 2026
#  Design:            top_dht11_ascon_uart
#  Command:           report_timing > $REPORT_DIR/timing.rpt
###############################################################
Path 1: MET Setup Check with Pin nonce_counter_reg[127]/CK 
Endpoint:   nonce_counter_reg[127]/D (v) checked with  leading edge of 'clk'
Beginpoint: nonce_counter_reg[4]/Q   (^) triggered by  leading edge of 'clk'
Path Groups: {clk}
Analysis View: av_typ
Other End Arrival Time          0.000
- Setup                         0.004
+ Phase Shift                  10.000
= Required Time                 9.996
- Arrival Time                  9.836
= Slack Time                    0.160
     Clock Rise Edge                 0.000
     + Clock Network Latency (Ideal) 0.000
     = Beginpoint Arrival Time       0.000
     +--------------------------------------------------------------------------------+ 
     |        Instance        |     Arc     |    Cell    | Delay | Arrival | Required | 
     |                        |             |            |       |  Time   |   Time   | 
     |------------------------+-------------+------------+-------+---------+----------| 
     | nonce_counter_reg[4]   | CK ^        |            |       |   0.000 |    0.160 | 
     | nonce_counter_reg[4]   | CK ^ -> Q ^ | DFQRM1TP   | 0.214 |   0.214 |    0.374 | 
     | add_131_40_g1591       | A ^ -> Z ^  | AN2M1TP    | 0.106 |   0.320 |    0.480 | 
     | add_131_40_g1589       | A ^ -> CO ^ | ADHM1TP    | 0.081 |   0.401 |    0.561 | 
     | add_131_40_g1588       | A ^ -> CO ^ | ADHM1TP    | 0.082 |   0.483 |    0.643 | 
     | add_131_40_g1587       | A ^ -> CO ^ | ADHM1TP    | 0.077 |   0.560 |    0.720 | 
     | add_131_40_g1586       | A ^ -> CO ^ | ADHM1TP    | 0.076 |   0.636 |    0.796 | 
     | add_131_40_g1585       | A ^ -> CO ^ | ADHM1TP    | 0.077 |   0.713 |    0.873 | 
     | add_131_40_g1584       | A ^ -> CO ^ | ADHM1TP    | 0.077 |   0.790 |    0.950 | 
     | add_131_40_g1583       | A ^ -> CO ^ | ADHM1TP    | 0.074 |   0.864 |    1.024 | 
     | add_131_40_g1582       | A ^ -> CO ^ | ADHM1TP    | 0.080 |   0.943 |    1.103 | 
     | add_131_40_g1581       | A ^ -> CO ^ | ADHM1TP    | 0.077 |   1.021 |    1.181 | 
     | add_131_40_g1580       | A ^ -> CO ^ | ADHM1TP    | 0.077 |   1.098 |    1.258 | 
     | add_131_40_g1579       | A ^ -> CO ^ | ADHM1TP    | 0.077 |   1.174 |    1.335 | 
     | add_131_40_g1578       | A ^ -> CO ^ | ADHM1TP    | 0.076 |   1.251 |    1.411 | 
     | add_131_40_g1577       | A ^ -> CO ^ | ADHM1TP    | 0.075 |   1.326 |    1.486 | 
     | add_131_40_g1576       | A ^ -> CO ^ | ADHM1TP    | 0.074 |   1.399 |    1.560 | 
     | add_131_40_g1575       | A ^ -> CO ^ | ADHM1TP    | 0.073 |   1.473 |    1.633 | 
     | add_131_40_g1574       | A ^ -> CO ^ | ADHM1TP    | 0.073 |   1.546 |    1.706 | 
     | add_131_40_g1573       | A ^ -> CO ^ | ADHM1TP    | 0.076 |   1.622 |    1.782 | 
     | add_131_40_g1572       | A ^ -> CO ^ | ADHM1TP    | 0.075 |   1.697 |    1.857 | 
     | add_131_40_g1571       | A ^ -> CO ^ | ADHM1TP    | 0.078 |   1.775 |    1.935 | 
     | add_131_40_g1570       | A ^ -> CO ^ | ADHM1TP    | 0.077 |   1.852 |    2.012 | 
     | add_131_40_g1569       | A ^ -> CO ^ | ADHM1TP    | 0.074 |   1.926 |    2.086 | 
     | add_131_40_g1568       | A ^ -> CO ^ | ADHM1TP    | 0.076 |   2.002 |    2.163 | 
     | add_131_40_g1567       | A ^ -> CO ^ | ADHM1TP    | 0.077 |   2.079 |    2.239 | 
     | add_131_40_g1566       | A ^ -> CO ^ | ADHM1TP    | 0.074 |   2.153 |    2.314 | 
     | add_131_40_g1565       | A ^ -> CO ^ | ADHM1TP    | 0.074 |   2.227 |    2.388 | 
     | add_131_40_g1564       | A ^ -> CO ^ | ADHM1TP    | 0.075 |   2.303 |    2.463 | 
     | add_131_40_g1563       | A ^ -> CO ^ | ADHM1TP    | 0.074 |   2.377 |    2.537 | 
     | add_131_40_g1562       | A ^ -> CO ^ | ADHM1TP    | 0.074 |   2.451 |    2.611 | 
     | add_131_40_g1561       | A ^ -> CO ^ | ADHM1TP    | 0.076 |   2.527 |    2.687 | 
     | add_131_40_g1560       | A ^ -> CO ^ | ADHM1TP    | 0.075 |   2.601 |    2.762 | 
     | add_131_40_g1559       | A ^ -> CO ^ | ADHM1TP    | 0.083 |   2.685 |    2.845 | 
     | add_131_40_g1558       | A ^ -> CO ^ | ADHM1TP    | 0.081 |   2.765 |    2.926 | 
     | add_131_40_g1557       | A ^ -> CO ^ | ADHM1TP    | 0.076 |   2.841 |    3.001 | 
     | add_131_40_g1556       | A ^ -> CO ^ | ADHM1TP    | 0.082 |   2.923 |    3.084 | 
     | add_131_40_g1555       | A ^ -> CO ^ | ADHM1TP    | 0.076 |   3.000 |    3.160 | 
     | add_131_40_g1554       | A ^ -> CO ^ | ADHM1TP    | 0.076 |   3.075 |    3.235 | 
     | add_131_40_g1553       | A ^ -> CO ^ | ADHM1TP    | 0.075 |   3.150 |    3.310 | 
     | add_131_40_g1552       | A ^ -> CO ^ | ADHM1TP    | 0.075 |   3.225 |    3.385 | 
     | add_131_40_g1551       | A ^ -> CO ^ | ADHM1TP    | 0.075 |   3.299 |    3.460 | 
     | add_131_40_g1550       | A ^ -> CO ^ | ADHM1TP    | 0.078 |   3.377 |    3.538 | 
     | add_131_40_g1549       | A ^ -> CO ^ | ADHM1TP    | 0.076 |   3.454 |    3.614 | 
     | add_131_40_g1548       | A ^ -> CO ^ | ADHM1TP    | 0.075 |   3.528 |    3.689 | 
     | add_131_40_g1547       | A ^ -> CO ^ | ADHM1TP    | 0.081 |   3.609 |    3.769 | 
     | add_131_40_g1546       | A ^ -> CO ^ | ADHM1TP    | 0.080 |   3.689 |    3.849 | 
     | add_131_40_g1545       | A ^ -> CO ^ | ADHM1TP    | 0.074 |   3.764 |    3.924 | 
     | add_131_40_g1544       | A ^ -> CO ^ | ADHM1TP    | 0.078 |   3.842 |    4.002 | 
     | add_131_40_g1543       | A ^ -> CO ^ | ADHM1TP    | 0.076 |   3.918 |    4.078 | 
     | add_131_40_g1542       | A ^ -> CO ^ | ADHM1TP    | 0.075 |   3.993 |    4.153 | 
     | add_131_40_g1541       | A ^ -> CO ^ | ADHM1TP    | 0.084 |   4.077 |    4.237 | 
     | add_131_40_g1540       | A ^ -> CO ^ | ADHM1TP    | 0.078 |   4.155 |    4.316 | 
     | add_131_40_g1539       | A ^ -> CO ^ | ADHM1TP    | 0.075 |   4.230 |    4.390 | 
     | add_131_40_g1538       | A ^ -> CO ^ | ADHM1TP    | 0.075 |   4.305 |    4.465 | 
     | add_131_40_g1537       | A ^ -> CO ^ | ADHM1TP    | 0.076 |   4.381 |    4.541 | 
     | add_131_40_g1536       | A ^ -> CO ^ | ADHM1TP    | 0.076 |   4.457 |    4.617 | 
     | add_131_40_g1535       | A ^ -> CO ^ | ADHM1TP    | 0.075 |   4.532 |    4.692 | 
     | add_131_40_g1534       | A ^ -> CO ^ | ADHM1TP    | 0.075 |   4.607 |    4.767 | 
     | add_131_40_g1533       | A ^ -> CO ^ | ADHM1TP    | 0.098 |   4.705 |    4.865 | 
     | FE_RC_3_0              | B ^ -> Z ^  | AN2M2TP    | 0.110 |   4.816 |    4.976 | 
     | add_131_40_g1531       | A ^ -> CO ^ | ADHM1TP    | 0.095 |   4.911 |    5.071 | 
     | add_131_40_g1530       | A ^ -> CO ^ | ADHM1TP    | 0.078 |   4.988 |    5.149 | 
     | add_131_40_g1529       | A ^ -> CO ^ | ADHM1TP    | 0.084 |   5.072 |    5.232 | 
     | add_131_40_g1528       | A ^ -> CO ^ | ADHM1TP    | 0.081 |   5.153 |    5.314 | 
     | add_131_40_g1527       | A ^ -> CO ^ | ADHM1TP    | 0.083 |   5.236 |    5.397 | 
     | add_131_40_g1526       | A ^ -> CO ^ | ADHM1TP    | 0.080 |   5.317 |    5.477 | 
     | add_131_40_g1525       | A ^ -> CO ^ | ADHM1TP    | 0.076 |   5.393 |    5.553 | 
     | add_131_40_g1524       | A ^ -> CO ^ | ADHM1TP    | 0.074 |   5.467 |    5.627 | 
     | add_131_40_g1523       | A ^ -> CO ^ | ADHM1TP    | 0.074 |   5.541 |    5.702 | 
     | add_131_40_g1522       | A ^ -> CO ^ | ADHM1TP    | 0.074 |   5.615 |    5.775 | 
     | add_131_40_g1521       | A ^ -> CO ^ | ADHM1TP    | 0.074 |   5.689 |    5.849 | 
     | add_131_40_g1520       | A ^ -> CO ^ | ADHM1TP    | 0.078 |   5.767 |    5.927 | 
     | add_131_40_g1519       | A ^ -> CO ^ | ADHM1TP    | 0.079 |   5.846 |    6.006 | 
     | add_131_40_g1518       | A ^ -> CO ^ | ADHM1TP    | 0.081 |   5.927 |    6.087 | 
     | add_131_40_g1517       | A ^ -> CO ^ | ADHM1TP    | 0.078 |   6.005 |    6.165 | 
     | add_131_40_g1516       | A ^ -> CO ^ | ADHM1TP    | 0.078 |   6.083 |    6.243 | 
     | add_131_40_g1515       | A ^ -> CO ^ | ADHM1TP    | 0.076 |   6.159 |    6.319 | 
     | add_131_40_g1514       | A ^ -> CO ^ | ADHM1TP    | 0.075 |   6.233 |    6.394 | 
     | add_131_40_g1513       | A ^ -> CO ^ | ADHM1TP    | 0.078 |   6.312 |    6.472 | 
     | add_131_40_g1512       | A ^ -> CO ^ | ADHM1TP    | 0.076 |   6.387 |    6.548 | 
     | add_131_40_g1511       | A ^ -> CO ^ | ADHM1TP    | 0.074 |   6.461 |    6.621 | 
     | add_131_40_g1510       | A ^ -> CO ^ | ADHM1TP    | 0.074 |   6.535 |    6.695 | 
     | add_131_40_g1509       | A ^ -> CO ^ | ADHM1TP    | 0.080 |   6.615 |    6.775 | 
     | add_131_40_g1508       | A ^ -> CO ^ | ADHM1TP    | 0.077 |   6.691 |    6.852 | 
     | add_131_40_g1507       | A ^ -> CO ^ | ADHM1TP    | 0.074 |   6.766 |    6.926 | 
     | add_131_40_g1506       | A ^ -> CO ^ | ADHM1TP    | 0.075 |   6.840 |    7.001 | 
     | add_131_40_g1505       | A ^ -> CO ^ | ADHM1TP    | 0.075 |   6.915 |    7.075 | 
     | add_131_40_g1504       | A ^ -> CO ^ | ADHM1TP    | 0.074 |   6.989 |    7.149 | 
     | add_131_40_g1503       | A ^ -> CO ^ | ADHM1TP    | 0.077 |   7.066 |    7.226 | 
     | add_131_40_g1502       | A ^ -> CO ^ | ADHM1TP    | 0.076 |   7.141 |    7.302 | 
     | add_131_40_g1501       | A ^ -> CO ^ | ADHM1TP    | 0.075 |   7.216 |    7.376 | 
     | add_131_40_g1500       | A ^ -> CO ^ | ADHM1TP    | 0.075 |   7.291 |    7.451 | 
     | add_131_40_g1499       | A ^ -> CO ^ | ADHM1TP    | 0.075 |   7.366 |    7.526 | 
     | add_131_40_g1498       | A ^ -> CO ^ | ADHM1TP    | 0.074 |   7.440 |    7.600 | 
     | add_131_40_g1497       | A ^ -> CO ^ | ADHM1TP    | 0.073 |   7.513 |    7.674 | 
     | add_131_40_g1496       | A ^ -> CO ^ | ADHM1TP    | 0.074 |   7.588 |    7.748 | 
     | add_131_40_g1495       | A ^ -> CO ^ | ADHM1TP    | 0.074 |   7.662 |    7.822 | 
     | add_131_40_g1494       | A ^ -> CO ^ | ADHM1TP    | 0.075 |   7.737 |    7.897 | 
     | add_131_40_g1493       | A ^ -> CO ^ | ADHM1TP    | 0.074 |   7.811 |    7.971 | 
     | add_131_40_g1492       | A ^ -> CO ^ | ADHM1TP    | 0.073 |   7.884 |    8.044 | 
     | add_131_40_g1491       | A ^ -> CO ^ | ADHM1TP    | 0.073 |   7.958 |    8.118 | 
     | add_131_40_g1490       | A ^ -> CO ^ | ADHM1TP    | 0.077 |   8.035 |    8.195 | 
     | add_131_40_g1489       | A ^ -> CO ^ | ADHM1TP    | 0.079 |   8.114 |    8.274 | 
     | add_131_40_g1488       | A ^ -> CO ^ | ADHM1TP    | 0.080 |   8.193 |    8.354 | 
     | add_131_40_g1487       | A ^ -> CO ^ | ADHM1TP    | 0.081 |   8.274 |    8.435 | 
     | add_131_40_g1486       | A ^ -> CO ^ | ADHM1TP    | 0.077 |   8.351 |    8.511 | 
     | add_131_40_g1485       | A ^ -> CO ^ | ADHM1TP    | 0.075 |   8.426 |    8.586 | 
     | add_131_40_g1484       | A ^ -> CO ^ | ADHM1TP    | 0.078 |   8.503 |    8.664 | 
     | add_131_40_g1483       | A ^ -> CO ^ | ADHM1TP    | 0.075 |   8.579 |    8.739 | 
     | add_131_40_g1482       | A ^ -> CO ^ | ADHM1TP    | 0.078 |   8.657 |    8.817 | 
     | add_131_40_g1481       | A ^ -> CO ^ | ADHM1TP    | 0.076 |   8.733 |    8.893 | 
     | add_131_40_g1480       | A ^ -> CO ^ | ADHM1TP    | 0.076 |   8.809 |    8.969 | 
     | add_131_40_g1479       | A ^ -> CO ^ | ADHM1TP    | 0.075 |   8.884 |    9.044 | 
     | add_131_40_g1478       | A ^ -> CO ^ | ADHM1TP    | 0.082 |   8.965 |    9.126 | 
     | add_131_40_g1477       | A ^ -> CO ^ | ADHM1TP    | 0.076 |   9.042 |    9.202 | 
     | add_131_40_g1476       | A ^ -> CO ^ | ADHM1TP    | 0.073 |   9.115 |    9.275 | 
     | add_131_40_g1475       | A ^ -> CO ^ | ADHM1TP    | 0.076 |   9.190 |    9.351 | 
     | add_131_40_g1474       | A ^ -> CO ^ | ADHM1TP    | 0.075 |   9.265 |    9.426 | 
     | add_131_40_g1473       | A ^ -> CO ^ | ADHM1TP    | 0.074 |   9.339 |    9.499 | 
     | add_131_40_g1472       | A ^ -> CO ^ | ADHM1TP    | 0.074 |   9.413 |    9.573 | 
     | add_131_40_g1471       | A ^ -> CO ^ | ADHM1TP    | 0.075 |   9.488 |    9.648 | 
     | add_131_40_g1470       | A ^ -> CO ^ | ADHM1TP    | 0.083 |   9.571 |    9.731 | 
     | add_131_40_g1469       | A ^ -> Z v  | ND2M1TP    | 0.053 |   9.624 |    9.784 | 
     | add_131_40_g1467       | B1 v -> Z v | MOAI22M1TP | 0.097 |   9.721 |    9.881 | 
     | g76762                 | A2 v -> Z v | AO22M1TP   | 0.115 |   9.836 |    9.996 | 
     | nonce_counter_reg[127] | D v         | DFQRM1TP   | 0.000 |   9.836 |    9.996 | 
     +--------------------------------------------------------------------------------+ 

