============================================================
  Generated by:           Genus(TM) Synthesis Solution 21.19-s055_1
  Generated on:           Apr 21 2026  03:56:32 pm
  Module:                 top_dht11_ascon_uart
  Technology library:     u055lsclpmvbpr_132c-40_bc 
  Operating conditions:   u055lsclpmvbpr_132c-40_bc (balanced_tree)
  Wireload mode:          top
  Area mode:              timing library
============================================================

      Instance              Module         Cell Count  Cell Area  Net Area   Total Area  Wireload  
---------------------------------------------------------------------------------------------------
top_dht11_ascon_uart                             7038  38163.360     0.000    38163.360   wl0 (D)  
  DEC                ascon128a_aead_dec          2826  12963.840     0.000    12963.840   wl0 (T)  
    P                ascon_perm_109              1389   5310.240     0.000     5310.240   wl0 (T)  
  DHT                dht11_timing_correct         284   1986.240     0.000     1986.240   wl0 (T)  
  ENC                ascon128a_aead              2968  15646.080     0.000    15646.080   wl0 (T)  
    P                ascon_perm                  1381   5297.760     0.000     5297.760   wl0 (T)  
  UART               uart_tx_icg                  118    675.360     0.000      675.360   wl0 (T)  
  (D) = wireload is default in technology library
  (T) = wireload mode is 'top'
