============================================================
  Generated by:           Genus(TM) Synthesis Solution 21.19-s055_1
  Generated on:           Apr 21 2026  03:56:32 pm
  Module:                 top_dht11_ascon_uart
  Operating conditions:   u055lsclpmvbpr_132c-40_bc (balanced_tree)
  Wireload mode:          top
  Area mode:              timing library
============================================================


Path 1: MET (5444 ps) Setup Check with Pin nonce_counter_reg[127]/CK->D
          Group: clk
     Startpoint: (R) nonce_counter_reg[4]/CK
          Clock: (R) clk
       Endpoint: (F) nonce_counter_reg[127]/D
          Clock: (R) clk

                     Capture       Launch     
        Clock Edge:+   10000            0     
       Src Latency:+       0            0     
       Net Latency:+       0 (I)        0 (I) 
           Arrival:=   10000            0     
                                              
             Setup:-       2                  
     Required Time:=    9998                  
      Launch Clock:-       0                  
         Data Path:-    4553                  
             Slack:=    5444                  

#--------------------------------------------------------------------------------------------------
#      Timing Point        Flags   Arc   Edge    Cell     Fanout Load Trans Delay Arrival Instance 
#                                                                (fF)  (ps)  (ps)   (ps)  Location 
#--------------------------------------------------------------------------------------------------
  nonce_counter_reg[4]/CK  -       -     R     (arrival)    1457    -     0     0       0    (-,-) 
  nonce_counter_reg[4]/Q   -       CK->Q R     DFQRM2TP        6  8.1    39    78      78    (-,-) 
  add_131_40_g1591/Z       -       A->Z  R     AN2M2TP         2  4.1    26    43     121    (-,-) 
  add_131_40_g1589/CO      -       A->CO R     ADHM2TP         1  2.4    20    37     158    (-,-) 
  add_131_40_g1588/CO      -       A->CO R     ADHM2TP         1  2.4    20    36     194    (-,-) 
  add_131_40_g1587/CO      -       A->CO R     ADHM2TP         1  2.4    20    36     230    (-,-) 
  add_131_40_g1586/CO      -       A->CO R     ADHM2TP         1  2.4    20    36     266    (-,-) 
  add_131_40_g1585/CO      -       A->CO R     ADHM2TP         1  2.4    20    36     302    (-,-) 
  add_131_40_g1584/CO      -       A->CO R     ADHM2TP         1  2.4    20    36     338    (-,-) 
  add_131_40_g1583/CO      -       A->CO R     ADHM2TP         1  2.4    20    36     373    (-,-) 
  add_131_40_g1582/CO      -       A->CO R     ADHM2TP         1  2.4    20    36     409    (-,-) 
  add_131_40_g1581/CO      -       A->CO R     ADHM2TP         1  2.4    20    36     445    (-,-) 
  add_131_40_g1580/CO      -       A->CO R     ADHM2TP         1  2.4    20    36     481    (-,-) 
  add_131_40_g1579/CO      -       A->CO R     ADHM2TP         1  2.4    20    36     516    (-,-) 
  add_131_40_g1578/CO      -       A->CO R     ADHM2TP         1  2.4    20    36     552    (-,-) 
  add_131_40_g1577/CO      -       A->CO R     ADHM2TP         1  2.4    20    36     588    (-,-) 
  add_131_40_g1576/CO      -       A->CO R     ADHM2TP         1  2.4    20    36     624    (-,-) 
  add_131_40_g1575/CO      -       A->CO R     ADHM2TP         1  2.4    20    36     660    (-,-) 
  add_131_40_g1574/CO      -       A->CO R     ADHM2TP         1  2.4    20    36     696    (-,-) 
  add_131_40_g1573/CO      -       A->CO R     ADHM2TP         1  2.4    20    36     731    (-,-) 
  add_131_40_g1572/CO      -       A->CO R     ADHM2TP         1  2.4    20    36     767    (-,-) 
  add_131_40_g1571/CO      -       A->CO R     ADHM2TP         1  2.4    20    36     803    (-,-) 
  add_131_40_g1570/CO      -       A->CO R     ADHM2TP         1  2.4    20    36     839    (-,-) 
  add_131_40_g1569/CO      -       A->CO R     ADHM2TP         1  2.4    20    36     874    (-,-) 
  add_131_40_g1568/CO      -       A->CO R     ADHM2TP         1  2.4    20    36     910    (-,-) 
  add_131_40_g1567/CO      -       A->CO R     ADHM2TP         1  2.4    20    36     946    (-,-) 
  add_131_40_g1566/CO      -       A->CO R     ADHM2TP         1  2.4    20    36     982    (-,-) 
  add_131_40_g1565/CO      -       A->CO R     ADHM2TP         1  2.4    20    36    1018    (-,-) 
  add_131_40_g1564/CO      -       A->CO R     ADHM2TP         1  2.4    20    36    1054    (-,-) 
  add_131_40_g1563/CO      -       A->CO R     ADHM2TP         1  2.4    20    36    1089    (-,-) 
  add_131_40_g1562/CO      -       A->CO R     ADHM2TP         1  2.4    20    36    1125    (-,-) 
  add_131_40_g1561/CO      -       A->CO R     ADHM2TP         1  2.4    20    36    1161    (-,-) 
  add_131_40_g1560/CO      -       A->CO R     ADHM2TP         1  2.4    20    36    1197    (-,-) 
  add_131_40_g1559/CO      -       A->CO R     ADHM2TP         1  2.4    20    36    1232    (-,-) 
  add_131_40_g1558/CO      -       A->CO R     ADHM2TP         1  2.4    20    36    1268    (-,-) 
  add_131_40_g1557/CO      -       A->CO R     ADHM2TP         1  2.4    20    36    1304    (-,-) 
  add_131_40_g1556/CO      -       A->CO R     ADHM2TP         1  2.4    20    36    1340    (-,-) 
  add_131_40_g1555/CO      -       A->CO R     ADHM2TP         1  2.4    20    36    1376    (-,-) 
  add_131_40_g1554/CO      -       A->CO R     ADHM2TP         1  2.4    20    36    1412    (-,-) 
  add_131_40_g1553/CO      -       A->CO R     ADHM2TP         1  2.4    20    36    1447    (-,-) 
  add_131_40_g1552/CO      -       A->CO R     ADHM2TP         1  2.4    20    36    1483    (-,-) 
  add_131_40_g1551/CO      -       A->CO R     ADHM2TP         1  2.4    20    36    1519    (-,-) 
  add_131_40_g1550/CO      -       A->CO R     ADHM2TP         1  2.4    20    36    1555    (-,-) 
  add_131_40_g1549/CO      -       A->CO R     ADHM2TP         1  2.4    20    36    1590    (-,-) 
  add_131_40_g1548/CO      -       A->CO R     ADHM2TP         1  2.4    20    36    1626    (-,-) 
  add_131_40_g1547/CO      -       A->CO R     ADHM2TP         1  2.4    20    36    1662    (-,-) 
  add_131_40_g1546/CO      -       A->CO R     ADHM2TP         1  2.4    20    36    1698    (-,-) 
  add_131_40_g1545/CO      -       A->CO R     ADHM2TP         1  2.4    20    36    1734    (-,-) 
  add_131_40_g1544/CO      -       A->CO R     ADHM2TP         1  2.4    20    36    1770    (-,-) 
  add_131_40_g1543/CO      -       A->CO R     ADHM2TP         1  2.4    20    36    1805    (-,-) 
  add_131_40_g1542/CO      -       A->CO R     ADHM2TP         1  2.4    20    36    1841    (-,-) 
  add_131_40_g1541/CO      -       A->CO R     ADHM2TP         1  2.4    20    36    1877    (-,-) 
  add_131_40_g1540/CO      -       A->CO R     ADHM2TP         1  2.4    20    36    1913    (-,-) 
  add_131_40_g1539/CO      -       A->CO R     ADHM2TP         1  2.4    20    36    1948    (-,-) 
  add_131_40_g1538/CO      -       A->CO R     ADHM2TP         1  2.4    20    36    1984    (-,-) 
  add_131_40_g1537/CO      -       A->CO R     ADHM2TP         1  2.4    20    36    2020    (-,-) 
  add_131_40_g1536/CO      -       A->CO R     ADHM2TP         1  2.4    20    36    2056    (-,-) 
  add_131_40_g1535/CO      -       A->CO R     ADHM2TP         1  2.4    20    36    2092    (-,-) 
  add_131_40_g1534/CO      -       A->CO R     ADHM2TP         1  2.4    20    36    2128    (-,-) 
  add_131_40_g1533/CO      -       A->CO R     ADHM2TP         1  2.4    20    36    2163    (-,-) 
  add_131_40_g1532/CO      -       A->CO R     ADHM2TP         1  2.4    20    36    2199    (-,-) 
  add_131_40_g1531/CO      -       A->CO R     ADHM2TP         1  2.4    20    36    2235    (-,-) 
  add_131_40_g1530/CO      -       A->CO R     ADHM2TP         1  2.4    20    36    2271    (-,-) 
  add_131_40_g1529/CO      -       A->CO R     ADHM2TP         1  2.4    20    36    2306    (-,-) 
  add_131_40_g1528/CO      -       A->CO R     ADHM2TP         1  2.4    20    36    2342    (-,-) 
  add_131_40_g1527/CO      -       A->CO R     ADHM2TP         1  2.4    20    36    2378    (-,-) 
  add_131_40_g1526/CO      -       A->CO R     ADHM2TP         1  2.4    20    36    2414    (-,-) 
  add_131_40_g1525/CO      -       A->CO R     ADHM2TP         1  2.4    20    36    2450    (-,-) 
  add_131_40_g1524/CO      -       A->CO R     ADHM2TP         1  2.4    20    36    2486    (-,-) 
  add_131_40_g1523/CO      -       A->CO R     ADHM2TP         1  2.4    20    36    2521    (-,-) 
  add_131_40_g1522/CO      -       A->CO R     ADHM2TP         1  2.4    20    36    2557    (-,-) 
  add_131_40_g1521/CO      -       A->CO R     ADHM2TP         1  2.4    20    36    2593    (-,-) 
  add_131_40_g1520/CO      -       A->CO R     ADHM2TP         1  2.4    20    36    2629    (-,-) 
  add_131_40_g1519/CO      -       A->CO R     ADHM2TP         1  2.4    20    36    2664    (-,-) 
  add_131_40_g1518/CO      -       A->CO R     ADHM2TP         1  2.4    20    36    2700    (-,-) 
  add_131_40_g1517/CO      -       A->CO R     ADHM2TP         1  2.4    20    36    2736    (-,-) 
  add_131_40_g1516/CO      -       A->CO R     ADHM2TP         1  2.4    20    36    2772    (-,-) 
  add_131_40_g1515/CO      -       A->CO R     ADHM2TP         1  2.4    20    36    2808    (-,-) 
  add_131_40_g1514/CO      -       A->CO R     ADHM2TP         1  2.4    20    36    2844    (-,-) 
  add_131_40_g1513/CO      -       A->CO R     ADHM2TP         1  2.4    20    36    2879    (-,-) 
  add_131_40_g1512/CO      -       A->CO R     ADHM2TP         1  2.4    20    36    2915    (-,-) 
  add_131_40_g1511/CO      -       A->CO R     ADHM2TP         1  2.4    20    36    2951    (-,-) 
  add_131_40_g1510/CO      -       A->CO R     ADHM2TP         1  2.4    20    36    2987    (-,-) 
  add_131_40_g1509/CO      -       A->CO R     ADHM2TP         1  2.4    20    36    3022    (-,-) 
  add_131_40_g1508/CO      -       A->CO R     ADHM2TP         1  2.4    20    36    3058    (-,-) 
  add_131_40_g1507/CO      -       A->CO R     ADHM2TP         1  2.4    20    36    3094    (-,-) 
  add_131_40_g1506/CO      -       A->CO R     ADHM2TP         1  2.4    20    36    3130    (-,-) 
  add_131_40_g1505/CO      -       A->CO R     ADHM2TP         1  2.4    20    36    3166    (-,-) 
  add_131_40_g1504/CO      -       A->CO R     ADHM2TP         1  2.4    20    36    3202    (-,-) 
  add_131_40_g1503/CO      -       A->CO R     ADHM2TP         1  2.4    20    36    3237    (-,-) 
  add_131_40_g1502/CO      -       A->CO R     ADHM2TP         1  2.4    20    36    3273    (-,-) 
  add_131_40_g1501/CO      -       A->CO R     ADHM2TP         1  2.4    20    36    3309    (-,-) 
  add_131_40_g1500/CO      -       A->CO R     ADHM2TP         1  2.4    20    36    3345    (-,-) 
  add_131_40_g1499/CO      -       A->CO R     ADHM2TP         1  2.4    20    36    3380    (-,-) 
  add_131_40_g1498/CO      -       A->CO R     ADHM2TP         1  2.4    20    36    3416    (-,-) 
  add_131_40_g1497/CO      -       A->CO R     ADHM2TP         1  2.4    20    36    3452    (-,-) 
  add_131_40_g1496/CO      -       A->CO R     ADHM2TP         1  2.4    20    36    3488    (-,-) 
  add_131_40_g1495/CO      -       A->CO R     ADHM2TP         1  2.4    20    36    3524    (-,-) 
  add_131_40_g1494/CO      -       A->CO R     ADHM2TP         1  2.4    20    36    3560    (-,-) 
  add_131_40_g1493/CO      -       A->CO R     ADHM2TP         1  2.4    20    36    3595    (-,-) 
  add_131_40_g1492/CO      -       A->CO R     ADHM2TP         1  2.4    20    36    3631    (-,-) 
  add_131_40_g1491/CO      -       A->CO R     ADHM2TP         1  2.4    20    36    3667    (-,-) 
  add_131_40_g1490/CO      -       A->CO R     ADHM2TP         1  2.4    20    36    3703    (-,-) 
  add_131_40_g1489/CO      -       A->CO R     ADHM2TP         1  2.4    20    36    3738    (-,-) 
  add_131_40_g1488/CO      -       A->CO R     ADHM2TP         1  2.4    20    36    3774    (-,-) 
  add_131_40_g1487/CO      -       A->CO R     ADHM2TP         1  2.4    20    36    3810    (-,-) 
  add_131_40_g1486/CO      -       A->CO R     ADHM2TP         1  2.4    20    36    3846    (-,-) 
  add_131_40_g1485/CO      -       A->CO R     ADHM2TP         1  2.4    20    36    3882    (-,-) 
  add_131_40_g1484/CO      -       A->CO R     ADHM2TP         1  2.4    20    36    3918    (-,-) 
  add_131_40_g1483/CO      -       A->CO R     ADHM2TP         1  2.4    20    36    3953    (-,-) 
  add_131_40_g1482/CO      -       A->CO R     ADHM2TP         1  2.4    20    36    3989    (-,-) 
  add_131_40_g1481/CO      -       A->CO R     ADHM2TP         1  2.4    20    36    4025    (-,-) 
  add_131_40_g1480/CO      -       A->CO R     ADHM2TP         1  2.4    20    36    4061    (-,-) 
  add_131_40_g1479/CO      -       A->CO R     ADHM2TP         1  2.4    20    36    4096    (-,-) 
  add_131_40_g1478/CO      -       A->CO R     ADHM2TP         1  2.4    20    36    4132    (-,-) 
  add_131_40_g1477/CO      -       A->CO R     ADHM2TP         1  2.4    20    36    4168    (-,-) 
  add_131_40_g1476/CO      -       A->CO R     ADHM2TP         1  2.4    20    36    4204    (-,-) 
  add_131_40_g1475/CO      -       A->CO R     ADHM2TP         1  2.4    20    36    4240    (-,-) 
  add_131_40_g1474/CO      -       A->CO R     ADHM2TP         1  2.4    20    36    4276    (-,-) 
  add_131_40_g1473/CO      -       A->CO R     ADHM2TP         1  2.4    20    36    4311    (-,-) 
  add_131_40_g1472/CO      -       A->CO R     ADHM2TP         1  2.4    20    36    4347    (-,-) 
  add_131_40_g1471/CO      -       A->CO R     ADHM2TP         1  2.4    20    36    4383    (-,-) 
  add_131_40_g1470/CO      -       A->CO R     ADHM2TP         2  3.5    24    39    4422    (-,-) 
  add_131_40_g1469/Z       -       A->Z  F     ND2M2TP         3  4.4    27    21    4443    (-,-) 
  add_131_40_g1467/Z       -       B1->Z F     MOAI22M2TP      1  0.9    19    45    4488    (-,-) 
  g76762/Z                 -       A2->Z F     AO22M1TP        1  2.0    29    66    4553    (-,-) 
  nonce_counter_reg[127]/D <<<     -     F     DFQRM2TP        1    -     -     0    4553    (-,-) 
#--------------------------------------------------------------------------------------------------

