###############################################################
#  Generated by:      Cadence Innovus 21.19-s058_1
#  OS:                Linux x86_64(Host ID c2s3.gectcr.ac.in)
#  Generated on:      Wed Apr 22 15:03:26 2026
#  Design:            top_dht11_ascon_uart
#  Command:           verify_connectivity -report /home/user1/testpro/ascoo_bc/reports/innovus/connectivity.rpt
###############################################################
Verify Connectivity Report is created on Wed Apr 22 15:03:26 2026



Net VDD: has special routes with opens at (17.000, 17.000) (237.400, 277.400)
Net VDD: has special routes with opens at (17.000, 52.460) (237.400, 54.850)
Net VDD: has special routes with opens at (17.000, 66.750) (237.400, 69.140)
Net VDD: has special routes with opens at (17.000, 81.260) (237.400, 83.540)
Net VDD: has special routes with opens at (17.000, 172.460) (237.400, 174.850)
Net VDD: has special routes with opens at (17.000, 186.750) (237.400, 189.140)
Net VDD: has special routes with opens at (17.000, 201.260) (237.400, 203.540)
Net VDD: dangling Wire at (237.400, 39.600) (237.400, 39.600) on layer: ME1
Net VDD: dangling Wire at (237.400, 54.600) (237.400, 54.600) on layer: ME1
Net VDD: dangling Wire at (237.400, 67.000) (237.400, 67.000) on layer: ME1
Net VDD: dangling Wire at (237.400, 82.000) (237.400, 82.000) on layer: ME1
Net VDD: dangling Wire at (237.400, 159.600) (237.400, 159.600) on layer: ME1
Net VDD: dangling Wire at (237.400, 174.600) (237.400, 174.600) on layer: ME1
Net VDD: dangling Wire at (237.400, 187.000) (237.400, 187.000) on layer: ME1
Net VDD: dangling Wire at (237.400, 202.000) (237.400, 202.000) on layer: ME1
Net VDD: dangling Wire at (17.000, 159.600) (17.000, 159.600) on layer: ME1
Net VDD: dangling Wire at (17.000, 174.600) (17.000, 174.600) on layer: ME1
Net VDD: dangling Wire at (17.000, 187.000) (17.000, 187.000) on layer: ME1
Net VDD: dangling Wire at (17.000, 202.000) (17.000, 202.000) on layer: ME1
Net VDD: dangling Wire at (17.000, 54.600) (17.000, 54.600) on layer: ME1
Net VDD: dangling Wire at (17.000, 67.000) (17.000, 67.000) on layer: ME1
Net VDD: dangling Wire at (17.000, 82.000) (17.000, 82.000) on layer: ME1
Net VDD: dangling Wire at (17.000, 39.600) (17.000, 39.600) on layer: ME1
Net VDD: dangling Wire at (234.400, 20.000) (234.400, 20.000) on layer: ME1
Net VDD: dangling Wire at (234.400, 140.000) (234.400, 140.000) on layer: ME1
Net VDD: dangling Wire at (234.400, 260.000) (234.400, 260.000) on layer: ME1

Begin Summary
    7 Problem(s) (IMPVFC-200): Special Wires: Pieces of the net are not connected together.
    19 Problem(s) (IMPVFC-94): The net has dangling wire(s).
    26 total info(s) created.
End Summary
