###############################################################
#  Generated by:      Cadence Innovus 21.19-s058_1
#  OS:                Linux x86_64(Host ID c2s3.gectcr.ac.in)
#  Generated on:      Wed Apr 22 15:03:24 2026
#  Design:            top_dht11_ascon_uart
#  Command:           report_timing -view av_hold -early -max_paths 20 > $REPORT_DIR/hold.rpt
###############################################################
Path 1: MET Hold Check with Pin DHT/div_reg[0]/CK 
Endpoint:   DHT/div_reg[0]/D  (v) checked with  leading edge of 'clk'
Beginpoint: DHT/div_reg[0]/QB (v) triggered by  leading edge of 'clk'
Path Groups: {clk}
Analysis View: av_hold
Other End Arrival Time          0.000
+ Hold                          0.018
+ Phase Shift                   0.000
= Required Time                 0.018
  Arrival Time                  0.099
  Slack Time                    0.081
     Clock Rise Edge                 0.000
     + Clock Network Latency (Ideal) 0.000
     = Beginpoint Arrival Time       0.000
     +----------------------------------------------------------------------+ 
     |    Instance    |     Arc      |  Cell   | Delay | Arrival | Required | 
     |                |              |         |       |  Time   |   Time   | 
     |----------------+--------------+---------+-------+---------+----------| 
     | DHT/div_reg[0] | CK ^         |         |       |   0.000 |   -0.081 | 
     | DHT/div_reg[0] | CK ^ -> QB v | DFRM1TP | 0.099 |   0.099 |    0.018 | 
     | DHT/div_reg[0] | D v          | DFRM1TP | 0.000 |   0.099 |    0.018 | 
     +----------------------------------------------------------------------+ 
Path 2: MET Hold Check with Pin ENC/tag_reg[37]/CK 
Endpoint:   ENC/tag_reg[37]/D2 (^) checked with  leading edge of 'clk'
Beginpoint: ENC/tag_reg[37]/Q  (^) triggered by  leading edge of 'clk'
Path Groups: {clk}
Analysis View: av_hold
Other End Arrival Time          0.000
+ Hold                         -0.023
+ Phase Shift                   0.000
= Required Time                -0.023
  Arrival Time                  0.078
  Slack Time                    0.101
     Clock Rise Edge                 0.000
     + Clock Network Latency (Ideal) 0.000
     = Beginpoint Arrival Time       0.000
     +-----------------------------------------------------------------------+ 
     |    Instance     |     Arc     |   Cell   | Delay | Arrival | Required | 
     |                 |             |          |       |  Time   |   Time   | 
     |-----------------+-------------+----------+-------+---------+----------| 
     | ENC/tag_reg[37] | CK ^        |          |       |   0.000 |   -0.101 | 
     | ENC/tag_reg[37] | CK ^ -> Q ^ | DFMQM1TP | 0.078 |   0.078 |   -0.023 | 
     | ENC/tag_reg[37] | D2 ^        | DFMQM1TP | 0.000 |   0.078 |   -0.023 | 
     +-----------------------------------------------------------------------+ 
Path 3: MET Hold Check with Pin ENC/tag_reg[85]/CK 
Endpoint:   ENC/tag_reg[85]/D2 (^) checked with  leading edge of 'clk'
Beginpoint: ENC/tag_reg[85]/Q  (^) triggered by  leading edge of 'clk'
Path Groups: {clk}
Analysis View: av_hold
Other End Arrival Time          0.000
+ Hold                         -0.023
+ Phase Shift                   0.000
= Required Time                -0.023
  Arrival Time                  0.078
  Slack Time                    0.101
     Clock Rise Edge                 0.000
     + Clock Network Latency (Ideal) 0.000
     = Beginpoint Arrival Time       0.000
     +-----------------------------------------------------------------------+ 
     |    Instance     |     Arc     |   Cell   | Delay | Arrival | Required | 
     |                 |             |          |       |  Time   |   Time   | 
     |-----------------+-------------+----------+-------+---------+----------| 
     | ENC/tag_reg[85] | CK ^        |          |       |   0.000 |   -0.101 | 
     | ENC/tag_reg[85] | CK ^ -> Q ^ | DFMQM1TP | 0.078 |   0.078 |   -0.023 | 
     | ENC/tag_reg[85] | D2 ^        | DFMQM1TP | 0.000 |   0.078 |   -0.023 | 
     +-----------------------------------------------------------------------+ 
Path 4: MET Hold Check with Pin ENC/tag_reg[97]/CK 
Endpoint:   ENC/tag_reg[97]/D2 (^) checked with  leading edge of 'clk'
Beginpoint: ENC/tag_reg[97]/Q  (^) triggered by  leading edge of 'clk'
Path Groups: {clk}
Analysis View: av_hold
Other End Arrival Time          0.000
+ Hold                         -0.023
+ Phase Shift                   0.000
= Required Time                -0.023
  Arrival Time                  0.078
  Slack Time                    0.101
     Clock Rise Edge                 0.000
     + Clock Network Latency (Ideal) 0.000
     = Beginpoint Arrival Time       0.000
     +-----------------------------------------------------------------------+ 
     |    Instance     |     Arc     |   Cell   | Delay | Arrival | Required | 
     |                 |             |          |       |  Time   |   Time   | 
     |-----------------+-------------+----------+-------+---------+----------| 
     | ENC/tag_reg[97] | CK ^        |          |       |   0.000 |   -0.101 | 
     | ENC/tag_reg[97] | CK ^ -> Q ^ | DFMQM1TP | 0.078 |   0.078 |   -0.023 | 
     | ENC/tag_reg[97] | D2 ^        | DFMQM1TP | 0.000 |   0.078 |   -0.023 | 
     +-----------------------------------------------------------------------+ 
Path 5: MET Hold Check with Pin plaintext_reg_reg[105]/CK 
Endpoint:   plaintext_reg_reg[105]/D2 (^) checked with  leading edge of 'clk'
Beginpoint: plaintext_reg_reg[105]/Q  (^) triggered by  leading edge of 'clk'
Path Groups: {clk}
Analysis View: av_hold
Other End Arrival Time          0.000
+ Hold                         -0.023
+ Phase Shift                   0.000
= Required Time                -0.023
  Arrival Time                  0.078
  Slack Time                    0.101
     Clock Rise Edge                 0.000
     + Clock Network Latency (Ideal) 0.000
     = Beginpoint Arrival Time       0.000
     +------------------------------------------------------------------------------+ 
     |        Instance        |     Arc     |   Cell   | Delay | Arrival | Required | 
     |                        |             |          |       |  Time   |   Time   | 
     |------------------------+-------------+----------+-------+---------+----------| 
     | plaintext_reg_reg[105] | CK ^        |          |       |   0.000 |   -0.101 | 
     | plaintext_reg_reg[105] | CK ^ -> Q ^ | DFMQM1TP | 0.078 |   0.078 |   -0.023 | 
     | plaintext_reg_reg[105] | D2 ^        | DFMQM1TP | 0.000 |   0.078 |   -0.023 | 
     +------------------------------------------------------------------------------+ 
Path 6: MET Hold Check with Pin cipher_reg_reg[120]/CK 
Endpoint:   cipher_reg_reg[120]/D2 (^) checked with  leading edge of 'clk'
Beginpoint: cipher_reg_reg[120]/Q  (^) triggered by  leading edge of 'clk'
Path Groups: {clk}
Analysis View: av_hold
Other End Arrival Time          0.000
+ Hold                         -0.023
+ Phase Shift                   0.000
= Required Time                -0.023
  Arrival Time                  0.078
  Slack Time                    0.101
     Clock Rise Edge                 0.000
     + Clock Network Latency (Ideal) 0.000
     = Beginpoint Arrival Time       0.000
     +---------------------------------------------------------------------------+ 
     |      Instance       |     Arc     |   Cell   | Delay | Arrival | Required | 
     |                     |             |          |       |  Time   |   Time   | 
     |---------------------+-------------+----------+-------+---------+----------| 
     | cipher_reg_reg[120] | CK ^        |          |       |   0.000 |   -0.101 | 
     | cipher_reg_reg[120] | CK ^ -> Q ^ | DFMQM1TP | 0.078 |   0.078 |   -0.023 | 
     | cipher_reg_reg[120] | D2 ^        | DFMQM1TP | 0.000 |   0.078 |   -0.023 | 
     +---------------------------------------------------------------------------+ 
Path 7: MET Hold Check with Pin ENC/tag_reg[36]/CK 
Endpoint:   ENC/tag_reg[36]/D2 (^) checked with  leading edge of 'clk'
Beginpoint: ENC/tag_reg[36]/Q  (^) triggered by  leading edge of 'clk'
Path Groups: {clk}
Analysis View: av_hold
Other End Arrival Time          0.000
+ Hold                         -0.023
+ Phase Shift                   0.000
= Required Time                -0.023
  Arrival Time                  0.078
  Slack Time                    0.101
     Clock Rise Edge                 0.000
     + Clock Network Latency (Ideal) 0.000
     = Beginpoint Arrival Time       0.000
     +-----------------------------------------------------------------------+ 
     |    Instance     |     Arc     |   Cell   | Delay | Arrival | Required | 
     |                 |             |          |       |  Time   |   Time   | 
     |-----------------+-------------+----------+-------+---------+----------| 
     | ENC/tag_reg[36] | CK ^        |          |       |   0.000 |   -0.101 | 
     | ENC/tag_reg[36] | CK ^ -> Q ^ | DFMQM1TP | 0.078 |   0.078 |   -0.023 | 
     | ENC/tag_reg[36] | D2 ^        | DFMQM1TP | 0.000 |   0.078 |   -0.023 | 
     +-----------------------------------------------------------------------+ 
Path 8: MET Hold Check with Pin ENC/tag_reg[22]/CK 
Endpoint:   ENC/tag_reg[22]/D2 (^) checked with  leading edge of 'clk'
Beginpoint: ENC/tag_reg[22]/Q  (^) triggered by  leading edge of 'clk'
Path Groups: {clk}
Analysis View: av_hold
Other End Arrival Time          0.000
+ Hold                         -0.023
+ Phase Shift                   0.000
= Required Time                -0.023
  Arrival Time                  0.078
  Slack Time                    0.101
     Clock Rise Edge                 0.000
     + Clock Network Latency (Ideal) 0.000
     = Beginpoint Arrival Time       0.000
     +-----------------------------------------------------------------------+ 
     |    Instance     |     Arc     |   Cell   | Delay | Arrival | Required | 
     |                 |             |          |       |  Time   |   Time   | 
     |-----------------+-------------+----------+-------+---------+----------| 
     | ENC/tag_reg[22] | CK ^        |          |       |   0.000 |   -0.101 | 
     | ENC/tag_reg[22] | CK ^ -> Q ^ | DFMQM1TP | 0.078 |   0.078 |   -0.023 | 
     | ENC/tag_reg[22] | D2 ^        | DFMQM1TP | 0.000 |   0.078 |   -0.023 | 
     +-----------------------------------------------------------------------+ 
Path 9: MET Hold Check with Pin ENC/tag_reg[126]/CK 
Endpoint:   ENC/tag_reg[126]/D2 (^) checked with  leading edge of 'clk'
Beginpoint: ENC/tag_reg[126]/Q  (^) triggered by  leading edge of 'clk'
Path Groups: {clk}
Analysis View: av_hold
Other End Arrival Time          0.000
+ Hold                         -0.023
+ Phase Shift                   0.000
= Required Time                -0.023
  Arrival Time                  0.079
  Slack Time                    0.102
     Clock Rise Edge                 0.000
     + Clock Network Latency (Ideal) 0.000
     = Beginpoint Arrival Time       0.000
     +------------------------------------------------------------------------+ 
     |     Instance     |     Arc     |   Cell   | Delay | Arrival | Required | 
     |                  |             |          |       |  Time   |   Time   | 
     |------------------+-------------+----------+-------+---------+----------| 
     | ENC/tag_reg[126] | CK ^        |          |       |   0.000 |   -0.102 | 
     | ENC/tag_reg[126] | CK ^ -> Q ^ | DFMQM1TP | 0.079 |   0.079 |   -0.023 | 
     | ENC/tag_reg[126] | D2 ^        | DFMQM1TP | 0.000 |   0.079 |   -0.023 | 
     +------------------------------------------------------------------------+ 
Path 10: MET Hold Check with Pin ENC/tag_reg[105]/CK 
Endpoint:   ENC/tag_reg[105]/D2 (^) checked with  leading edge of 'clk'
Beginpoint: ENC/tag_reg[105]/Q  (^) triggered by  leading edge of 'clk'
Path Groups: {clk}
Analysis View: av_hold
Other End Arrival Time          0.000
+ Hold                         -0.023
+ Phase Shift                   0.000
= Required Time                -0.023
  Arrival Time                  0.079
  Slack Time                    0.102
     Clock Rise Edge                 0.000
     + Clock Network Latency (Ideal) 0.000
     = Beginpoint Arrival Time       0.000
     +------------------------------------------------------------------------+ 
     |     Instance     |     Arc     |   Cell   | Delay | Arrival | Required | 
     |                  |             |          |       |  Time   |   Time   | 
     |------------------+-------------+----------+-------+---------+----------| 
     | ENC/tag_reg[105] | CK ^        |          |       |   0.000 |   -0.102 | 
     | ENC/tag_reg[105] | CK ^ -> Q ^ | DFMQM1TP | 0.079 |   0.079 |   -0.023 | 
     | ENC/tag_reg[105] | D2 ^        | DFMQM1TP | 0.000 |   0.079 |   -0.023 | 
     +------------------------------------------------------------------------+ 
Path 11: MET Hold Check with Pin ENC/tag_reg[91]/CK 
Endpoint:   ENC/tag_reg[91]/D2 (^) checked with  leading edge of 'clk'
Beginpoint: ENC/tag_reg[91]/Q  (^) triggered by  leading edge of 'clk'
Path Groups: {clk}
Analysis View: av_hold
Other End Arrival Time          0.000
+ Hold                         -0.023
+ Phase Shift                   0.000
= Required Time                -0.023
  Arrival Time                  0.079
  Slack Time                    0.102
     Clock Rise Edge                 0.000
     + Clock Network Latency (Ideal) 0.000
     = Beginpoint Arrival Time       0.000
     +-----------------------------------------------------------------------+ 
     |    Instance     |     Arc     |   Cell   | Delay | Arrival | Required | 
     |                 |             |          |       |  Time   |   Time   | 
     |-----------------+-------------+----------+-------+---------+----------| 
     | ENC/tag_reg[91] | CK ^        |          |       |   0.000 |   -0.102 | 
     | ENC/tag_reg[91] | CK ^ -> Q ^ | DFMQM1TP | 0.079 |   0.079 |   -0.023 | 
     | ENC/tag_reg[91] | D2 ^        | DFMQM1TP | 0.000 |   0.079 |   -0.023 | 
     +-----------------------------------------------------------------------+ 
Path 12: MET Hold Check with Pin ENC/tag_reg[41]/CK 
Endpoint:   ENC/tag_reg[41]/D2 (^) checked with  leading edge of 'clk'
Beginpoint: ENC/tag_reg[41]/Q  (^) triggered by  leading edge of 'clk'
Path Groups: {clk}
Analysis View: av_hold
Other End Arrival Time          0.000
+ Hold                         -0.023
+ Phase Shift                   0.000
= Required Time                -0.023
  Arrival Time                  0.079
  Slack Time                    0.102
     Clock Rise Edge                 0.000
     + Clock Network Latency (Ideal) 0.000
     = Beginpoint Arrival Time       0.000
     +-----------------------------------------------------------------------+ 
     |    Instance     |     Arc     |   Cell   | Delay | Arrival | Required | 
     |                 |             |          |       |  Time   |   Time   | 
     |-----------------+-------------+----------+-------+---------+----------| 
     | ENC/tag_reg[41] | CK ^        |          |       |   0.000 |   -0.102 | 
     | ENC/tag_reg[41] | CK ^ -> Q ^ | DFMQM1TP | 0.079 |   0.079 |   -0.023 | 
     | ENC/tag_reg[41] | D2 ^        | DFMQM1TP | 0.000 |   0.079 |   -0.023 | 
     +-----------------------------------------------------------------------+ 
Path 13: MET Hold Check with Pin cipher_reg_reg[29]/CK 
Endpoint:   cipher_reg_reg[29]/D2 (^) checked with  leading edge of 'clk'
Beginpoint: cipher_reg_reg[29]/Q  (^) triggered by  leading edge of 'clk'
Path Groups: {clk}
Analysis View: av_hold
Other End Arrival Time          0.000
+ Hold                         -0.023
+ Phase Shift                   0.000
= Required Time                -0.023
  Arrival Time                  0.079
  Slack Time                    0.102
     Clock Rise Edge                 0.000
     + Clock Network Latency (Ideal) 0.000
     = Beginpoint Arrival Time       0.000
     +--------------------------------------------------------------------------+ 
     |      Instance      |     Arc     |   Cell   | Delay | Arrival | Required | 
     |                    |             |          |       |  Time   |   Time   | 
     |--------------------+-------------+----------+-------+---------+----------| 
     | cipher_reg_reg[29] | CK ^        |          |       |   0.000 |   -0.102 | 
     | cipher_reg_reg[29] | CK ^ -> Q ^ | DFMQM1TP | 0.079 |   0.079 |   -0.023 | 
     | cipher_reg_reg[29] | D2 ^        | DFMQM1TP | 0.000 |   0.079 |   -0.023 | 
     +--------------------------------------------------------------------------+ 
Path 14: MET Hold Check with Pin ENC/tag_reg[106]/CK 
Endpoint:   ENC/tag_reg[106]/D2 (^) checked with  leading edge of 'clk'
Beginpoint: ENC/tag_reg[106]/Q  (^) triggered by  leading edge of 'clk'
Path Groups: {clk}
Analysis View: av_hold
Other End Arrival Time          0.000
+ Hold                         -0.023
+ Phase Shift                   0.000
= Required Time                -0.023
  Arrival Time                  0.079
  Slack Time                    0.102
     Clock Rise Edge                 0.000
     + Clock Network Latency (Ideal) 0.000
     = Beginpoint Arrival Time       0.000
     +------------------------------------------------------------------------+ 
     |     Instance     |     Arc     |   Cell   | Delay | Arrival | Required | 
     |                  |             |          |       |  Time   |   Time   | 
     |------------------+-------------+----------+-------+---------+----------| 
     | ENC/tag_reg[106] | CK ^        |          |       |   0.000 |   -0.102 | 
     | ENC/tag_reg[106] | CK ^ -> Q ^ | DFMQM1TP | 0.079 |   0.079 |   -0.023 | 
     | ENC/tag_reg[106] | D2 ^        | DFMQM1TP | 0.000 |   0.079 |   -0.023 | 
     +------------------------------------------------------------------------+ 
Path 15: MET Hold Check with Pin ENC/tag_reg[24]/CK 
Endpoint:   ENC/tag_reg[24]/D2 (^) checked with  leading edge of 'clk'
Beginpoint: ENC/tag_reg[24]/Q  (^) triggered by  leading edge of 'clk'
Path Groups: {clk}
Analysis View: av_hold
Other End Arrival Time          0.000
+ Hold                         -0.023
+ Phase Shift                   0.000
= Required Time                -0.023
  Arrival Time                  0.079
  Slack Time                    0.102
     Clock Rise Edge                 0.000
     + Clock Network Latency (Ideal) 0.000
     = Beginpoint Arrival Time       0.000
     +-----------------------------------------------------------------------+ 
     |    Instance     |     Arc     |   Cell   | Delay | Arrival | Required | 
     |                 |             |          |       |  Time   |   Time   | 
     |-----------------+-------------+----------+-------+---------+----------| 
     | ENC/tag_reg[24] | CK ^        |          |       |   0.000 |   -0.102 | 
     | ENC/tag_reg[24] | CK ^ -> Q ^ | DFMQM1TP | 0.079 |   0.079 |   -0.023 | 
     | ENC/tag_reg[24] | D2 ^        | DFMQM1TP | 0.000 |   0.079 |   -0.023 | 
     +-----------------------------------------------------------------------+ 
Path 16: MET Hold Check with Pin ENC/tag_reg[45]/CK 
Endpoint:   ENC/tag_reg[45]/D2 (^) checked with  leading edge of 'clk'
Beginpoint: ENC/tag_reg[45]/Q  (^) triggered by  leading edge of 'clk'
Path Groups: {clk}
Analysis View: av_hold
Other End Arrival Time          0.000
+ Hold                         -0.023
+ Phase Shift                   0.000
= Required Time                -0.023
  Arrival Time                  0.079
  Slack Time                    0.102
     Clock Rise Edge                 0.000
     + Clock Network Latency (Ideal) 0.000
     = Beginpoint Arrival Time       0.000
     +-----------------------------------------------------------------------+ 
     |    Instance     |     Arc     |   Cell   | Delay | Arrival | Required | 
     |                 |             |          |       |  Time   |   Time   | 
     |-----------------+-------------+----------+-------+---------+----------| 
     | ENC/tag_reg[45] | CK ^        |          |       |   0.000 |   -0.102 | 
     | ENC/tag_reg[45] | CK ^ -> Q ^ | DFMQM1TP | 0.079 |   0.079 |   -0.023 | 
     | ENC/tag_reg[45] | D2 ^        | DFMQM1TP | 0.000 |   0.079 |   -0.023 | 
     +-----------------------------------------------------------------------+ 
Path 17: MET Hold Check with Pin cipher_reg_reg[41]/CK 
Endpoint:   cipher_reg_reg[41]/D2 (^) checked with  leading edge of 'clk'
Beginpoint: cipher_reg_reg[41]/Q  (^) triggered by  leading edge of 'clk'
Path Groups: {clk}
Analysis View: av_hold
Other End Arrival Time          0.000
+ Hold                         -0.023
+ Phase Shift                   0.000
= Required Time                -0.023
  Arrival Time                  0.079
  Slack Time                    0.102
     Clock Rise Edge                 0.000
     + Clock Network Latency (Ideal) 0.000
     = Beginpoint Arrival Time       0.000
     +--------------------------------------------------------------------------+ 
     |      Instance      |     Arc     |   Cell   | Delay | Arrival | Required | 
     |                    |             |          |       |  Time   |   Time   | 
     |--------------------+-------------+----------+-------+---------+----------| 
     | cipher_reg_reg[41] | CK ^        |          |       |   0.000 |   -0.102 | 
     | cipher_reg_reg[41] | CK ^ -> Q ^ | DFMQM1TP | 0.079 |   0.079 |   -0.023 | 
     | cipher_reg_reg[41] | D2 ^        | DFMQM1TP | 0.000 |   0.079 |   -0.023 | 
     +--------------------------------------------------------------------------+ 
Path 18: MET Hold Check with Pin ENC/tag_reg[111]/CK 
Endpoint:   ENC/tag_reg[111]/D2 (^) checked with  leading edge of 'clk'
Beginpoint: ENC/tag_reg[111]/Q  (^) triggered by  leading edge of 'clk'
Path Groups: {clk}
Analysis View: av_hold
Other End Arrival Time          0.000
+ Hold                         -0.023
+ Phase Shift                   0.000
= Required Time                -0.023
  Arrival Time                  0.079
  Slack Time                    0.102
     Clock Rise Edge                 0.000
     + Clock Network Latency (Ideal) 0.000
     = Beginpoint Arrival Time       0.000
     +------------------------------------------------------------------------+ 
     |     Instance     |     Arc     |   Cell   | Delay | Arrival | Required | 
     |                  |             |          |       |  Time   |   Time   | 
     |------------------+-------------+----------+-------+---------+----------| 
     | ENC/tag_reg[111] | CK ^        |          |       |   0.000 |   -0.102 | 
     | ENC/tag_reg[111] | CK ^ -> Q ^ | DFMQM1TP | 0.079 |   0.079 |   -0.023 | 
     | ENC/tag_reg[111] | D2 ^        | DFMQM1TP | 0.000 |   0.079 |   -0.023 | 
     +------------------------------------------------------------------------+ 
Path 19: MET Hold Check with Pin ENC/tag_reg[84]/CK 
Endpoint:   ENC/tag_reg[84]/D2 (^) checked with  leading edge of 'clk'
Beginpoint: ENC/tag_reg[84]/Q  (^) triggered by  leading edge of 'clk'
Path Groups: {clk}
Analysis View: av_hold
Other End Arrival Time          0.000
+ Hold                         -0.023
+ Phase Shift                   0.000
= Required Time                -0.023
  Arrival Time                  0.079
  Slack Time                    0.102
     Clock Rise Edge                 0.000
     + Clock Network Latency (Ideal) 0.000
     = Beginpoint Arrival Time       0.000
     +-----------------------------------------------------------------------+ 
     |    Instance     |     Arc     |   Cell   | Delay | Arrival | Required | 
     |                 |             |          |       |  Time   |   Time   | 
     |-----------------+-------------+----------+-------+---------+----------| 
     | ENC/tag_reg[84] | CK ^        |          |       |   0.000 |   -0.102 | 
     | ENC/tag_reg[84] | CK ^ -> Q ^ | DFMQM1TP | 0.079 |   0.079 |   -0.023 | 
     | ENC/tag_reg[84] | D2 ^        | DFMQM1TP | 0.000 |   0.079 |   -0.023 | 
     +-----------------------------------------------------------------------+ 
Path 20: MET Hold Check with Pin cipher_reg_reg[30]/CK 
Endpoint:   cipher_reg_reg[30]/D2 (^) checked with  leading edge of 'clk'
Beginpoint: cipher_reg_reg[30]/Q  (^) triggered by  leading edge of 'clk'
Path Groups: {clk}
Analysis View: av_hold
Other End Arrival Time          0.000
+ Hold                         -0.023
+ Phase Shift                   0.000
= Required Time                -0.023
  Arrival Time                  0.079
  Slack Time                    0.102
     Clock Rise Edge                 0.000
     + Clock Network Latency (Ideal) 0.000
     = Beginpoint Arrival Time       0.000
     +--------------------------------------------------------------------------+ 
     |      Instance      |     Arc     |   Cell   | Delay | Arrival | Required | 
     |                    |             |          |       |  Time   |   Time   | 
     |--------------------+-------------+----------+-------+---------+----------| 
     | cipher_reg_reg[30] | CK ^        |          |       |   0.000 |   -0.102 | 
     | cipher_reg_reg[30] | CK ^ -> Q ^ | DFMQM1TP | 0.079 |   0.079 |   -0.023 | 
     | cipher_reg_reg[30] | D2 ^        | DFMQM1TP | 0.000 |   0.079 |   -0.023 | 
     +--------------------------------------------------------------------------+ 

