###############################################################
#  Generated by:      Cadence Innovus 21.19-s058_1
#  OS:                Linux x86_64(Host ID c2s3.gectcr.ac.in)
#  Generated on:      Wed Apr 22 15:03:25 2026
#  Design:            top_dht11_ascon_uart
#  Command:           report_timing -view av_hold -early -max_paths 50 > $REPORT_DIR/hold_detailed.rpt
###############################################################
Path 1: MET Hold Check with Pin DHT/div_reg[0]/CK 
Endpoint:   DHT/div_reg[0]/D  (v) checked with  leading edge of 'clk'
Beginpoint: DHT/div_reg[0]/QB (v) triggered by  leading edge of 'clk'
Path Groups: {clk}
Analysis View: av_hold
Other End Arrival Time          0.000
+ Hold                          0.018
+ Phase Shift                   0.000
= Required Time                 0.018
  Arrival Time                  0.099
  Slack Time                    0.081
     Clock Rise Edge                 0.000
     + Clock Network Latency (Ideal) 0.000
     = Beginpoint Arrival Time       0.000
     +----------------------------------------------------------------------+ 
     |    Instance    |     Arc      |  Cell   | Delay | Arrival | Required | 
     |                |              |         |       |  Time   |   Time   | 
     |----------------+--------------+---------+-------+---------+----------| 
     | DHT/div_reg[0] | CK ^         |         |       |   0.000 |   -0.081 | 
     | DHT/div_reg[0] | CK ^ -> QB v | DFRM1TP | 0.099 |   0.099 |    0.018 | 
     | DHT/div_reg[0] | D v          | DFRM1TP | 0.000 |   0.099 |    0.018 | 
     +----------------------------------------------------------------------+ 
Path 2: MET Hold Check with Pin ENC/tag_reg[37]/CK 
Endpoint:   ENC/tag_reg[37]/D2 (^) checked with  leading edge of 'clk'
Beginpoint: ENC/tag_reg[37]/Q  (^) triggered by  leading edge of 'clk'
Path Groups: {clk}
Analysis View: av_hold
Other End Arrival Time          0.000
+ Hold                         -0.023
+ Phase Shift                   0.000
= Required Time                -0.023
  Arrival Time                  0.078
  Slack Time                    0.101
     Clock Rise Edge                 0.000
     + Clock Network Latency (Ideal) 0.000
     = Beginpoint Arrival Time       0.000
     +-----------------------------------------------------------------------+ 
     |    Instance     |     Arc     |   Cell   | Delay | Arrival | Required | 
     |                 |             |          |       |  Time   |   Time   | 
     |-----------------+-------------+----------+-------+---------+----------| 
     | ENC/tag_reg[37] | CK ^        |          |       |   0.000 |   -0.101 | 
     | ENC/tag_reg[37] | CK ^ -> Q ^ | DFMQM1TP | 0.078 |   0.078 |   -0.023 | 
     | ENC/tag_reg[37] | D2 ^        | DFMQM1TP | 0.000 |   0.078 |   -0.023 | 
     +-----------------------------------------------------------------------+ 
Path 3: MET Hold Check with Pin ENC/tag_reg[85]/CK 
Endpoint:   ENC/tag_reg[85]/D2 (^) checked with  leading edge of 'clk'
Beginpoint: ENC/tag_reg[85]/Q  (^) triggered by  leading edge of 'clk'
Path Groups: {clk}
Analysis View: av_hold
Other End Arrival Time          0.000
+ Hold                         -0.023
+ Phase Shift                   0.000
= Required Time                -0.023
  Arrival Time                  0.078
  Slack Time                    0.101
     Clock Rise Edge                 0.000
     + Clock Network Latency (Ideal) 0.000
     = Beginpoint Arrival Time       0.000
     +-----------------------------------------------------------------------+ 
     |    Instance     |     Arc     |   Cell   | Delay | Arrival | Required | 
     |                 |             |          |       |  Time   |   Time   | 
     |-----------------+-------------+----------+-------+---------+----------| 
     | ENC/tag_reg[85] | CK ^        |          |       |   0.000 |   -0.101 | 
     | ENC/tag_reg[85] | CK ^ -> Q ^ | DFMQM1TP | 0.078 |   0.078 |   -0.023 | 
     | ENC/tag_reg[85] | D2 ^        | DFMQM1TP | 0.000 |   0.078 |   -0.023 | 
     +-----------------------------------------------------------------------+ 
Path 4: MET Hold Check with Pin ENC/tag_reg[97]/CK 
Endpoint:   ENC/tag_reg[97]/D2 (^) checked with  leading edge of 'clk'
Beginpoint: ENC/tag_reg[97]/Q  (^) triggered by  leading edge of 'clk'
Path Groups: {clk}
Analysis View: av_hold
Other End Arrival Time          0.000
+ Hold                         -0.023
+ Phase Shift                   0.000
= Required Time                -0.023
  Arrival Time                  0.078
  Slack Time                    0.101
     Clock Rise Edge                 0.000
     + Clock Network Latency (Ideal) 0.000
     = Beginpoint Arrival Time       0.000
     +-----------------------------------------------------------------------+ 
     |    Instance     |     Arc     |   Cell   | Delay | Arrival | Required | 
     |                 |             |          |       |  Time   |   Time   | 
     |-----------------+-------------+----------+-------+---------+----------| 
     | ENC/tag_reg[97] | CK ^        |          |       |   0.000 |   -0.101 | 
     | ENC/tag_reg[97] | CK ^ -> Q ^ | DFMQM1TP | 0.078 |   0.078 |   -0.023 | 
     | ENC/tag_reg[97] | D2 ^        | DFMQM1TP | 0.000 |   0.078 |   -0.023 | 
     +-----------------------------------------------------------------------+ 
Path 5: MET Hold Check with Pin plaintext_reg_reg[105]/CK 
Endpoint:   plaintext_reg_reg[105]/D2 (^) checked with  leading edge of 'clk'
Beginpoint: plaintext_reg_reg[105]/Q  (^) triggered by  leading edge of 'clk'
Path Groups: {clk}
Analysis View: av_hold
Other End Arrival Time          0.000
+ Hold                         -0.023
+ Phase Shift                   0.000
= Required Time                -0.023
  Arrival Time                  0.078
  Slack Time                    0.101
     Clock Rise Edge                 0.000
     + Clock Network Latency (Ideal) 0.000
     = Beginpoint Arrival Time       0.000
     +------------------------------------------------------------------------------+ 
     |        Instance        |     Arc     |   Cell   | Delay | Arrival | Required | 
     |                        |             |          |       |  Time   |   Time   | 
     |------------------------+-------------+----------+-------+---------+----------| 
     | plaintext_reg_reg[105] | CK ^        |          |       |   0.000 |   -0.101 | 
     | plaintext_reg_reg[105] | CK ^ -> Q ^ | DFMQM1TP | 0.078 |   0.078 |   -0.023 | 
     | plaintext_reg_reg[105] | D2 ^        | DFMQM1TP | 0.000 |   0.078 |   -0.023 | 
     +------------------------------------------------------------------------------+ 
Path 6: MET Hold Check with Pin cipher_reg_reg[120]/CK 
Endpoint:   cipher_reg_reg[120]/D2 (^) checked with  leading edge of 'clk'
Beginpoint: cipher_reg_reg[120]/Q  (^) triggered by  leading edge of 'clk'
Path Groups: {clk}
Analysis View: av_hold
Other End Arrival Time          0.000
+ Hold                         -0.023
+ Phase Shift                   0.000
= Required Time                -0.023
  Arrival Time                  0.078
  Slack Time                    0.101
     Clock Rise Edge                 0.000
     + Clock Network Latency (Ideal) 0.000
     = Beginpoint Arrival Time       0.000
     +---------------------------------------------------------------------------+ 
     |      Instance       |     Arc     |   Cell   | Delay | Arrival | Required | 
     |                     |             |          |       |  Time   |   Time   | 
     |---------------------+-------------+----------+-------+---------+----------| 
     | cipher_reg_reg[120] | CK ^        |          |       |   0.000 |   -0.101 | 
     | cipher_reg_reg[120] | CK ^ -> Q ^ | DFMQM1TP | 0.078 |   0.078 |   -0.023 | 
     | cipher_reg_reg[120] | D2 ^        | DFMQM1TP | 0.000 |   0.078 |   -0.023 | 
     +---------------------------------------------------------------------------+ 
Path 7: MET Hold Check with Pin ENC/tag_reg[36]/CK 
Endpoint:   ENC/tag_reg[36]/D2 (^) checked with  leading edge of 'clk'
Beginpoint: ENC/tag_reg[36]/Q  (^) triggered by  leading edge of 'clk'
Path Groups: {clk}
Analysis View: av_hold
Other End Arrival Time          0.000
+ Hold                         -0.023
+ Phase Shift                   0.000
= Required Time                -0.023
  Arrival Time                  0.078
  Slack Time                    0.101
     Clock Rise Edge                 0.000
     + Clock Network Latency (Ideal) 0.000
     = Beginpoint Arrival Time       0.000
     +-----------------------------------------------------------------------+ 
     |    Instance     |     Arc     |   Cell   | Delay | Arrival | Required | 
     |                 |             |          |       |  Time   |   Time   | 
     |-----------------+-------------+----------+-------+---------+----------| 
     | ENC/tag_reg[36] | CK ^        |          |       |   0.000 |   -0.101 | 
     | ENC/tag_reg[36] | CK ^ -> Q ^ | DFMQM1TP | 0.078 |   0.078 |   -0.023 | 
     | ENC/tag_reg[36] | D2 ^        | DFMQM1TP | 0.000 |   0.078 |   -0.023 | 
     +-----------------------------------------------------------------------+ 
Path 8: MET Hold Check with Pin ENC/tag_reg[22]/CK 
Endpoint:   ENC/tag_reg[22]/D2 (^) checked with  leading edge of 'clk'
Beginpoint: ENC/tag_reg[22]/Q  (^) triggered by  leading edge of 'clk'
Path Groups: {clk}
Analysis View: av_hold
Other End Arrival Time          0.000
+ Hold                         -0.023
+ Phase Shift                   0.000
= Required Time                -0.023
  Arrival Time                  0.078
  Slack Time                    0.101
     Clock Rise Edge                 0.000
     + Clock Network Latency (Ideal) 0.000
     = Beginpoint Arrival Time       0.000
     +-----------------------------------------------------------------------+ 
     |    Instance     |     Arc     |   Cell   | Delay | Arrival | Required | 
     |                 |             |          |       |  Time   |   Time   | 
     |-----------------+-------------+----------+-------+---------+----------| 
     | ENC/tag_reg[22] | CK ^        |          |       |   0.000 |   -0.101 | 
     | ENC/tag_reg[22] | CK ^ -> Q ^ | DFMQM1TP | 0.078 |   0.078 |   -0.023 | 
     | ENC/tag_reg[22] | D2 ^        | DFMQM1TP | 0.000 |   0.078 |   -0.023 | 
     +-----------------------------------------------------------------------+ 
Path 9: MET Hold Check with Pin ENC/tag_reg[126]/CK 
Endpoint:   ENC/tag_reg[126]/D2 (^) checked with  leading edge of 'clk'
Beginpoint: ENC/tag_reg[126]/Q  (^) triggered by  leading edge of 'clk'
Path Groups: {clk}
Analysis View: av_hold
Other End Arrival Time          0.000
+ Hold                         -0.023
+ Phase Shift                   0.000
= Required Time                -0.023
  Arrival Time                  0.079
  Slack Time                    0.102
     Clock Rise Edge                 0.000
     + Clock Network Latency (Ideal) 0.000
     = Beginpoint Arrival Time       0.000
     +------------------------------------------------------------------------+ 
     |     Instance     |     Arc     |   Cell   | Delay | Arrival | Required | 
     |                  |             |          |       |  Time   |   Time   | 
     |------------------+-------------+----------+-------+---------+----------| 
     | ENC/tag_reg[126] | CK ^        |          |       |   0.000 |   -0.102 | 
     | ENC/tag_reg[126] | CK ^ -> Q ^ | DFMQM1TP | 0.079 |   0.079 |   -0.023 | 
     | ENC/tag_reg[126] | D2 ^        | DFMQM1TP | 0.000 |   0.079 |   -0.023 | 
     +------------------------------------------------------------------------+ 
Path 10: MET Hold Check with Pin ENC/tag_reg[105]/CK 
Endpoint:   ENC/tag_reg[105]/D2 (^) checked with  leading edge of 'clk'
Beginpoint: ENC/tag_reg[105]/Q  (^) triggered by  leading edge of 'clk'
Path Groups: {clk}
Analysis View: av_hold
Other End Arrival Time          0.000
+ Hold                         -0.023
+ Phase Shift                   0.000
= Required Time                -0.023
  Arrival Time                  0.079
  Slack Time                    0.102
     Clock Rise Edge                 0.000
     + Clock Network Latency (Ideal) 0.000
     = Beginpoint Arrival Time       0.000
     +------------------------------------------------------------------------+ 
     |     Instance     |     Arc     |   Cell   | Delay | Arrival | Required | 
     |                  |             |          |       |  Time   |   Time   | 
     |------------------+-------------+----------+-------+---------+----------| 
     | ENC/tag_reg[105] | CK ^        |          |       |   0.000 |   -0.102 | 
     | ENC/tag_reg[105] | CK ^ -> Q ^ | DFMQM1TP | 0.079 |   0.079 |   -0.023 | 
     | ENC/tag_reg[105] | D2 ^        | DFMQM1TP | 0.000 |   0.079 |   -0.023 | 
     +------------------------------------------------------------------------+ 
Path 11: MET Hold Check with Pin ENC/tag_reg[91]/CK 
Endpoint:   ENC/tag_reg[91]/D2 (^) checked with  leading edge of 'clk'
Beginpoint: ENC/tag_reg[91]/Q  (^) triggered by  leading edge of 'clk'
Path Groups: {clk}
Analysis View: av_hold
Other End Arrival Time          0.000
+ Hold                         -0.023
+ Phase Shift                   0.000
= Required Time                -0.023
  Arrival Time                  0.079
  Slack Time                    0.102
     Clock Rise Edge                 0.000
     + Clock Network Latency (Ideal) 0.000
     = Beginpoint Arrival Time       0.000
     +-----------------------------------------------------------------------+ 
     |    Instance     |     Arc     |   Cell   | Delay | Arrival | Required | 
     |                 |             |          |       |  Time   |   Time   | 
     |-----------------+-------------+----------+-------+---------+----------| 
     | ENC/tag_reg[91] | CK ^        |          |       |   0.000 |   -0.102 | 
     | ENC/tag_reg[91] | CK ^ -> Q ^ | DFMQM1TP | 0.079 |   0.079 |   -0.023 | 
     | ENC/tag_reg[91] | D2 ^        | DFMQM1TP | 0.000 |   0.079 |   -0.023 | 
     +-----------------------------------------------------------------------+ 
Path 12: MET Hold Check with Pin ENC/tag_reg[41]/CK 
Endpoint:   ENC/tag_reg[41]/D2 (^) checked with  leading edge of 'clk'
Beginpoint: ENC/tag_reg[41]/Q  (^) triggered by  leading edge of 'clk'
Path Groups: {clk}
Analysis View: av_hold
Other End Arrival Time          0.000
+ Hold                         -0.023
+ Phase Shift                   0.000
= Required Time                -0.023
  Arrival Time                  0.079
  Slack Time                    0.102
     Clock Rise Edge                 0.000
     + Clock Network Latency (Ideal) 0.000
     = Beginpoint Arrival Time       0.000
     +-----------------------------------------------------------------------+ 
     |    Instance     |     Arc     |   Cell   | Delay | Arrival | Required | 
     |                 |             |          |       |  Time   |   Time   | 
     |-----------------+-------------+----------+-------+---------+----------| 
     | ENC/tag_reg[41] | CK ^        |          |       |   0.000 |   -0.102 | 
     | ENC/tag_reg[41] | CK ^ -> Q ^ | DFMQM1TP | 0.079 |   0.079 |   -0.023 | 
     | ENC/tag_reg[41] | D2 ^        | DFMQM1TP | 0.000 |   0.079 |   -0.023 | 
     +-----------------------------------------------------------------------+ 
Path 13: MET Hold Check with Pin cipher_reg_reg[29]/CK 
Endpoint:   cipher_reg_reg[29]/D2 (^) checked with  leading edge of 'clk'
Beginpoint: cipher_reg_reg[29]/Q  (^) triggered by  leading edge of 'clk'
Path Groups: {clk}
Analysis View: av_hold
Other End Arrival Time          0.000
+ Hold                         -0.023
+ Phase Shift                   0.000
= Required Time                -0.023
  Arrival Time                  0.079
  Slack Time                    0.102
     Clock Rise Edge                 0.000
     + Clock Network Latency (Ideal) 0.000
     = Beginpoint Arrival Time       0.000
     +--------------------------------------------------------------------------+ 
     |      Instance      |     Arc     |   Cell   | Delay | Arrival | Required | 
     |                    |             |          |       |  Time   |   Time   | 
     |--------------------+-------------+----------+-------+---------+----------| 
     | cipher_reg_reg[29] | CK ^        |          |       |   0.000 |   -0.102 | 
     | cipher_reg_reg[29] | CK ^ -> Q ^ | DFMQM1TP | 0.079 |   0.079 |   -0.023 | 
     | cipher_reg_reg[29] | D2 ^        | DFMQM1TP | 0.000 |   0.079 |   -0.023 | 
     +--------------------------------------------------------------------------+ 
Path 14: MET Hold Check with Pin ENC/tag_reg[106]/CK 
Endpoint:   ENC/tag_reg[106]/D2 (^) checked with  leading edge of 'clk'
Beginpoint: ENC/tag_reg[106]/Q  (^) triggered by  leading edge of 'clk'
Path Groups: {clk}
Analysis View: av_hold
Other End Arrival Time          0.000
+ Hold                         -0.023
+ Phase Shift                   0.000
= Required Time                -0.023
  Arrival Time                  0.079
  Slack Time                    0.102
     Clock Rise Edge                 0.000
     + Clock Network Latency (Ideal) 0.000
     = Beginpoint Arrival Time       0.000
     +------------------------------------------------------------------------+ 
     |     Instance     |     Arc     |   Cell   | Delay | Arrival | Required | 
     |                  |             |          |       |  Time   |   Time   | 
     |------------------+-------------+----------+-------+---------+----------| 
     | ENC/tag_reg[106] | CK ^        |          |       |   0.000 |   -0.102 | 
     | ENC/tag_reg[106] | CK ^ -> Q ^ | DFMQM1TP | 0.079 |   0.079 |   -0.023 | 
     | ENC/tag_reg[106] | D2 ^        | DFMQM1TP | 0.000 |   0.079 |   -0.023 | 
     +------------------------------------------------------------------------+ 
Path 15: MET Hold Check with Pin ENC/tag_reg[24]/CK 
Endpoint:   ENC/tag_reg[24]/D2 (^) checked with  leading edge of 'clk'
Beginpoint: ENC/tag_reg[24]/Q  (^) triggered by  leading edge of 'clk'
Path Groups: {clk}
Analysis View: av_hold
Other End Arrival Time          0.000
+ Hold                         -0.023
+ Phase Shift                   0.000
= Required Time                -0.023
  Arrival Time                  0.079
  Slack Time                    0.102
     Clock Rise Edge                 0.000
     + Clock Network Latency (Ideal) 0.000
     = Beginpoint Arrival Time       0.000
     +-----------------------------------------------------------------------+ 
     |    Instance     |     Arc     |   Cell   | Delay | Arrival | Required | 
     |                 |             |          |       |  Time   |   Time   | 
     |-----------------+-------------+----------+-------+---------+----------| 
     | ENC/tag_reg[24] | CK ^        |          |       |   0.000 |   -0.102 | 
     | ENC/tag_reg[24] | CK ^ -> Q ^ | DFMQM1TP | 0.079 |   0.079 |   -0.023 | 
     | ENC/tag_reg[24] | D2 ^        | DFMQM1TP | 0.000 |   0.079 |   -0.023 | 
     +-----------------------------------------------------------------------+ 
Path 16: MET Hold Check with Pin ENC/tag_reg[45]/CK 
Endpoint:   ENC/tag_reg[45]/D2 (^) checked with  leading edge of 'clk'
Beginpoint: ENC/tag_reg[45]/Q  (^) triggered by  leading edge of 'clk'
Path Groups: {clk}
Analysis View: av_hold
Other End Arrival Time          0.000
+ Hold                         -0.023
+ Phase Shift                   0.000
= Required Time                -0.023
  Arrival Time                  0.079
  Slack Time                    0.102
     Clock Rise Edge                 0.000
     + Clock Network Latency (Ideal) 0.000
     = Beginpoint Arrival Time       0.000
     +-----------------------------------------------------------------------+ 
     |    Instance     |     Arc     |   Cell   | Delay | Arrival | Required | 
     |                 |             |          |       |  Time   |   Time   | 
     |-----------------+-------------+----------+-------+---------+----------| 
     | ENC/tag_reg[45] | CK ^        |          |       |   0.000 |   -0.102 | 
     | ENC/tag_reg[45] | CK ^ -> Q ^ | DFMQM1TP | 0.079 |   0.079 |   -0.023 | 
     | ENC/tag_reg[45] | D2 ^        | DFMQM1TP | 0.000 |   0.079 |   -0.023 | 
     +-----------------------------------------------------------------------+ 
Path 17: MET Hold Check with Pin cipher_reg_reg[41]/CK 
Endpoint:   cipher_reg_reg[41]/D2 (^) checked with  leading edge of 'clk'
Beginpoint: cipher_reg_reg[41]/Q  (^) triggered by  leading edge of 'clk'
Path Groups: {clk}
Analysis View: av_hold
Other End Arrival Time          0.000
+ Hold                         -0.023
+ Phase Shift                   0.000
= Required Time                -0.023
  Arrival Time                  0.079
  Slack Time                    0.102
     Clock Rise Edge                 0.000
     + Clock Network Latency (Ideal) 0.000
     = Beginpoint Arrival Time       0.000
     +--------------------------------------------------------------------------+ 
     |      Instance      |     Arc     |   Cell   | Delay | Arrival | Required | 
     |                    |             |          |       |  Time   |   Time   | 
     |--------------------+-------------+----------+-------+---------+----------| 
     | cipher_reg_reg[41] | CK ^        |          |       |   0.000 |   -0.102 | 
     | cipher_reg_reg[41] | CK ^ -> Q ^ | DFMQM1TP | 0.079 |   0.079 |   -0.023 | 
     | cipher_reg_reg[41] | D2 ^        | DFMQM1TP | 0.000 |   0.079 |   -0.023 | 
     +--------------------------------------------------------------------------+ 
Path 18: MET Hold Check with Pin ENC/tag_reg[111]/CK 
Endpoint:   ENC/tag_reg[111]/D2 (^) checked with  leading edge of 'clk'
Beginpoint: ENC/tag_reg[111]/Q  (^) triggered by  leading edge of 'clk'
Path Groups: {clk}
Analysis View: av_hold
Other End Arrival Time          0.000
+ Hold                         -0.023
+ Phase Shift                   0.000
= Required Time                -0.023
  Arrival Time                  0.079
  Slack Time                    0.102
     Clock Rise Edge                 0.000
     + Clock Network Latency (Ideal) 0.000
     = Beginpoint Arrival Time       0.000
     +------------------------------------------------------------------------+ 
     |     Instance     |     Arc     |   Cell   | Delay | Arrival | Required | 
     |                  |             |          |       |  Time   |   Time   | 
     |------------------+-------------+----------+-------+---------+----------| 
     | ENC/tag_reg[111] | CK ^        |          |       |   0.000 |   -0.102 | 
     | ENC/tag_reg[111] | CK ^ -> Q ^ | DFMQM1TP | 0.079 |   0.079 |   -0.023 | 
     | ENC/tag_reg[111] | D2 ^        | DFMQM1TP | 0.000 |   0.079 |   -0.023 | 
     +------------------------------------------------------------------------+ 
Path 19: MET Hold Check with Pin ENC/tag_reg[84]/CK 
Endpoint:   ENC/tag_reg[84]/D2 (^) checked with  leading edge of 'clk'
Beginpoint: ENC/tag_reg[84]/Q  (^) triggered by  leading edge of 'clk'
Path Groups: {clk}
Analysis View: av_hold
Other End Arrival Time          0.000
+ Hold                         -0.023
+ Phase Shift                   0.000
= Required Time                -0.023
  Arrival Time                  0.079
  Slack Time                    0.102
     Clock Rise Edge                 0.000
     + Clock Network Latency (Ideal) 0.000
     = Beginpoint Arrival Time       0.000
     +-----------------------------------------------------------------------+ 
     |    Instance     |     Arc     |   Cell   | Delay | Arrival | Required | 
     |                 |             |          |       |  Time   |   Time   | 
     |-----------------+-------------+----------+-------+---------+----------| 
     | ENC/tag_reg[84] | CK ^        |          |       |   0.000 |   -0.102 | 
     | ENC/tag_reg[84] | CK ^ -> Q ^ | DFMQM1TP | 0.079 |   0.079 |   -0.023 | 
     | ENC/tag_reg[84] | D2 ^        | DFMQM1TP | 0.000 |   0.079 |   -0.023 | 
     +-----------------------------------------------------------------------+ 
Path 20: MET Hold Check with Pin cipher_reg_reg[30]/CK 
Endpoint:   cipher_reg_reg[30]/D2 (^) checked with  leading edge of 'clk'
Beginpoint: cipher_reg_reg[30]/Q  (^) triggered by  leading edge of 'clk'
Path Groups: {clk}
Analysis View: av_hold
Other End Arrival Time          0.000
+ Hold                         -0.023
+ Phase Shift                   0.000
= Required Time                -0.023
  Arrival Time                  0.079
  Slack Time                    0.102
     Clock Rise Edge                 0.000
     + Clock Network Latency (Ideal) 0.000
     = Beginpoint Arrival Time       0.000
     +--------------------------------------------------------------------------+ 
     |      Instance      |     Arc     |   Cell   | Delay | Arrival | Required | 
     |                    |             |          |       |  Time   |   Time   | 
     |--------------------+-------------+----------+-------+---------+----------| 
     | cipher_reg_reg[30] | CK ^        |          |       |   0.000 |   -0.102 | 
     | cipher_reg_reg[30] | CK ^ -> Q ^ | DFMQM1TP | 0.079 |   0.079 |   -0.023 | 
     | cipher_reg_reg[30] | D2 ^        | DFMQM1TP | 0.000 |   0.079 |   -0.023 | 
     +--------------------------------------------------------------------------+ 
Path 21: MET Hold Check with Pin ENC/tag_reg[20]/CK 
Endpoint:   ENC/tag_reg[20]/D2 (^) checked with  leading edge of 'clk'
Beginpoint: ENC/tag_reg[20]/Q  (^) triggered by  leading edge of 'clk'
Path Groups: {clk}
Analysis View: av_hold
Other End Arrival Time          0.000
+ Hold                         -0.023
+ Phase Shift                   0.000
= Required Time                -0.023
  Arrival Time                  0.079
  Slack Time                    0.102
     Clock Rise Edge                 0.000
     + Clock Network Latency (Ideal) 0.000
     = Beginpoint Arrival Time       0.000
     +-----------------------------------------------------------------------+ 
     |    Instance     |     Arc     |   Cell   | Delay | Arrival | Required | 
     |                 |             |          |       |  Time   |   Time   | 
     |-----------------+-------------+----------+-------+---------+----------| 
     | ENC/tag_reg[20] | CK ^        |          |       |   0.000 |   -0.102 | 
     | ENC/tag_reg[20] | CK ^ -> Q ^ | DFMQM1TP | 0.079 |   0.079 |   -0.023 | 
     | ENC/tag_reg[20] | D2 ^        | DFMQM1TP | 0.000 |   0.079 |   -0.023 | 
     +-----------------------------------------------------------------------+ 
Path 22: MET Hold Check with Pin ENC/tag_reg[108]/CK 
Endpoint:   ENC/tag_reg[108]/D2 (^) checked with  leading edge of 'clk'
Beginpoint: ENC/tag_reg[108]/Q  (^) triggered by  leading edge of 'clk'
Path Groups: {clk}
Analysis View: av_hold
Other End Arrival Time          0.000
+ Hold                         -0.023
+ Phase Shift                   0.000
= Required Time                -0.023
  Arrival Time                  0.079
  Slack Time                    0.102
     Clock Rise Edge                 0.000
     + Clock Network Latency (Ideal) 0.000
     = Beginpoint Arrival Time       0.000
     +------------------------------------------------------------------------+ 
     |     Instance     |     Arc     |   Cell   | Delay | Arrival | Required | 
     |                  |             |          |       |  Time   |   Time   | 
     |------------------+-------------+----------+-------+---------+----------| 
     | ENC/tag_reg[108] | CK ^        |          |       |   0.000 |   -0.102 | 
     | ENC/tag_reg[108] | CK ^ -> Q ^ | DFMQM1TP | 0.079 |   0.079 |   -0.023 | 
     | ENC/tag_reg[108] | D2 ^        | DFMQM1TP | 0.000 |   0.079 |   -0.023 | 
     +------------------------------------------------------------------------+ 
Path 23: MET Hold Check with Pin ENC/tag_reg[93]/CK 
Endpoint:   ENC/tag_reg[93]/D2 (^) checked with  leading edge of 'clk'
Beginpoint: ENC/tag_reg[93]/Q  (^) triggered by  leading edge of 'clk'
Path Groups: {clk}
Analysis View: av_hold
Other End Arrival Time          0.000
+ Hold                         -0.023
+ Phase Shift                   0.000
= Required Time                -0.023
  Arrival Time                  0.079
  Slack Time                    0.102
     Clock Rise Edge                 0.000
     + Clock Network Latency (Ideal) 0.000
     = Beginpoint Arrival Time       0.000
     +-----------------------------------------------------------------------+ 
     |    Instance     |     Arc     |   Cell   | Delay | Arrival | Required | 
     |                 |             |          |       |  Time   |   Time   | 
     |-----------------+-------------+----------+-------+---------+----------| 
     | ENC/tag_reg[93] | CK ^        |          |       |   0.000 |   -0.102 | 
     | ENC/tag_reg[93] | CK ^ -> Q ^ | DFMQM1TP | 0.079 |   0.079 |   -0.023 | 
     | ENC/tag_reg[93] | D2 ^        | DFMQM1TP | 0.000 |   0.079 |   -0.023 | 
     +-----------------------------------------------------------------------+ 
Path 24: MET Hold Check with Pin ENC/tag_reg[90]/CK 
Endpoint:   ENC/tag_reg[90]/D2 (^) checked with  leading edge of 'clk'
Beginpoint: ENC/tag_reg[90]/Q  (^) triggered by  leading edge of 'clk'
Path Groups: {clk}
Analysis View: av_hold
Other End Arrival Time          0.000
+ Hold                         -0.023
+ Phase Shift                   0.000
= Required Time                -0.023
  Arrival Time                  0.079
  Slack Time                    0.102
     Clock Rise Edge                 0.000
     + Clock Network Latency (Ideal) 0.000
     = Beginpoint Arrival Time       0.000
     +-----------------------------------------------------------------------+ 
     |    Instance     |     Arc     |   Cell   | Delay | Arrival | Required | 
     |                 |             |          |       |  Time   |   Time   | 
     |-----------------+-------------+----------+-------+---------+----------| 
     | ENC/tag_reg[90] | CK ^        |          |       |   0.000 |   -0.102 | 
     | ENC/tag_reg[90] | CK ^ -> Q ^ | DFMQM1TP | 0.079 |   0.079 |   -0.023 | 
     | ENC/tag_reg[90] | D2 ^        | DFMQM1TP | 0.000 |   0.079 |   -0.023 | 
     +-----------------------------------------------------------------------+ 
Path 25: MET Hold Check with Pin DHT/data_reg[4]/CK 
Endpoint:   DHT/data_reg[4]/D (v) checked with  leading edge of 'clk'
Beginpoint: DHT/data_reg[3]/Q (v) triggered by  leading edge of 'clk'
Path Groups: {clk}
Analysis View: av_hold
Other End Arrival Time          0.000
+ Hold                         -0.014
+ Phase Shift                   0.000
= Required Time                -0.014
  Arrival Time                  0.088
  Slack Time                    0.102
     Clock Rise Edge                 0.000
     + Clock Network Latency (Ideal) 0.000
     = Beginpoint Arrival Time       0.000
     +------------------------------------------------------------------------+ 
     |    Instance     |     Arc     |   Cell    | Delay | Arrival | Required | 
     |                 |             |           |       |  Time   |   Time   | 
     |-----------------+-------------+-----------+-------+---------+----------| 
     | DHT/data_reg[3] | CK ^        |           |       |   0.000 |   -0.102 | 
     | DHT/data_reg[3] | CK ^ -> Q v | DFEQRM1TP | 0.088 |   0.088 |   -0.014 | 
     | DHT/data_reg[4] | D v         | DFEQRM1TP | 0.000 |   0.088 |   -0.014 | 
     +------------------------------------------------------------------------+ 
Path 26: MET Hold Check with Pin ENC/tag_reg[86]/CK 
Endpoint:   ENC/tag_reg[86]/D2 (^) checked with  leading edge of 'clk'
Beginpoint: ENC/tag_reg[86]/Q  (^) triggered by  leading edge of 'clk'
Path Groups: {clk}
Analysis View: av_hold
Other End Arrival Time          0.000
+ Hold                         -0.023
+ Phase Shift                   0.000
= Required Time                -0.023
  Arrival Time                  0.079
  Slack Time                    0.102
     Clock Rise Edge                 0.000
     + Clock Network Latency (Ideal) 0.000
     = Beginpoint Arrival Time       0.000
     +-----------------------------------------------------------------------+ 
     |    Instance     |     Arc     |   Cell   | Delay | Arrival | Required | 
     |                 |             |          |       |  Time   |   Time   | 
     |-----------------+-------------+----------+-------+---------+----------| 
     | ENC/tag_reg[86] | CK ^        |          |       |   0.000 |   -0.102 | 
     | ENC/tag_reg[86] | CK ^ -> Q ^ | DFMQM1TP | 0.079 |   0.079 |   -0.023 | 
     | ENC/tag_reg[86] | D2 ^        | DFMQM1TP | 0.000 |   0.079 |   -0.023 | 
     +-----------------------------------------------------------------------+ 
Path 27: MET Hold Check with Pin ENC/tag_reg[100]/CK 
Endpoint:   ENC/tag_reg[100]/D2 (^) checked with  leading edge of 'clk'
Beginpoint: ENC/tag_reg[100]/Q  (^) triggered by  leading edge of 'clk'
Path Groups: {clk}
Analysis View: av_hold
Other End Arrival Time          0.000
+ Hold                         -0.023
+ Phase Shift                   0.000
= Required Time                -0.023
  Arrival Time                  0.079
  Slack Time                    0.103
     Clock Rise Edge                 0.000
     + Clock Network Latency (Ideal) 0.000
     = Beginpoint Arrival Time       0.000
     +------------------------------------------------------------------------+ 
     |     Instance     |     Arc     |   Cell   | Delay | Arrival | Required | 
     |                  |             |          |       |  Time   |   Time   | 
     |------------------+-------------+----------+-------+---------+----------| 
     | ENC/tag_reg[100] | CK ^        |          |       |   0.000 |   -0.103 | 
     | ENC/tag_reg[100] | CK ^ -> Q ^ | DFMQM1TP | 0.079 |   0.079 |   -0.023 | 
     | ENC/tag_reg[100] | D2 ^        | DFMQM1TP | 0.000 |   0.079 |   -0.023 | 
     +------------------------------------------------------------------------+ 
Path 28: MET Hold Check with Pin DHT/data_reg[9]/CK 
Endpoint:   DHT/data_reg[9]/D (v) checked with  leading edge of 'clk'
Beginpoint: DHT/data_reg[8]/Q (v) triggered by  leading edge of 'clk'
Path Groups: {clk}
Analysis View: av_hold
Other End Arrival Time          0.000
+ Hold                         -0.014
+ Phase Shift                   0.000
= Required Time                -0.014
  Arrival Time                  0.088
  Slack Time                    0.103
     Clock Rise Edge                 0.000
     + Clock Network Latency (Ideal) 0.000
     = Beginpoint Arrival Time       0.000
     +------------------------------------------------------------------------+ 
     |    Instance     |     Arc     |   Cell    | Delay | Arrival | Required | 
     |                 |             |           |       |  Time   |   Time   | 
     |-----------------+-------------+-----------+-------+---------+----------| 
     | DHT/data_reg[8] | CK ^        |           |       |   0.000 |   -0.103 | 
     | DHT/data_reg[8] | CK ^ -> Q v | DFEQRM1TP | 0.088 |   0.088 |   -0.014 | 
     | DHT/data_reg[9] | D v         | DFEQRM1TP | 0.000 |   0.088 |   -0.014 | 
     +------------------------------------------------------------------------+ 
Path 29: MET Hold Check with Pin plaintext_reg_reg[58]/CK 
Endpoint:   plaintext_reg_reg[58]/D2 (^) checked with  leading edge of 'clk'
Beginpoint: plaintext_reg_reg[58]/Q  (^) triggered by  leading edge of 'clk'
Path Groups: {clk}
Analysis View: av_hold
Other End Arrival Time          0.000
+ Hold                         -0.023
+ Phase Shift                   0.000
= Required Time                -0.023
  Arrival Time                  0.079
  Slack Time                    0.103
     Clock Rise Edge                 0.000
     + Clock Network Latency (Ideal) 0.000
     = Beginpoint Arrival Time       0.000
     +-----------------------------------------------------------------------------+ 
     |       Instance        |     Arc     |   Cell   | Delay | Arrival | Required | 
     |                       |             |          |       |  Time   |   Time   | 
     |-----------------------+-------------+----------+-------+---------+----------| 
     | plaintext_reg_reg[58] | CK ^        |          |       |   0.000 |   -0.103 | 
     | plaintext_reg_reg[58] | CK ^ -> Q ^ | DFMQM1TP | 0.079 |   0.079 |   -0.023 | 
     | plaintext_reg_reg[58] | D2 ^        | DFMQM1TP | 0.000 |   0.079 |   -0.023 | 
     +-----------------------------------------------------------------------------+ 
Path 30: MET Hold Check with Pin ENC/tag_reg[104]/CK 
Endpoint:   ENC/tag_reg[104]/D2 (^) checked with  leading edge of 'clk'
Beginpoint: ENC/tag_reg[104]/Q  (^) triggered by  leading edge of 'clk'
Path Groups: {clk}
Analysis View: av_hold
Other End Arrival Time          0.000
+ Hold                         -0.023
+ Phase Shift                   0.000
= Required Time                -0.023
  Arrival Time                  0.079
  Slack Time                    0.103
     Clock Rise Edge                 0.000
     + Clock Network Latency (Ideal) 0.000
     = Beginpoint Arrival Time       0.000
     +------------------------------------------------------------------------+ 
     |     Instance     |     Arc     |   Cell   | Delay | Arrival | Required | 
     |                  |             |          |       |  Time   |   Time   | 
     |------------------+-------------+----------+-------+---------+----------| 
     | ENC/tag_reg[104] | CK ^        |          |       |   0.000 |   -0.103 | 
     | ENC/tag_reg[104] | CK ^ -> Q ^ | DFMQM1TP | 0.079 |   0.079 |   -0.023 | 
     | ENC/tag_reg[104] | D2 ^        | DFMQM1TP | 0.000 |   0.079 |   -0.023 | 
     +------------------------------------------------------------------------+ 
Path 31: MET Hold Check with Pin ENC/tag_reg[40]/CK 
Endpoint:   ENC/tag_reg[40]/D2 (^) checked with  leading edge of 'clk'
Beginpoint: ENC/tag_reg[40]/Q  (^) triggered by  leading edge of 'clk'
Path Groups: {clk}
Analysis View: av_hold
Other End Arrival Time          0.000
+ Hold                         -0.023
+ Phase Shift                   0.000
= Required Time                -0.023
  Arrival Time                  0.079
  Slack Time                    0.103
     Clock Rise Edge                 0.000
     + Clock Network Latency (Ideal) 0.000
     = Beginpoint Arrival Time       0.000
     +-----------------------------------------------------------------------+ 
     |    Instance     |     Arc     |   Cell   | Delay | Arrival | Required | 
     |                 |             |          |       |  Time   |   Time   | 
     |-----------------+-------------+----------+-------+---------+----------| 
     | ENC/tag_reg[40] | CK ^        |          |       |   0.000 |   -0.103 | 
     | ENC/tag_reg[40] | CK ^ -> Q ^ | DFMQM1TP | 0.079 |   0.079 |   -0.023 | 
     | ENC/tag_reg[40] | D2 ^        | DFMQM1TP | 0.000 |   0.079 |   -0.023 | 
     +-----------------------------------------------------------------------+ 
Path 32: MET Hold Check with Pin ENC/tag_reg[29]/CK 
Endpoint:   ENC/tag_reg[29]/D2 (^) checked with  leading edge of 'clk'
Beginpoint: ENC/tag_reg[29]/Q  (^) triggered by  leading edge of 'clk'
Path Groups: {clk}
Analysis View: av_hold
Other End Arrival Time          0.000
+ Hold                         -0.023
+ Phase Shift                   0.000
= Required Time                -0.023
  Arrival Time                  0.079
  Slack Time                    0.103
     Clock Rise Edge                 0.000
     + Clock Network Latency (Ideal) 0.000
     = Beginpoint Arrival Time       0.000
     +-----------------------------------------------------------------------+ 
     |    Instance     |     Arc     |   Cell   | Delay | Arrival | Required | 
     |                 |             |          |       |  Time   |   Time   | 
     |-----------------+-------------+----------+-------+---------+----------| 
     | ENC/tag_reg[29] | CK ^        |          |       |   0.000 |   -0.103 | 
     | ENC/tag_reg[29] | CK ^ -> Q ^ | DFMQM1TP | 0.079 |   0.079 |   -0.023 | 
     | ENC/tag_reg[29] | D2 ^        | DFMQM1TP | 0.000 |   0.079 |   -0.023 | 
     +-----------------------------------------------------------------------+ 
Path 33: MET Hold Check with Pin DHT/humidity_reg[7]/CK 
Endpoint:   DHT/humidity_reg[7]/D (v) checked with  leading edge of 'clk'
Beginpoint: DHT/data_reg[39]/Q    (v) triggered by  leading edge of 'clk'
Path Groups: {clk}
Analysis View: av_hold
Other End Arrival Time          0.000
+ Hold                         -0.014
+ Phase Shift                   0.000
= Required Time                -0.014
  Arrival Time                  0.088
  Slack Time                    0.103
     Clock Rise Edge                 0.000
     + Clock Network Latency (Ideal) 0.000
     = Beginpoint Arrival Time       0.000
     +----------------------------------------------------------------------------+ 
     |      Instance       |     Arc     |   Cell    | Delay | Arrival | Required | 
     |                     |             |           |       |  Time   |   Time   | 
     |---------------------+-------------+-----------+-------+---------+----------| 
     | DHT/data_reg[39]    | CK ^        |           |       |   0.000 |   -0.103 | 
     | DHT/data_reg[39]    | CK ^ -> Q v | DFEQRM1TP | 0.088 |   0.088 |   -0.014 | 
     | DHT/humidity_reg[7] | D v         | DFEQRM1TP | 0.000 |   0.088 |   -0.014 | 
     +----------------------------------------------------------------------------+ 
Path 34: MET Hold Check with Pin ENC/tag_reg[47]/CK 
Endpoint:   ENC/tag_reg[47]/D2 (^) checked with  leading edge of 'clk'
Beginpoint: ENC/tag_reg[47]/Q  (^) triggered by  leading edge of 'clk'
Path Groups: {clk}
Analysis View: av_hold
Other End Arrival Time          0.000
+ Hold                         -0.023
+ Phase Shift                   0.000
= Required Time                -0.023
  Arrival Time                  0.079
  Slack Time                    0.103
     Clock Rise Edge                 0.000
     + Clock Network Latency (Ideal) 0.000
     = Beginpoint Arrival Time       0.000
     +-----------------------------------------------------------------------+ 
     |    Instance     |     Arc     |   Cell   | Delay | Arrival | Required | 
     |                 |             |          |       |  Time   |   Time   | 
     |-----------------+-------------+----------+-------+---------+----------| 
     | ENC/tag_reg[47] | CK ^        |          |       |   0.000 |   -0.103 | 
     | ENC/tag_reg[47] | CK ^ -> Q ^ | DFMQM1TP | 0.079 |   0.079 |   -0.023 | 
     | ENC/tag_reg[47] | D2 ^        | DFMQM1TP | 0.000 |   0.079 |   -0.023 | 
     +-----------------------------------------------------------------------+ 
Path 35: MET Hold Check with Pin ENC/tag_reg[38]/CK 
Endpoint:   ENC/tag_reg[38]/D2 (^) checked with  leading edge of 'clk'
Beginpoint: ENC/tag_reg[38]/Q  (^) triggered by  leading edge of 'clk'
Path Groups: {clk}
Analysis View: av_hold
Other End Arrival Time          0.000
+ Hold                         -0.023
+ Phase Shift                   0.000
= Required Time                -0.023
  Arrival Time                  0.079
  Slack Time                    0.103
     Clock Rise Edge                 0.000
     + Clock Network Latency (Ideal) 0.000
     = Beginpoint Arrival Time       0.000
     +-----------------------------------------------------------------------+ 
     |    Instance     |     Arc     |   Cell   | Delay | Arrival | Required | 
     |                 |             |          |       |  Time   |   Time   | 
     |-----------------+-------------+----------+-------+---------+----------| 
     | ENC/tag_reg[38] | CK ^        |          |       |   0.000 |   -0.103 | 
     | ENC/tag_reg[38] | CK ^ -> Q ^ | DFMQM1TP | 0.079 |   0.079 |   -0.023 | 
     | ENC/tag_reg[38] | D2 ^        | DFMQM1TP | 0.000 |   0.079 |   -0.023 | 
     +-----------------------------------------------------------------------+ 
Path 36: MET Hold Check with Pin DHT/data_reg[28]/CK 
Endpoint:   DHT/data_reg[28]/D (v) checked with  leading edge of 'clk'
Beginpoint: DHT/data_reg[27]/Q (v) triggered by  leading edge of 'clk'
Path Groups: {clk}
Analysis View: av_hold
Other End Arrival Time          0.000
+ Hold                         -0.014
+ Phase Shift                   0.000
= Required Time                -0.014
  Arrival Time                  0.088
  Slack Time                    0.103
     Clock Rise Edge                 0.000
     + Clock Network Latency (Ideal) 0.000
     = Beginpoint Arrival Time       0.000
     +-------------------------------------------------------------------------+ 
     |     Instance     |     Arc     |   Cell    | Delay | Arrival | Required | 
     |                  |             |           |       |  Time   |   Time   | 
     |------------------+-------------+-----------+-------+---------+----------| 
     | DHT/data_reg[27] | CK ^        |           |       |   0.000 |   -0.103 | 
     | DHT/data_reg[27] | CK ^ -> Q v | DFEQRM1TP | 0.088 |   0.088 |   -0.014 | 
     | DHT/data_reg[28] | D v         | DFEQRM1TP | 0.000 |   0.088 |   -0.014 | 
     +-------------------------------------------------------------------------+ 
Path 37: MET Hold Check with Pin plaintext_reg_reg[104]/CK 
Endpoint:   plaintext_reg_reg[104]/D2 (^) checked with  leading edge of 'clk'
Beginpoint: plaintext_reg_reg[104]/Q  (^) triggered by  leading edge of 'clk'
Path Groups: {clk}
Analysis View: av_hold
Other End Arrival Time          0.000
+ Hold                         -0.023
+ Phase Shift                   0.000
= Required Time                -0.023
  Arrival Time                  0.079
  Slack Time                    0.103
     Clock Rise Edge                 0.000
     + Clock Network Latency (Ideal) 0.000
     = Beginpoint Arrival Time       0.000
     +------------------------------------------------------------------------------+ 
     |        Instance        |     Arc     |   Cell   | Delay | Arrival | Required | 
     |                        |             |          |       |  Time   |   Time   | 
     |------------------------+-------------+----------+-------+---------+----------| 
     | plaintext_reg_reg[104] | CK ^        |          |       |   0.000 |   -0.103 | 
     | plaintext_reg_reg[104] | CK ^ -> Q ^ | DFMQM1TP | 0.079 |   0.079 |   -0.023 | 
     | plaintext_reg_reg[104] | D2 ^        | DFMQM1TP | 0.000 |   0.079 |   -0.023 | 
     +------------------------------------------------------------------------------+ 
Path 38: MET Hold Check with Pin ENC/tag_reg[92]/CK 
Endpoint:   ENC/tag_reg[92]/D2 (^) checked with  leading edge of 'clk'
Beginpoint: ENC/tag_reg[92]/Q  (^) triggered by  leading edge of 'clk'
Path Groups: {clk}
Analysis View: av_hold
Other End Arrival Time          0.000
+ Hold                         -0.023
+ Phase Shift                   0.000
= Required Time                -0.023
  Arrival Time                  0.080
  Slack Time                    0.103
     Clock Rise Edge                 0.000
     + Clock Network Latency (Ideal) 0.000
     = Beginpoint Arrival Time       0.000
     +-----------------------------------------------------------------------+ 
     |    Instance     |     Arc     |   Cell   | Delay | Arrival | Required | 
     |                 |             |          |       |  Time   |   Time   | 
     |-----------------+-------------+----------+-------+---------+----------| 
     | ENC/tag_reg[92] | CK ^        |          |       |   0.000 |   -0.103 | 
     | ENC/tag_reg[92] | CK ^ -> Q ^ | DFMQM1TP | 0.079 |   0.079 |   -0.023 | 
     | ENC/tag_reg[92] | D2 ^        | DFMQM1TP | 0.000 |   0.080 |   -0.023 | 
     +-----------------------------------------------------------------------+ 
Path 39: MET Hold Check with Pin DHT/data_reg[26]/CK 
Endpoint:   DHT/data_reg[26]/D (v) checked with  leading edge of 'clk'
Beginpoint: DHT/data_reg[25]/Q (v) triggered by  leading edge of 'clk'
Path Groups: {clk}
Analysis View: av_hold
Other End Arrival Time          0.000
+ Hold                         -0.014
+ Phase Shift                   0.000
= Required Time                -0.014
  Arrival Time                  0.089
  Slack Time                    0.103
     Clock Rise Edge                 0.000
     + Clock Network Latency (Ideal) 0.000
     = Beginpoint Arrival Time       0.000
     +-------------------------------------------------------------------------+ 
     |     Instance     |     Arc     |   Cell    | Delay | Arrival | Required | 
     |                  |             |           |       |  Time   |   Time   | 
     |------------------+-------------+-----------+-------+---------+----------| 
     | DHT/data_reg[25] | CK ^        |           |       |   0.000 |   -0.103 | 
     | DHT/data_reg[25] | CK ^ -> Q v | DFEQRM1TP | 0.089 |   0.089 |   -0.014 | 
     | DHT/data_reg[26] | D v         | DFEQRM1TP | 0.000 |   0.089 |   -0.014 | 
     +-------------------------------------------------------------------------+ 
Path 40: MET Hold Check with Pin cipher_reg_reg[121]/CK 
Endpoint:   cipher_reg_reg[121]/D2 (^) checked with  leading edge of 'clk'
Beginpoint: cipher_reg_reg[121]/Q  (^) triggered by  leading edge of 'clk'
Path Groups: {clk}
Analysis View: av_hold
Other End Arrival Time          0.000
+ Hold                         -0.023
+ Phase Shift                   0.000
= Required Time                -0.023
  Arrival Time                  0.080
  Slack Time                    0.103
     Clock Rise Edge                 0.000
     + Clock Network Latency (Ideal) 0.000
     = Beginpoint Arrival Time       0.000
     +---------------------------------------------------------------------------+ 
     |      Instance       |     Arc     |   Cell   | Delay | Arrival | Required | 
     |                     |             |          |       |  Time   |   Time   | 
     |---------------------+-------------+----------+-------+---------+----------| 
     | cipher_reg_reg[121] | CK ^        |          |       |   0.000 |   -0.103 | 
     | cipher_reg_reg[121] | CK ^ -> Q ^ | DFMQM1TP | 0.080 |   0.080 |   -0.023 | 
     | cipher_reg_reg[121] | D2 ^        | DFMQM1TP | 0.000 |   0.080 |   -0.023 | 
     +---------------------------------------------------------------------------+ 
Path 41: MET Hold Check with Pin ENC/tag_reg[21]/CK 
Endpoint:   ENC/tag_reg[21]/D2 (^) checked with  leading edge of 'clk'
Beginpoint: ENC/tag_reg[21]/Q  (^) triggered by  leading edge of 'clk'
Path Groups: {clk}
Analysis View: av_hold
Other End Arrival Time          0.000
+ Hold                         -0.023
+ Phase Shift                   0.000
= Required Time                -0.023
  Arrival Time                  0.080
  Slack Time                    0.103
     Clock Rise Edge                 0.000
     + Clock Network Latency (Ideal) 0.000
     = Beginpoint Arrival Time       0.000
     +-----------------------------------------------------------------------+ 
     |    Instance     |     Arc     |   Cell   | Delay | Arrival | Required | 
     |                 |             |          |       |  Time   |   Time   | 
     |-----------------+-------------+----------+-------+---------+----------| 
     | ENC/tag_reg[21] | CK ^        |          |       |   0.000 |   -0.103 | 
     | ENC/tag_reg[21] | CK ^ -> Q ^ | DFMQM1TP | 0.080 |   0.080 |   -0.023 | 
     | ENC/tag_reg[21] | D2 ^        | DFMQM1TP | 0.000 |   0.080 |   -0.023 | 
     +-----------------------------------------------------------------------+ 
Path 42: MET Hold Check with Pin DHT/data_reg[7]/CK 
Endpoint:   DHT/data_reg[7]/D (v) checked with  leading edge of 'clk'
Beginpoint: DHT/data_reg[6]/Q (v) triggered by  leading edge of 'clk'
Path Groups: {clk}
Analysis View: av_hold
Other End Arrival Time          0.000
+ Hold                         -0.014
+ Phase Shift                   0.000
= Required Time                -0.014
  Arrival Time                  0.089
  Slack Time                    0.103
     Clock Rise Edge                 0.000
     + Clock Network Latency (Ideal) 0.000
     = Beginpoint Arrival Time       0.000
     +------------------------------------------------------------------------+ 
     |    Instance     |     Arc     |   Cell    | Delay | Arrival | Required | 
     |                 |             |           |       |  Time   |   Time   | 
     |-----------------+-------------+-----------+-------+---------+----------| 
     | DHT/data_reg[6] | CK ^        |           |       |   0.000 |   -0.103 | 
     | DHT/data_reg[6] | CK ^ -> Q v | DFEQRM1TP | 0.089 |   0.089 |   -0.014 | 
     | DHT/data_reg[7] | D v         | DFEQRM1TP | 0.000 |   0.089 |   -0.014 | 
     +------------------------------------------------------------------------+ 
Path 43: MET Hold Check with Pin tag_reg_reg[62]/CK 
Endpoint:   tag_reg_reg[62]/D2 (^) checked with  leading edge of 'clk'
Beginpoint: tag_reg_reg[62]/Q  (^) triggered by  leading edge of 'clk'
Path Groups: {clk}
Analysis View: av_hold
Other End Arrival Time          0.000
+ Hold                         -0.023
+ Phase Shift                   0.000
= Required Time                -0.023
  Arrival Time                  0.080
  Slack Time                    0.103
     Clock Rise Edge                 0.000
     + Clock Network Latency (Ideal) 0.000
     = Beginpoint Arrival Time       0.000
     +-----------------------------------------------------------------------+ 
     |    Instance     |     Arc     |   Cell   | Delay | Arrival | Required | 
     |                 |             |          |       |  Time   |   Time   | 
     |-----------------+-------------+----------+-------+---------+----------| 
     | tag_reg_reg[62] | CK ^        |          |       |   0.000 |   -0.103 | 
     | tag_reg_reg[62] | CK ^ -> Q ^ | DFMQM1TP | 0.080 |   0.080 |   -0.023 | 
     | tag_reg_reg[62] | D2 ^        | DFMQM1TP | 0.000 |   0.080 |   -0.023 | 
     +-----------------------------------------------------------------------+ 
Path 44: MET Hold Check with Pin DHT/data_reg[15]/CK 
Endpoint:   DHT/data_reg[15]/D (v) checked with  leading edge of 'clk'
Beginpoint: DHT/data_reg[14]/Q (v) triggered by  leading edge of 'clk'
Path Groups: {clk}
Analysis View: av_hold
Other End Arrival Time          0.000
+ Hold                         -0.014
+ Phase Shift                   0.000
= Required Time                -0.014
  Arrival Time                  0.089
  Slack Time                    0.103
     Clock Rise Edge                 0.000
     + Clock Network Latency (Ideal) 0.000
     = Beginpoint Arrival Time       0.000
     +-------------------------------------------------------------------------+ 
     |     Instance     |     Arc     |   Cell    | Delay | Arrival | Required | 
     |                  |             |           |       |  Time   |   Time   | 
     |------------------+-------------+-----------+-------+---------+----------| 
     | DHT/data_reg[14] | CK ^        |           |       |   0.000 |   -0.103 | 
     | DHT/data_reg[14] | CK ^ -> Q v | DFEQRM1TP | 0.089 |   0.089 |   -0.014 | 
     | DHT/data_reg[15] | D v         | DFEQRM1TP | 0.000 |   0.089 |   -0.014 | 
     +-------------------------------------------------------------------------+ 
Path 45: MET Hold Check with Pin DHT/data_reg[11]/CK 
Endpoint:   DHT/data_reg[11]/D (v) checked with  leading edge of 'clk'
Beginpoint: DHT/data_reg[10]/Q (v) triggered by  leading edge of 'clk'
Path Groups: {clk}
Analysis View: av_hold
Other End Arrival Time          0.000
+ Hold                         -0.014
+ Phase Shift                   0.000
= Required Time                -0.014
  Arrival Time                  0.089
  Slack Time                    0.103
     Clock Rise Edge                 0.000
     + Clock Network Latency (Ideal) 0.000
     = Beginpoint Arrival Time       0.000
     +-------------------------------------------------------------------------+ 
     |     Instance     |     Arc     |   Cell    | Delay | Arrival | Required | 
     |                  |             |           |       |  Time   |   Time   | 
     |------------------+-------------+-----------+-------+---------+----------| 
     | DHT/data_reg[10] | CK ^        |           |       |   0.000 |   -0.103 | 
     | DHT/data_reg[10] | CK ^ -> Q v | DFEQRM1TP | 0.089 |   0.089 |   -0.014 | 
     | DHT/data_reg[11] | D v         | DFEQRM1TP | 0.000 |   0.089 |   -0.014 | 
     +-------------------------------------------------------------------------+ 
Path 46: MET Hold Check with Pin DHT/data_reg[31]/CK 
Endpoint:   DHT/data_reg[31]/D (v) checked with  leading edge of 'clk'
Beginpoint: DHT/data_reg[30]/Q (v) triggered by  leading edge of 'clk'
Path Groups: {clk}
Analysis View: av_hold
Other End Arrival Time          0.000
+ Hold                         -0.014
+ Phase Shift                   0.000
= Required Time                -0.014
  Arrival Time                  0.089
  Slack Time                    0.103
     Clock Rise Edge                 0.000
     + Clock Network Latency (Ideal) 0.000
     = Beginpoint Arrival Time       0.000
     +-------------------------------------------------------------------------+ 
     |     Instance     |     Arc     |   Cell    | Delay | Arrival | Required | 
     |                  |             |           |       |  Time   |   Time   | 
     |------------------+-------------+-----------+-------+---------+----------| 
     | DHT/data_reg[30] | CK ^        |           |       |   0.000 |   -0.103 | 
     | DHT/data_reg[30] | CK ^ -> Q v | DFEQRM1TP | 0.089 |   0.089 |   -0.014 | 
     | DHT/data_reg[31] | D v         | DFEQRM1TP | 0.000 |   0.089 |   -0.014 | 
     +-------------------------------------------------------------------------+ 
Path 47: MET Hold Check with Pin plaintext_reg_reg[57]/CK 
Endpoint:   plaintext_reg_reg[57]/D2 (^) checked with  leading edge of 'clk'
Beginpoint: plaintext_reg_reg[57]/Q  (^) triggered by  leading edge of 'clk'
Path Groups: {clk}
Analysis View: av_hold
Other End Arrival Time          0.000
+ Hold                         -0.023
+ Phase Shift                   0.000
= Required Time                -0.023
  Arrival Time                  0.080
  Slack Time                    0.103
     Clock Rise Edge                 0.000
     + Clock Network Latency (Ideal) 0.000
     = Beginpoint Arrival Time       0.000
     +-----------------------------------------------------------------------------+ 
     |       Instance        |     Arc     |   Cell   | Delay | Arrival | Required | 
     |                       |             |          |       |  Time   |   Time   | 
     |-----------------------+-------------+----------+-------+---------+----------| 
     | plaintext_reg_reg[57] | CK ^        |          |       |   0.000 |   -0.103 | 
     | plaintext_reg_reg[57] | CK ^ -> Q ^ | DFMQM1TP | 0.080 |   0.080 |   -0.023 | 
     | plaintext_reg_reg[57] | D2 ^        | DFMQM1TP | 0.000 |   0.080 |   -0.023 | 
     +-----------------------------------------------------------------------------+ 
Path 48: MET Hold Check with Pin DHT/data_reg[27]/CK 
Endpoint:   DHT/data_reg[27]/D (v) checked with  leading edge of 'clk'
Beginpoint: DHT/data_reg[26]/Q (v) triggered by  leading edge of 'clk'
Path Groups: {clk}
Analysis View: av_hold
Other End Arrival Time          0.000
+ Hold                         -0.014
+ Phase Shift                   0.000
= Required Time                -0.014
  Arrival Time                  0.089
  Slack Time                    0.103
     Clock Rise Edge                 0.000
     + Clock Network Latency (Ideal) 0.000
     = Beginpoint Arrival Time       0.000
     +-------------------------------------------------------------------------+ 
     |     Instance     |     Arc     |   Cell    | Delay | Arrival | Required | 
     |                  |             |           |       |  Time   |   Time   | 
     |------------------+-------------+-----------+-------+---------+----------| 
     | DHT/data_reg[26] | CK ^        |           |       |   0.000 |   -0.103 | 
     | DHT/data_reg[26] | CK ^ -> Q v | DFEQRM1TP | 0.089 |   0.089 |   -0.014 | 
     | DHT/data_reg[27] | D v         | DFEQRM1TP | 0.000 |   0.089 |   -0.014 | 
     +-------------------------------------------------------------------------+ 
Path 49: MET Hold Check with Pin DHT/data_reg[25]/CK 
Endpoint:   DHT/data_reg[25]/D (v) checked with  leading edge of 'clk'
Beginpoint: DHT/data_reg[24]/Q (v) triggered by  leading edge of 'clk'
Path Groups: {clk}
Analysis View: av_hold
Other End Arrival Time          0.000
+ Hold                         -0.014
+ Phase Shift                   0.000
= Required Time                -0.014
  Arrival Time                  0.089
  Slack Time                    0.103
     Clock Rise Edge                 0.000
     + Clock Network Latency (Ideal) 0.000
     = Beginpoint Arrival Time       0.000
     +-------------------------------------------------------------------------+ 
     |     Instance     |     Arc     |   Cell    | Delay | Arrival | Required | 
     |                  |             |           |       |  Time   |   Time   | 
     |------------------+-------------+-----------+-------+---------+----------| 
     | DHT/data_reg[24] | CK ^        |           |       |   0.000 |   -0.103 | 
     | DHT/data_reg[24] | CK ^ -> Q v | DFEQRM1TP | 0.089 |   0.089 |   -0.014 | 
     | DHT/data_reg[25] | D v         | DFEQRM1TP | 0.000 |   0.089 |   -0.014 | 
     +-------------------------------------------------------------------------+ 
Path 50: MET Hold Check with Pin DHT/data_reg[12]/CK 
Endpoint:   DHT/data_reg[12]/D (v) checked with  leading edge of 'clk'
Beginpoint: DHT/data_reg[11]/Q (v) triggered by  leading edge of 'clk'
Path Groups: {clk}
Analysis View: av_hold
Other End Arrival Time          0.000
+ Hold                         -0.014
+ Phase Shift                   0.000
= Required Time                -0.014
  Arrival Time                  0.089
  Slack Time                    0.103
     Clock Rise Edge                 0.000
     + Clock Network Latency (Ideal) 0.000
     = Beginpoint Arrival Time       0.000
     +-------------------------------------------------------------------------+ 
     |     Instance     |     Arc     |   Cell    | Delay | Arrival | Required | 
     |                  |             |           |       |  Time   |   Time   | 
     |------------------+-------------+-----------+-------+---------+----------| 
     | DHT/data_reg[11] | CK ^        |           |       |   0.000 |   -0.103 | 
     | DHT/data_reg[11] | CK ^ -> Q v | DFEQRM1TP | 0.089 |   0.089 |   -0.014 | 
     | DHT/data_reg[12] | D v         | DFEQRM1TP | 0.000 |   0.089 |   -0.014 | 
     +-------------------------------------------------------------------------+ 

