###############################################################
#  Generated by:      Cadence Innovus 21.19-s058_1
#  OS:                Linux x86_64(Host ID c2s3.gectcr.ac.in)
#  Generated on:      Wed Apr 22 15:01:45 2026
#  Design:            top_dht11_ascon_uart
#  Command:           report_timing -view av_hold -early -max_paths 10 > $REPORT_DIR/timing_post_cts_hold.rpt
###############################################################
Path 1: MET Hold Check with Pin DHT/div_reg[0]/CK 
Endpoint:   DHT/div_reg[0]/D  (v) checked with  leading edge of 'clk'
Beginpoint: DHT/div_reg[0]/QB (v) triggered by  leading edge of 'clk'
Path Groups: {clk}
Analysis View: av_hold
Other End Arrival Time          0.000
+ Hold                          0.017
+ Phase Shift                   0.000
= Required Time                 0.017
  Arrival Time                  0.098
  Slack Time                    0.080
     Clock Rise Edge                 0.000
     + Clock Network Latency (Ideal) 0.000
     = Beginpoint Arrival Time       0.000
     +----------------------------------------------------------------------+ 
     |    Instance    |     Arc      |  Cell   | Delay | Arrival | Required | 
     |                |              |         |       |  Time   |   Time   | 
     |----------------+--------------+---------+-------+---------+----------| 
     | DHT/div_reg[0] | CK ^         |         |       |   0.000 |   -0.080 | 
     | DHT/div_reg[0] | CK ^ -> QB v | DFRM1TP | 0.098 |   0.098 |    0.017 | 
     | DHT/div_reg[0] | D v          | DFRM1TP | 0.000 |   0.098 |    0.017 | 
     +----------------------------------------------------------------------+ 
Path 2: MET Hold Check with Pin ENC/tag_reg[5]/CK 
Endpoint:   ENC/tag_reg[5]/D2 (^) checked with  leading edge of 'clk'
Beginpoint: ENC/tag_reg[5]/Q  (^) triggered by  leading edge of 'clk'
Path Groups: {clk}
Analysis View: av_hold
Other End Arrival Time          0.000
+ Hold                         -0.023
+ Phase Shift                   0.000
= Required Time                -0.023
  Arrival Time                  0.078
  Slack Time                    0.102
     Clock Rise Edge                 0.000
     + Clock Network Latency (Ideal) 0.000
     = Beginpoint Arrival Time       0.000
     +----------------------------------------------------------------------+ 
     |    Instance    |     Arc     |   Cell   | Delay | Arrival | Required | 
     |                |             |          |       |  Time   |   Time   | 
     |----------------+-------------+----------+-------+---------+----------| 
     | ENC/tag_reg[5] | CK ^        |          |       |   0.000 |   -0.102 | 
     | ENC/tag_reg[5] | CK ^ -> Q ^ | DFMQM1TP | 0.078 |   0.078 |   -0.023 | 
     | ENC/tag_reg[5] | D2 ^        | DFMQM1TP | 0.000 |   0.078 |   -0.023 | 
     +----------------------------------------------------------------------+ 
Path 3: MET Hold Check with Pin cipher_reg_reg[41]/CK 
Endpoint:   cipher_reg_reg[41]/D2 (^) checked with  leading edge of 'clk'
Beginpoint: cipher_reg_reg[41]/Q  (^) triggered by  leading edge of 'clk'
Path Groups: {clk}
Analysis View: av_hold
Other End Arrival Time          0.000
+ Hold                         -0.023
+ Phase Shift                   0.000
= Required Time                -0.023
  Arrival Time                  0.078
  Slack Time                    0.102
     Clock Rise Edge                 0.000
     + Clock Network Latency (Ideal) 0.000
     = Beginpoint Arrival Time       0.000
     +--------------------------------------------------------------------------+ 
     |      Instance      |     Arc     |   Cell   | Delay | Arrival | Required | 
     |                    |             |          |       |  Time   |   Time   | 
     |--------------------+-------------+----------+-------+---------+----------| 
     | cipher_reg_reg[41] | CK ^        |          |       |   0.000 |   -0.102 | 
     | cipher_reg_reg[41] | CK ^ -> Q ^ | DFMQM1TP | 0.078 |   0.078 |   -0.023 | 
     | cipher_reg_reg[41] | D2 ^        | DFMQM1TP | 0.000 |   0.078 |   -0.023 | 
     +--------------------------------------------------------------------------+ 
Path 4: MET Hold Check with Pin plaintext_reg_reg[105]/CK 
Endpoint:   plaintext_reg_reg[105]/D2 (^) checked with  leading edge of 'clk'
Beginpoint: plaintext_reg_reg[105]/Q  (^) triggered by  leading edge of 'clk'
Path Groups: {clk}
Analysis View: av_hold
Other End Arrival Time          0.000
+ Hold                         -0.023
+ Phase Shift                   0.000
= Required Time                -0.023
  Arrival Time                  0.079
  Slack Time                    0.102
     Clock Rise Edge                 0.000
     + Clock Network Latency (Ideal) 0.000
     = Beginpoint Arrival Time       0.000
     +------------------------------------------------------------------------------+ 
     |        Instance        |     Arc     |   Cell   | Delay | Arrival | Required | 
     |                        |             |          |       |  Time   |   Time   | 
     |------------------------+-------------+----------+-------+---------+----------| 
     | plaintext_reg_reg[105] | CK ^        |          |       |   0.000 |   -0.102 | 
     | plaintext_reg_reg[105] | CK ^ -> Q ^ | DFMQM1TP | 0.079 |   0.079 |   -0.023 | 
     | plaintext_reg_reg[105] | D2 ^        | DFMQM1TP | 0.000 |   0.079 |   -0.023 | 
     +------------------------------------------------------------------------------+ 
Path 5: MET Hold Check with Pin cipher_reg_reg[120]/CK 
Endpoint:   cipher_reg_reg[120]/D2 (^) checked with  leading edge of 'clk'
Beginpoint: cipher_reg_reg[120]/Q  (^) triggered by  leading edge of 'clk'
Path Groups: {clk}
Analysis View: av_hold
Other End Arrival Time          0.000
+ Hold                         -0.023
+ Phase Shift                   0.000
= Required Time                -0.023
  Arrival Time                  0.079
  Slack Time                    0.102
     Clock Rise Edge                 0.000
     + Clock Network Latency (Ideal) 0.000
     = Beginpoint Arrival Time       0.000
     +---------------------------------------------------------------------------+ 
     |      Instance       |     Arc     |   Cell   | Delay | Arrival | Required | 
     |                     |             |          |       |  Time   |   Time   | 
     |---------------------+-------------+----------+-------+---------+----------| 
     | cipher_reg_reg[120] | CK ^        |          |       |   0.000 |   -0.102 | 
     | cipher_reg_reg[120] | CK ^ -> Q ^ | DFMQM1TP | 0.079 |   0.079 |   -0.023 | 
     | cipher_reg_reg[120] | D2 ^        | DFMQM1TP | 0.000 |   0.079 |   -0.023 | 
     +---------------------------------------------------------------------------+ 
Path 6: MET Hold Check with Pin ENC/tag_reg[37]/CK 
Endpoint:   ENC/tag_reg[37]/D2 (^) checked with  leading edge of 'clk'
Beginpoint: ENC/tag_reg[37]/Q  (^) triggered by  leading edge of 'clk'
Path Groups: {clk}
Analysis View: av_hold
Other End Arrival Time          0.000
+ Hold                         -0.024
+ Phase Shift                   0.000
= Required Time                -0.024
  Arrival Time                  0.079
  Slack Time                    0.102
     Clock Rise Edge                 0.000
     + Clock Network Latency (Ideal) 0.000
     = Beginpoint Arrival Time       0.000
     +-----------------------------------------------------------------------+ 
     |    Instance     |     Arc     |   Cell   | Delay | Arrival | Required | 
     |                 |             |          |       |  Time   |   Time   | 
     |-----------------+-------------+----------+-------+---------+----------| 
     | ENC/tag_reg[37] | CK ^        |          |       |   0.000 |   -0.102 | 
     | ENC/tag_reg[37] | CK ^ -> Q ^ | DFMQM1TP | 0.079 |   0.079 |   -0.024 | 
     | ENC/tag_reg[37] | D2 ^        | DFMQM1TP | 0.000 |   0.079 |   -0.024 | 
     +-----------------------------------------------------------------------+ 
Path 7: MET Hold Check with Pin ENC/tag_reg[22]/CK 
Endpoint:   ENC/tag_reg[22]/D2 (^) checked with  leading edge of 'clk'
Beginpoint: ENC/tag_reg[22]/Q  (^) triggered by  leading edge of 'clk'
Path Groups: {clk}
Analysis View: av_hold
Other End Arrival Time          0.000
+ Hold                         -0.024
+ Phase Shift                   0.000
= Required Time                -0.024
  Arrival Time                  0.079
  Slack Time                    0.103
     Clock Rise Edge                 0.000
     + Clock Network Latency (Ideal) 0.000
     = Beginpoint Arrival Time       0.000
     +-----------------------------------------------------------------------+ 
     |    Instance     |     Arc     |   Cell   | Delay | Arrival | Required | 
     |                 |             |          |       |  Time   |   Time   | 
     |-----------------+-------------+----------+-------+---------+----------| 
     | ENC/tag_reg[22] | CK ^        |          |       |   0.000 |   -0.103 | 
     | ENC/tag_reg[22] | CK ^ -> Q ^ | DFMQM1TP | 0.079 |   0.079 |   -0.024 | 
     | ENC/tag_reg[22] | D2 ^        | DFMQM1TP | 0.000 |   0.079 |   -0.024 | 
     +-----------------------------------------------------------------------+ 
Path 8: MET Hold Check with Pin cipher_reg_reg[30]/CK 
Endpoint:   cipher_reg_reg[30]/D2 (^) checked with  leading edge of 'clk'
Beginpoint: cipher_reg_reg[30]/Q  (^) triggered by  leading edge of 'clk'
Path Groups: {clk}
Analysis View: av_hold
Other End Arrival Time          0.000
+ Hold                         -0.024
+ Phase Shift                   0.000
= Required Time                -0.024
  Arrival Time                  0.079
  Slack Time                    0.103
     Clock Rise Edge                 0.000
     + Clock Network Latency (Ideal) 0.000
     = Beginpoint Arrival Time       0.000
     +--------------------------------------------------------------------------+ 
     |      Instance      |     Arc     |   Cell   | Delay | Arrival | Required | 
     |                    |             |          |       |  Time   |   Time   | 
     |--------------------+-------------+----------+-------+---------+----------| 
     | cipher_reg_reg[30] | CK ^        |          |       |   0.000 |   -0.103 | 
     | cipher_reg_reg[30] | CK ^ -> Q ^ | DFMQM1TP | 0.079 |   0.079 |   -0.024 | 
     | cipher_reg_reg[30] | D2 ^        | DFMQM1TP | 0.000 |   0.079 |   -0.024 | 
     +--------------------------------------------------------------------------+ 
Path 9: MET Hold Check with Pin cipher_reg_reg[29]/CK 
Endpoint:   cipher_reg_reg[29]/D2 (^) checked with  leading edge of 'clk'
Beginpoint: cipher_reg_reg[29]/Q  (^) triggered by  leading edge of 'clk'
Path Groups: {clk}
Analysis View: av_hold
Other End Arrival Time          0.000
+ Hold                         -0.024
+ Phase Shift                   0.000
= Required Time                -0.024
  Arrival Time                  0.079
  Slack Time                    0.103
     Clock Rise Edge                 0.000
     + Clock Network Latency (Ideal) 0.000
     = Beginpoint Arrival Time       0.000
     +--------------------------------------------------------------------------+ 
     |      Instance      |     Arc     |   Cell   | Delay | Arrival | Required | 
     |                    |             |          |       |  Time   |   Time   | 
     |--------------------+-------------+----------+-------+---------+----------| 
     | cipher_reg_reg[29] | CK ^        |          |       |   0.000 |   -0.103 | 
     | cipher_reg_reg[29] | CK ^ -> Q ^ | DFMQM1TP | 0.079 |   0.079 |   -0.024 | 
     | cipher_reg_reg[29] | D2 ^        | DFMQM1TP | 0.000 |   0.079 |   -0.024 | 
     +--------------------------------------------------------------------------+ 
Path 10: MET Hold Check with Pin ENC/tag_reg[85]/CK 
Endpoint:   ENC/tag_reg[85]/D2 (^) checked with  leading edge of 'clk'
Beginpoint: ENC/tag_reg[85]/Q  (^) triggered by  leading edge of 'clk'
Path Groups: {clk}
Analysis View: av_hold
Other End Arrival Time          0.000
+ Hold                         -0.024
+ Phase Shift                   0.000
= Required Time                -0.024
  Arrival Time                  0.079
  Slack Time                    0.103
     Clock Rise Edge                 0.000
     + Clock Network Latency (Ideal) 0.000
     = Beginpoint Arrival Time       0.000
     +-----------------------------------------------------------------------+ 
     |    Instance     |     Arc     |   Cell   | Delay | Arrival | Required | 
     |                 |             |          |       |  Time   |   Time   | 
     |-----------------+-------------+----------+-------+---------+----------| 
     | ENC/tag_reg[85] | CK ^        |          |       |   0.000 |   -0.103 | 
     | ENC/tag_reg[85] | CK ^ -> Q ^ | DFMQM1TP | 0.079 |   0.079 |   -0.024 | 
     | ENC/tag_reg[85] | D2 ^        | DFMQM1TP | 0.000 |   0.079 |   -0.024 | 
     +-----------------------------------------------------------------------+ 

