###############################################################
#  Generated by:      Cadence Innovus 21.19-s058_1
#  OS:                Linux x86_64(Host ID c2s3.gectcr.ac.in)
#  Generated on:      Wed Apr 22 15:03:22 2026
#  Design:            top_dht11_ascon_uart
#  Command:           report_timing > $REPORT_DIR/timing.rpt
###############################################################
Path 1: MET Setup Check with Pin nonce_counter_reg[126]/CK 
Endpoint:   nonce_counter_reg[126]/D (v) checked with  leading edge of 'clk'
Beginpoint: nonce_counter_reg[5]/Q   (^) triggered by  leading edge of 'clk'
Path Groups: {clk}
Analysis View: av_setup
Other End Arrival Time          0.000
- Setup                         0.016
+ Phase Shift                  10.000
= Required Time                 9.984
- Arrival Time                  9.754
= Slack Time                    0.231
     Clock Rise Edge                 0.000
     + Clock Network Latency (Ideal) 0.000
     = Beginpoint Arrival Time       0.000
     +-------------------------------------------------------------------------------+ 
     |        Instance        |     Arc     |   Cell    | Delay | Arrival | Required | 
     |                        |             |           |       |  Time   |   Time   | 
     |------------------------+-------------+-----------+-------+---------+----------| 
     | nonce_counter_reg[5]   | CK ^        |           |       |   0.000 |    0.231 | 
     | nonce_counter_reg[5]   | CK ^ -> Q ^ | DFQRM4TP  | 0.224 |   0.224 |    0.455 | 
     | add_131_40_g1591       | B ^ -> Z ^  | AN2M4TP   | 0.100 |   0.325 |    0.555 | 
     | add_131_40_g1589       | A ^ -> CO ^ | ADHM4TP   | 0.084 |   0.409 |    0.639 | 
     | add_131_40_g1588       | A ^ -> CO ^ | ADHM4TP   | 0.081 |   0.490 |    0.721 | 
     | add_131_40_g1587       | A ^ -> CO ^ | ADHM4TP   | 0.083 |   0.573 |    0.803 | 
     | add_131_40_g1586       | A ^ -> CO ^ | ADHM4TP   | 0.081 |   0.654 |    0.885 | 
     | add_131_40_g1585       | A ^ -> CO ^ | ADHM4TP   | 0.079 |   0.733 |    0.963 | 
     | add_131_40_g1584       | A ^ -> CO ^ | ADHM4TP   | 0.087 |   0.820 |    1.050 | 
     | add_131_40_g1583       | A ^ -> CO ^ | ADHM4TP   | 0.084 |   0.904 |    1.135 | 
     | add_131_40_g1582       | A ^ -> CO ^ | ADHM4TP   | 0.079 |   0.983 |    1.213 | 
     | add_131_40_g1581       | A ^ -> CO ^ | ADHM4TP   | 0.078 |   1.061 |    1.292 | 
     | add_131_40_g1580       | A ^ -> CO ^ | ADHM4TP   | 0.085 |   1.146 |    1.377 | 
     | add_131_40_g1579       | A ^ -> CO ^ | ADHM4TP   | 0.083 |   1.229 |    1.459 | 
     | add_131_40_g1578       | A ^ -> CO ^ | ADHM4TP   | 0.078 |   1.307 |    1.538 | 
     | add_131_40_g1577       | A ^ -> CO ^ | ADHM4TP   | 0.078 |   1.385 |    1.616 | 
     | add_131_40_g1576       | A ^ -> CO ^ | ADHM4TP   | 0.082 |   1.467 |    1.698 | 
     | add_131_40_g1575       | A ^ -> CO ^ | ADHM4TP   | 0.082 |   1.549 |    1.780 | 
     | add_131_40_g1574       | A ^ -> CO ^ | ADHM4TP   | 0.080 |   1.630 |    1.860 | 
     | add_131_40_g1573       | A ^ -> CO ^ | ADHM4TP   | 0.086 |   1.716 |    1.946 | 
     | FE_RC_77_0             | A ^ -> Z v  | ND3M6TP   | 0.045 |   1.760 |    1.991 | 
     | FE_RC_65_0             | B v -> Z ^  | NR2B1M6TP | 0.063 |   1.823 |    2.054 | 
     | add_131_40_g1567       | A ^ -> CO ^ | ADHM4TP   | 0.088 |   1.911 |    2.142 | 
     | add_131_40_g1566       | A ^ -> CO ^ | ADHM4TP   | 0.081 |   1.992 |    2.223 | 
     | add_131_40_g1565       | A ^ -> CO ^ | ADHM4TP   | 0.080 |   2.072 |    2.303 | 
     | add_131_40_g1564       | A ^ -> CO ^ | ADHM4TP   | 0.082 |   2.154 |    2.385 | 
     | add_131_40_g1563       | A ^ -> CO ^ | ADHM4TP   | 0.081 |   2.235 |    2.466 | 
     | add_131_40_g1562       | A ^ -> CO ^ | ADHM4TP   | 0.079 |   2.315 |    2.545 | 
     | add_131_40_g1561       | A ^ -> CO ^ | ADHM4TP   | 0.079 |   2.394 |    2.624 | 
     | add_131_40_g1560       | A ^ -> CO ^ | ADHM4TP   | 0.080 |   2.473 |    2.704 | 
     | add_131_40_g1559       | A ^ -> CO ^ | ADHM4TP   | 0.079 |   2.552 |    2.783 | 
     | add_131_40_g1558       | A ^ -> CO ^ | ADHM4TP   | 0.082 |   2.635 |    2.865 | 
     | add_131_40_g1557       | A ^ -> CO ^ | ADHM4TP   | 0.081 |   2.716 |    2.947 | 
     | add_131_40_g1556       | A ^ -> CO ^ | ADHM4TP   | 0.080 |   2.796 |    3.027 | 
     | add_131_40_g1555       | A ^ -> CO ^ | ADHM4TP   | 0.080 |   2.877 |    3.107 | 
     | add_131_40_g1554       | A ^ -> CO ^ | ADHM4TP   | 0.081 |   2.958 |    3.188 | 
     | add_131_40_g1553       | A ^ -> CO ^ | ADHM4TP   | 0.081 |   3.038 |    3.269 | 
     | add_131_40_g1552       | A ^ -> CO ^ | ADHM4TP   | 0.080 |   3.119 |    3.350 | 
     | add_131_40_g1551       | A ^ -> CO ^ | ADHM4TP   | 0.082 |   3.201 |    3.432 | 
     | add_131_40_g1550       | A ^ -> CO ^ | ADHM4TP   | 0.080 |   3.281 |    3.512 | 
     | add_131_40_g1549       | A ^ -> CO ^ | ADHM4TP   | 0.082 |   3.363 |    3.594 | 
     | add_131_40_g1548       | A ^ -> CO ^ | ADHM4TP   | 0.081 |   3.444 |    3.675 | 
     | add_131_40_g1547       | A ^ -> CO ^ | ADHM4TP   | 0.082 |   3.526 |    3.757 | 
     | add_131_40_g1546       | A ^ -> CO ^ | ADHM4TP   | 0.080 |   3.606 |    3.837 | 
     | add_131_40_g1545       | A ^ -> CO ^ | ADHM4TP   | 0.085 |   3.691 |    3.922 | 
     | add_131_40_g1544       | A ^ -> CO ^ | ADHM4TP   | 0.082 |   3.773 |    4.004 | 
     | add_131_40_g1543       | A ^ -> CO ^ | ADHM4TP   | 0.080 |   3.853 |    4.084 | 
     | add_131_40_g1542       | A ^ -> CO ^ | ADHM4TP   | 0.078 |   3.932 |    4.162 | 
     | add_131_40_g1541       | A ^ -> CO ^ | ADHM4TP   | 0.080 |   4.012 |    4.243 | 
     | add_131_40_g1540       | A ^ -> CO ^ | ADHM4TP   | 0.081 |   4.093 |    4.324 | 
     | add_131_40_g1539       | A ^ -> CO ^ | ADHM4TP   | 0.080 |   4.172 |    4.403 | 
     | add_131_40_g1538       | A ^ -> CO ^ | ADHM4TP   | 0.079 |   4.252 |    4.482 | 
     | add_131_40_g1537       | A ^ -> CO ^ | ADHM4TP   | 0.079 |   4.331 |    4.561 | 
     | add_131_40_g1536       | A ^ -> CO ^ | ADHM4TP   | 0.085 |   4.416 |    4.646 | 
     | FE_RC_34_0             | A ^ -> Z v  | INVM2TP   | 0.045 |   4.460 |    4.691 | 
     | FE_RC_28_0             | B v -> Z ^  | NR2B1M6TP | 0.048 |   4.508 |    4.739 | 
     | add_131_40_g1532       | A ^ -> CO ^ | ADHM8TP   | 0.102 |   4.611 |    4.841 | 
     | add_131_40_g1531       | A ^ -> CO ^ | ADHM4TP   | 0.094 |   4.704 |    4.935 | 
     | add_131_40_g1530       | A ^ -> CO ^ | ADHM4TP   | 0.080 |   4.785 |    5.016 | 
     | add_131_40_g1529       | A ^ -> CO ^ | ADHM4TP   | 0.082 |   4.866 |    5.097 | 
     | add_131_40_g1528       | A ^ -> CO ^ | ADHM4TP   | 0.084 |   4.950 |    5.181 | 
     | add_131_40_g1527       | A ^ -> CO ^ | ADHM4TP   | 0.081 |   5.031 |    5.262 | 
     | add_131_40_g1526       | A ^ -> CO ^ | ADHM4TP   | 0.078 |   5.109 |    5.340 | 
     | add_131_40_g1525       | A ^ -> CO ^ | ADHM4TP   | 0.078 |   5.187 |    5.417 | 
     | add_131_40_g1524       | A ^ -> CO ^ | ADHM4TP   | 0.081 |   5.267 |    5.498 | 
     | add_131_40_g1523       | A ^ -> CO ^ | ADHM4TP   | 0.081 |   5.348 |    5.579 | 
     | add_131_40_g1522       | A ^ -> CO ^ | ADHM4TP   | 0.079 |   5.427 |    5.658 | 
     | add_131_40_g1521       | A ^ -> CO ^ | ADHM4TP   | 0.079 |   5.506 |    5.736 | 
     | add_131_40_g1520       | A ^ -> CO ^ | ADHM4TP   | 0.079 |   5.584 |    5.815 | 
     | add_131_40_g1519       | A ^ -> CO ^ | ADHM4TP   | 0.081 |   5.665 |    5.896 | 
     | add_131_40_g1518       | A ^ -> CO ^ | ADHM4TP   | 0.099 |   5.764 |    5.995 | 
     | FE_RC_9_0              | A ^ -> Z v  | INVM3TP   | 0.038 |   5.802 |    6.033 | 
     | FE_RC_8_0              | B v -> Z ^  | NR2B1M6TP | 0.048 |   5.850 |    6.081 | 
     | add_131_40_g1515       | A ^ -> CO ^ | ADHM4TP   | 0.085 |   5.935 |    6.166 | 
     | add_131_40_g1514       | A ^ -> CO ^ | ADHM4TP   | 0.081 |   6.016 |    6.247 | 
     | add_131_40_g1513       | A ^ -> CO ^ | ADHM4TP   | 0.082 |   6.098 |    6.329 | 
     | add_131_40_g1512       | A ^ -> CO ^ | ADHM4TP   | 0.082 |   6.180 |    6.411 | 
     | add_131_40_g1511       | A ^ -> CO ^ | ADHM4TP   | 0.081 |   6.261 |    6.492 | 
     | add_131_40_g1510       | A ^ -> CO ^ | ADHM4TP   | 0.080 |   6.341 |    6.572 | 
     | add_131_40_g1509       | A ^ -> CO ^ | ADHM4TP   | 0.079 |   6.421 |    6.651 | 
     | add_131_40_g1508       | A ^ -> CO ^ | ADHM4TP   | 0.086 |   6.506 |    6.737 | 
     | add_131_40_g1507       | A ^ -> CO ^ | ADHM4TP   | 0.083 |   6.589 |    6.820 | 
     | add_131_40_g1506       | A ^ -> CO ^ | ADHM4TP   | 0.080 |   6.670 |    6.900 | 
     | add_131_40_g1505       | A ^ -> CO ^ | ADHM4TP   | 0.079 |   6.748 |    6.979 | 
     | add_131_40_g1504       | A ^ -> CO ^ | ADHM4TP   | 0.079 |   6.827 |    7.058 | 
     | add_131_40_g1503       | A ^ -> CO ^ | ADHM4TP   | 0.080 |   6.907 |    7.138 | 
     | add_131_40_g1502       | A ^ -> CO ^ | ADHM4TP   | 0.079 |   6.986 |    7.217 | 
     | add_131_40_g1501       | A ^ -> CO ^ | ADHM4TP   | 0.079 |   7.065 |    7.296 | 
     | add_131_40_g1500       | A ^ -> CO ^ | ADHM4TP   | 0.082 |   7.148 |    7.379 | 
     | add_131_40_g1499       | A ^ -> CO ^ | ADHM4TP   | 0.081 |   7.229 |    7.460 | 
     | add_131_40_g1498       | A ^ -> CO ^ | ADHM4TP   | 0.079 |   7.308 |    7.538 | 
     | add_131_40_g1497       | A ^ -> CO ^ | ADHM4TP   | 0.079 |   7.386 |    7.617 | 
     | add_131_40_g1496       | A ^ -> CO ^ | ADHM4TP   | 0.079 |   7.465 |    7.696 | 
     | add_131_40_g1495       | A ^ -> CO ^ | ADHM4TP   | 0.080 |   7.545 |    7.776 | 
     | add_131_40_g1494       | A ^ -> CO ^ | ADHM4TP   | 0.082 |   7.627 |    7.858 | 
     | add_131_40_g1493       | A ^ -> CO ^ | ADHM4TP   | 0.080 |   7.708 |    7.938 | 
     | add_131_40_g1492       | A ^ -> CO ^ | ADHM4TP   | 0.080 |   7.787 |    8.018 | 
     | add_131_40_g1491       | A ^ -> CO ^ | ADHM4TP   | 0.079 |   7.866 |    8.097 | 
     | add_131_40_g1490       | A ^ -> CO ^ | ADHM4TP   | 0.080 |   7.946 |    8.177 | 
     | add_131_40_g1489       | A ^ -> CO ^ | ADHM4TP   | 0.081 |   8.027 |    8.258 | 
     | add_131_40_g1488       | A ^ -> CO ^ | ADHM4TP   | 0.082 |   8.109 |    8.340 | 
     | add_131_40_g1487       | A ^ -> CO ^ | ADHM4TP   | 0.083 |   8.192 |    8.422 | 
     | add_131_40_g1486       | A ^ -> CO ^ | ADHM4TP   | 0.080 |   8.271 |    8.502 | 
     | add_131_40_g1485       | A ^ -> CO ^ | ADHM4TP   | 0.078 |   8.350 |    8.580 | 
     | add_131_40_g1484       | A ^ -> CO ^ | ADHM4TP   | 0.079 |   8.429 |    8.659 | 
     | add_131_40_g1483       | A ^ -> CO ^ | ADHM4TP   | 0.079 |   8.507 |    8.738 | 
     | add_131_40_g1482       | A ^ -> CO ^ | ADHM4TP   | 0.091 |   8.598 |    8.829 | 
     | FE_RC_49_0             | A ^ -> Z v  | INVM2TP   | 0.038 |   8.636 |    8.867 | 
     | FE_RC_48_0             | B v -> Z ^  | NR2B1M4TP | 0.056 |   8.692 |    8.923 | 
     | add_131_40_g1478       | A ^ -> CO ^ | ADHM4TP   | 0.090 |   8.782 |    9.013 | 
     | add_131_40_g1477       | A ^ -> CO ^ | ADHM4TP   | 0.080 |   8.863 |    9.093 | 
     | add_131_40_g1476       | A ^ -> CO ^ | ADHM4TP   | 0.084 |   8.947 |    9.177 | 
     | add_131_40_g1475       | A ^ -> CO ^ | ADHM4TP   | 0.081 |   9.028 |    9.258 | 
     | add_131_40_g1474       | A ^ -> CO ^ | ADHM4TP   | 0.076 |   9.104 |    9.334 | 
     | add_131_40_g1473       | A ^ -> CO ^ | ADHM2TP   | 0.099 |   9.202 |    9.433 | 
     | add_131_40_g1472       | A ^ -> CO ^ | ADHM4TP   | 0.083 |   9.285 |    9.516 | 
     | add_131_40_g1471       | A ^ -> CO ^ | ADHM2TP   | 0.101 |   9.386 |    9.617 | 
     | add_131_40_g1470       | A ^ -> CO ^ | ADHM4TP   | 0.090 |   9.476 |    9.707 | 
     | add_131_40_g1469       | A ^ -> Z v  | ND2M3TP   | 0.047 |   9.523 |    9.754 | 
     | FE_RC_6_0              | B v -> Z ^  | OAI21M1TP | 0.067 |   9.590 |    9.821 | 
     | FE_OFC248_RN_1_0       | A ^ -> Z v  | INVM1TP   | 0.047 |   9.637 |    9.868 | 
     | FE_RC_5_0              | B1 v -> Z v | AO22M2TP  | 0.116 |   9.754 |    9.984 | 
     | nonce_counter_reg[126] | D v         | DFQRM1TP  | 0.000 |   9.754 |    9.984 | 
     +-------------------------------------------------------------------------------+ 

